Archive member included to satisfy reference by file (symbol)

/home/lhaug/Applications/gcc-arm-none-eabi-7-2018-q2-update/bin/../lib/gcc/arm-none-eabi/7.3.1/../../../../arm-none-eabi/lib/thumb/v6-m/libc_nano.a(lib_a-exit.o)
                              /home/lhaug/Applications/gcc-arm-none-eabi-7-2018-q2-update/bin/../lib/gcc/arm-none-eabi/7.3.1/../../../../arm-none-eabi/lib/thumb/v6-m/crt0.o (exit)
/home/lhaug/Applications/gcc-arm-none-eabi-7-2018-q2-update/bin/../lib/gcc/arm-none-eabi/7.3.1/../../../../arm-none-eabi/lib/thumb/v6-m/libc_nano.a(lib_a-impure.o)
                              /home/lhaug/Applications/gcc-arm-none-eabi-7-2018-q2-update/bin/../lib/gcc/arm-none-eabi/7.3.1/../../../../arm-none-eabi/lib/thumb/v6-m/libc_nano.a(lib_a-exit.o) (_global_impure_ptr)
/home/lhaug/Applications/gcc-arm-none-eabi-7-2018-q2-update/bin/../lib/gcc/arm-none-eabi/7.3.1/../../../../arm-none-eabi/lib/thumb/v6-m/libc_nano.a(lib_a-init.o)
                              /home/lhaug/Applications/gcc-arm-none-eabi-7-2018-q2-update/bin/../lib/gcc/arm-none-eabi/7.3.1/../../../../arm-none-eabi/lib/thumb/v6-m/crt0.o (__libc_init_array)
/home/lhaug/Applications/gcc-arm-none-eabi-7-2018-q2-update/bin/../lib/gcc/arm-none-eabi/7.3.1/../../../../arm-none-eabi/lib/thumb/v6-m/libc_nano.a(lib_a-memset.o)
                              /home/lhaug/Applications/gcc-arm-none-eabi-7-2018-q2-update/bin/../lib/gcc/arm-none-eabi/7.3.1/../../../../arm-none-eabi/lib/thumb/v6-m/crt0.o (memset)
/home/lhaug/Applications/gcc-arm-none-eabi-7-2018-q2-update/bin/../lib/gcc/arm-none-eabi/7.3.1/../../../../arm-none-eabi/lib/thumb/v6-m/libnosys.a(_exit.o)
                              /home/lhaug/Applications/gcc-arm-none-eabi-7-2018-q2-update/bin/../lib/gcc/arm-none-eabi/7.3.1/../../../../arm-none-eabi/lib/thumb/v6-m/libc_nano.a(lib_a-exit.o) (_exit)
/home/lhaug/Applications/gcc-arm-none-eabi-7-2018-q2-update/bin/../lib/gcc/arm-none-eabi/7.3.1/thumb/v6-m/libgcc.a(_udivsi3.o)
                              build/mcu.o (__aeabi_uidiv)
/home/lhaug/Applications/gcc-arm-none-eabi-7-2018-q2-update/bin/../lib/gcc/arm-none-eabi/7.3.1/thumb/v6-m/libgcc.a(_divsi3.o)
                              build/control.o (__aeabi_idivmod)
/home/lhaug/Applications/gcc-arm-none-eabi-7-2018-q2-update/bin/../lib/gcc/arm-none-eabi/7.3.1/thumb/v6-m/libgcc.a(_dvmd_tls.o)
                              /home/lhaug/Applications/gcc-arm-none-eabi-7-2018-q2-update/bin/../lib/gcc/arm-none-eabi/7.3.1/thumb/v6-m/libgcc.a(_udivsi3.o) (__aeabi_idiv0)
/home/lhaug/Applications/gcc-arm-none-eabi-7-2018-q2-update/bin/../lib/gcc/arm-none-eabi/7.3.1/thumb/v6-m/libgcc.a(_arm_cmpsf2.o)
                              build/control.o (__aeabi_fcmplt)
/home/lhaug/Applications/gcc-arm-none-eabi-7-2018-q2-update/bin/../lib/gcc/arm-none-eabi/7.3.1/thumb/v6-m/libgcc.a(_fixunssfsi.o)
                              build/control.o (__aeabi_f2uiz)
/home/lhaug/Applications/gcc-arm-none-eabi-7-2018-q2-update/bin/../lib/gcc/arm-none-eabi/7.3.1/thumb/v6-m/libgcc.a(addsf3.o)
                              build/control.o (__aeabi_fadd)
/home/lhaug/Applications/gcc-arm-none-eabi-7-2018-q2-update/bin/../lib/gcc/arm-none-eabi/7.3.1/thumb/v6-m/libgcc.a(divsf3.o)
                              build/control.o (__aeabi_fdiv)
/home/lhaug/Applications/gcc-arm-none-eabi-7-2018-q2-update/bin/../lib/gcc/arm-none-eabi/7.3.1/thumb/v6-m/libgcc.a(eqsf2.o)
                              /home/lhaug/Applications/gcc-arm-none-eabi-7-2018-q2-update/bin/../lib/gcc/arm-none-eabi/7.3.1/thumb/v6-m/libgcc.a(_arm_cmpsf2.o) (__eqsf2)
/home/lhaug/Applications/gcc-arm-none-eabi-7-2018-q2-update/bin/../lib/gcc/arm-none-eabi/7.3.1/thumb/v6-m/libgcc.a(gesf2.o)
                              /home/lhaug/Applications/gcc-arm-none-eabi-7-2018-q2-update/bin/../lib/gcc/arm-none-eabi/7.3.1/thumb/v6-m/libgcc.a(_arm_cmpsf2.o) (__gesf2)
/home/lhaug/Applications/gcc-arm-none-eabi-7-2018-q2-update/bin/../lib/gcc/arm-none-eabi/7.3.1/thumb/v6-m/libgcc.a(lesf2.o)
                              /home/lhaug/Applications/gcc-arm-none-eabi-7-2018-q2-update/bin/../lib/gcc/arm-none-eabi/7.3.1/thumb/v6-m/libgcc.a(_arm_cmpsf2.o) (__lesf2)
/home/lhaug/Applications/gcc-arm-none-eabi-7-2018-q2-update/bin/../lib/gcc/arm-none-eabi/7.3.1/thumb/v6-m/libgcc.a(mulsf3.o)
                              build/control.o (__aeabi_fmul)
/home/lhaug/Applications/gcc-arm-none-eabi-7-2018-q2-update/bin/../lib/gcc/arm-none-eabi/7.3.1/thumb/v6-m/libgcc.a(subsf3.o)
                              build/control.o (__aeabi_fsub)
/home/lhaug/Applications/gcc-arm-none-eabi-7-2018-q2-update/bin/../lib/gcc/arm-none-eabi/7.3.1/thumb/v6-m/libgcc.a(fixsfsi.o)
                              /home/lhaug/Applications/gcc-arm-none-eabi-7-2018-q2-update/bin/../lib/gcc/arm-none-eabi/7.3.1/thumb/v6-m/libgcc.a(_fixunssfsi.o) (__aeabi_f2iz)
/home/lhaug/Applications/gcc-arm-none-eabi-7-2018-q2-update/bin/../lib/gcc/arm-none-eabi/7.3.1/thumb/v6-m/libgcc.a(floatunsisf.o)
[...]
Memory Configuration

Name             Origin             Length             Attributes
RAM              0x0000000020000000 0x0000000000004000 xrw
FLASH            0x0000000008000000 0x0000000000020000 xr
*default*        0x0000000000000000 0xffffffffffffffff

Linker script and memory map

LOAD /home/lhaug/Applications/gcc-arm-none-eabi-7-2018-q2-update/bin/../lib/gcc/arm-none-eabi/7.3.1/thumb/v6-m/crti.o
LOAD /home/lhaug/Applications/gcc-arm-none-eabi-7-2018-q2-update/bin/../lib/gcc/arm-none-eabi/7.3.1/thumb/v6-m/crtbegin.o
LOAD /home/lhaug/Applications/gcc-arm-none-eabi-7-2018-q2-update/bin/../lib/gcc/arm-none-eabi/7.3.1/../../../../arm-none-eabi/lib/thumb/v6-m/crt0.o
LOAD build/sensors.o
LOAD build/screen.o
LOAD build/leds.o
LOAD build/main.o
LOAD build/mcu.o
LOAD build/fans.o
LOAD build/power_resistors.o
LOAD build/control.o
LOAD build/tim.o
LOAD build/stm32f0xx_hal_msp.o
LOAD build/gpio.o
LOAD build/stm32f0xx_it.o
LOAD build/dma.o
LOAD build/system_stm32f0xx.o
LOAD build/adc.o
LOAD build/stm32f0xx_hal_rcc_ex.o
LOAD build/stm32f0xx_hal.o
LOAD build/stm32f0xx_hal_tim.o
LOAD build/stm32f0xx_hal_adc.o
LOAD build/stm32f0xx_hal_gpio.o
LOAD build/stm32f0xx_hal_cortex.o
LOAD build/stm32f0xx_hal_tim_ex.o
LOAD build/stm32f0xx_hal_adc_ex.o
LOAD build/stm32f0xx_hal_dma.o
LOAD build/stm32f0xx_hal_flash_ex.o
LOAD build/stm32f0xx_hal_pwr.o
LOAD build/stm32f0xx_hal_i2c.o
LOAD build/stm32f0xx_hal_rcc.o
LOAD build/stm32f0xx_hal_flash.o
LOAD build/stm32f0xx_hal_pwr_ex.o
LOAD build/stm32f0xx_hal_i2c_ex.o
LOAD build/startup_stm32f072xb.o
LOAD /home/lhaug/Applications/gcc-arm-none-eabi-7-2018-q2-update/bin/../lib/gcc/arm-none-eabi/7.3.1/../../../../arm-none-eabi/lib/thumb/v6-m/libc_nano.a
LOAD /home/lhaug/Applications/gcc-arm-none-eabi-7-2018-q2-update/bin/../lib/gcc/arm-none-eabi/7.3.1/../../../../arm-none-eabi/lib/thumb/v6-m/libm.a
LOAD /home/lhaug/Applications/gcc-arm-none-eabi-7-2018-q2-update/bin/../lib/gcc/arm-none-eabi/7.3.1/../../../../arm-none-eabi/lib/thumb/v6-m/libnosys.a
START GROUP
LOAD /home/lhaug/Applications/gcc-arm-none-eabi-7-2018-q2-update/bin/../lib/gcc/arm-none-eabi/7.3.1/thumb/v6-m/libgcc.a
LOAD /home/lhaug/Applications/gcc-arm-none-eabi-7-2018-q2-update/bin/../lib/gcc/arm-none-eabi/7.3.1/../../../../arm-none-eabi/lib/thumb/v6-m/libc_nano.a
END GROUP
START GROUP
LOAD /home/lhaug/Applications/gcc-arm-none-eabi-7-2018-q2-update/bin/../lib/gcc/arm-none-eabi/7.3.1/thumb/v6-m/libgcc.a
LOAD /home/lhaug/Applications/gcc-arm-none-eabi-7-2018-q2-update/bin/../lib/gcc/arm-none-eabi/7.3.1/../../../../arm-none-eabi/lib/thumb/v6-m/libc_nano.a
END GROUP
LOAD /home/lhaug/Applications/gcc-arm-none-eabi-7-2018-q2-update/bin/../lib/gcc/arm-none-eabi/7.3.1/thumb/v6-m/crtend.o
LOAD /home/lhaug/Applications/gcc-arm-none-eabi-7-2018-q2-update/bin/../lib/gcc/arm-none-eabi/7.3.1/thumb/v6-m/crtn.o
                0x0000000020004000                _estack = 0x20004000
                0x0000000000000200                _Min_Heap_Size = 0x200
                0x0000000000000400                _Min_Stack_Size = 0x400

.isr_vector     0x0000000008000000       0xc0
                0x0000000008000000                . = ALIGN (0x4)
 *(.isr_vector)
 .isr_vector    0x0000000008000000       0xc0 build/startup_stm32f072xb.o
                0x0000000008000000                g_pfnVectors
                0x00000000080000c0                . = ALIGN (0x4)

.text           0x00000000080000c0     0x1f78
                0x00000000080000c0                . = ALIGN (0x4)
 *(.text)
 .text          0x00000000080000c0       0x48 /home/lhaug/Applications/gcc-arm-none-eabi-7-2018-q2-update/bin/../lib/gcc/arm-none-eabi/7.3.1/thumb/v6-m/crtbegin.o
 .text          0x0000000008000108      0x114 /home/lhaug/Applications/gcc-arm-none-eabi-7-2018-q2-update/bin/../lib/gcc/arm-none-eabi/7.3.1/thumb/v6-m/libgcc.a(_udivsi3.o)
                0x0000000008000108                __udivsi3
                0x0000000008000108                __aeabi_uidiv
                0x0000000008000214                __aeabi_uidivmod
 .text          0x000000000800021c        0x4 /home/lhaug/Applications/gcc-arm-none-eabi-7-2018-q2-update/bin/../lib/gcc/arm-none-eabi/7.3.1/thumb/v6-m/libgcc.a(_dvmd_tls.o)
                0x000000000800021c                __aeabi_ldiv0
                0x000000000800021c                __aeabi_idiv0
 *(.text*)
 .text.sensors_init
                0x0000000008000220       0x20 build/sensors.o
                0x0000000008000220                sensors_init
 .text.HAL_ADC_ConvCpltCallback
                0x0000000008000240       0x80 build/sensors.o
                0x0000000008000240                HAL_ADC_ConvCpltCallback
 .text.leds_state
                0x00000000080002c0       0x38 build/leds.o
                0x00000000080002c0                leds_state
 .text.main     0x00000000080002f8       0x18 build/main.o
                0x00000000080002f8                main
 .text.mcu_sleep
                0x0000000008000310        0x8 build/mcu.o
                0x0000000008000310                mcu_sleep
 .text._Error_Handler
                0x0000000008000318        0x2 build/mcu.o
                0x0000000008000318                _Error_Handler
 *fill*         0x000000000800031a        0x2 
 .text.SystemClock_Config
                0x000000000800031c       0x70 build/mcu.o
 .text.mcu_init
                0x000000000800038c       0x18 build/mcu.o
                0x000000000800038c                mcu_init
 .text.fans_init
                0x00000000080003a4       0x3c build/fans.o
                0x00000000080003a4                fans_init
 .text.set_fan  0x00000000080003e0       0x20 build/fans.o
                0x00000000080003e0                set_fan
 .text.HAL_GPIO_EXTI_Callback
                0x0000000008000400       0x5c build/fans.o
                0x0000000008000400                HAL_GPIO_EXTI_Callback
 .text.HAL_TIM_PWM_MspInit
                0x000000000800045c       0x2c build/tim.o
                0x000000000800045c                HAL_TIM_PWM_MspInit
 .text.HAL_TIM_MspPostInit
                0x0000000008000488       0x4c build/tim.o
                0x0000000008000488                HAL_TIM_MspPostInit
 .text.MX_TIM1_Init
                0x00000000080004d4       0xd4 build/tim.o
                0x00000000080004d4                MX_TIM1_Init
 .text.HAL_MspInit
                0x00000000080005a8       0x54 build/stm32f0xx_hal_msp.o
                0x00000000080005a8                HAL_MspInit
 .text.MX_GPIO_Init
                0x00000000080005fc       0xd4 build/gpio.o
                0x00000000080005fc                MX_GPIO_Init
 .text.NMI_Handler
                0x00000000080006d0        0x2 build/stm32f0xx_it.o
                0x00000000080006d0                NMI_Handler
 .text.HardFault_Handler
                0x00000000080006d2        0x2 build/stm32f0xx_it.o
                0x00000000080006d2                HardFault_Handler
 .text.SVC_Handler
                0x00000000080006d4        0x2 build/stm32f0xx_it.o
                0x00000000080006d4                SVC_Handler
 .text.PendSV_Handler
                0x00000000080006d6        0x2 build/stm32f0xx_it.o
                0x00000000080006d6                PendSV_Handler
 .text.SysTick_Handler
                0x00000000080006d8        0xc build/stm32f0xx_it.o
                0x00000000080006d8                SysTick_Handler
 .text.EXTI4_15_IRQHandler
                0x00000000080006e4        0xc build/stm32f0xx_it.o
                0x00000000080006e4                EXTI4_15_IRQHandler
 .text.DMA1_Channel1_IRQHandler
                0x00000000080006f0       0x10 build/stm32f0xx_it.o
                0x00000000080006f0                DMA1_Channel1_IRQHandler
 .text.ADC1_COMP_IRQHandler
                0x0000000008000700       0x10 build/stm32f0xx_it.o
                0x0000000008000700                ADC1_COMP_IRQHandler
 .text.MX_DMA_Init
                0x0000000008000710       0x30 build/dma.o
                0x0000000008000710                MX_DMA_Init
 .text.SystemInit
                0x0000000008000740       0x60 build/system_stm32f0xx.o
                0x0000000008000740                SystemInit
 .text.MX_ADC_Init
                0x00000000080007a0       0x94 build/adc.o
                0x00000000080007a0                MX_ADC_Init
 .text.HAL_ADC_MspInit
                0x0000000008000834       0x98 build/adc.o
                0x0000000008000834                HAL_ADC_MspInit
 .text.HAL_InitTick
                0x00000000080008cc       0x24 build/stm32f0xx_hal.o
                0x00000000080008cc                HAL_InitTick
 .text.HAL_Init
                0x00000000080008f0       0x20 build/stm32f0xx_hal.o
                0x00000000080008f0                HAL_Init
 .text.HAL_IncTick
                0x0000000008000910       0x10 build/stm32f0xx_hal.o
                0x0000000008000910                HAL_IncTick
 .text.HAL_GetTick
                0x0000000008000920        0xc build/stm32f0xx_hal.o
                0x0000000008000920                HAL_GetTick
 .text.HAL_Delay
                0x000000000800092c       0x22 build/stm32f0xx_hal.o
                0x000000000800092c                HAL_Delay
 *fill*         0x000000000800094e        0x2 
 .text.TIM_OC1_SetConfig
                0x0000000008000950       0x88 build/stm32f0xx_hal_tim.o
 .text.TIM_OC3_SetConfig
                0x00000000080009d8       0x90 build/stm32f0xx_hal_tim.o
 .text.TIM_OC4_SetConfig
                0x0000000008000a68       0x74 build/stm32f0xx_hal_tim.o
 .text.TIM_Base_SetConfig
                0x0000000008000adc       0xa4 build/stm32f0xx_hal_tim.o
                0x0000000008000adc                TIM_Base_SetConfig
 .text.HAL_TIM_PWM_Init
                0x0000000008000b80       0x34 build/stm32f0xx_hal_tim.o
                0x0000000008000b80                HAL_TIM_PWM_Init
 .text.TIM_OC2_SetConfig
                0x0000000008000bb4       0x88 build/stm32f0xx_hal_tim.o
                0x0000000008000bb4                TIM_OC2_SetConfig
 .text.HAL_TIM_PWM_ConfigChannel
                0x0000000008000c3c       0xec build/stm32f0xx_hal_tim.o
                0x0000000008000c3c                HAL_TIM_PWM_ConfigChannel
 .text.TIM_CCxChannelCmd
                0x0000000008000d28       0x16 build/stm32f0xx_hal_tim.o
                0x0000000008000d28                TIM_CCxChannelCmd
 *fill*         0x0000000008000d3e        0x2 
 .text.HAL_TIM_PWM_Start
                0x0000000008000d40       0x50 build/stm32f0xx_hal_tim.o
                0x0000000008000d40                HAL_TIM_PWM_Start
 .text.ADC_Enable
                0x0000000008000d90       0xa8 build/stm32f0xx_hal_adc.o
 .text.HAL_ADC_Init
                0x0000000008000e38      0x17c build/stm32f0xx_hal_adc.o
                0x0000000008000e38                HAL_ADC_Init
 .text.HAL_ADC_Start_DMA
                0x0000000008000fb4       0xa8 build/stm32f0xx_hal_adc.o
                0x0000000008000fb4                HAL_ADC_Start_DMA
 .text.ADC_DMAConvCplt
                0x000000000800105c       0x70 build/stm32f0xx_hal_adc.o
 .text.HAL_ADC_ConvHalfCpltCallback
                0x00000000080010cc        0x2 build/stm32f0xx_hal_adc.o
                0x00000000080010cc                HAL_ADC_ConvHalfCpltCallback
 .text.ADC_DMAHalfConvCplt
                0x00000000080010ce        0xa build/stm32f0xx_hal_adc.o
 .text.HAL_ADC_LevelOutOfWindowCallback
                0x00000000080010d8        0x2 build/stm32f0xx_hal_adc.o
                0x00000000080010d8                HAL_ADC_LevelOutOfWindowCallback
 .text.HAL_ADC_ErrorCallback
                0x00000000080010da        0x2 build/stm32f0xx_hal_adc.o
                0x00000000080010da                HAL_ADC_ErrorCallback
 .text.ADC_DMAError
                0x00000000080010dc       0x1a build/stm32f0xx_hal_adc.o
 *fill*         0x00000000080010f6        0x2 
 .text.HAL_ADC_IRQHandler
                0x00000000080010f8       0xdc build/stm32f0xx_hal_adc.o
                0x00000000080010f8                HAL_ADC_IRQHandler
 .text.HAL_ADC_ConfigChannel
                0x00000000080011d4      0x14c build/stm32f0xx_hal_adc.o
                0x00000000080011d4                HAL_ADC_ConfigChannel
 .text.HAL_GPIO_Init
                0x0000000008001320      0x198 build/stm32f0xx_hal_gpio.o
                0x0000000008001320                HAL_GPIO_Init
 .text.HAL_GPIO_WritePin
                0x00000000080014b8        0xc build/stm32f0xx_hal_gpio.o
                0x00000000080014b8                HAL_GPIO_WritePin
 .text.HAL_GPIO_TogglePin
                0x00000000080014c4        0x8 build/stm32f0xx_hal_gpio.o
                0x00000000080014c4                HAL_GPIO_TogglePin
 .text.HAL_GPIO_EXTI_IRQHandler
                0x00000000080014cc       0x1c build/stm32f0xx_hal_gpio.o
                0x00000000080014cc                HAL_GPIO_EXTI_IRQHandler
 .text.HAL_NVIC_SetPriority
                0x00000000080014e8       0x60 build/stm32f0xx_hal_cortex.o
                0x00000000080014e8                HAL_NVIC_SetPriority
 .text.HAL_NVIC_EnableIRQ
                0x0000000008001548       0x14 build/stm32f0xx_hal_cortex.o
                0x0000000008001548                HAL_NVIC_EnableIRQ
 .text.HAL_SYSTICK_Config
                0x000000000800155c       0x38 build/stm32f0xx_hal_cortex.o
                0x000000000800155c                HAL_SYSTICK_Config
 .text.HAL_SYSTICK_CLKSourceConfig
                0x0000000008001594       0x20 build/stm32f0xx_hal_cortex.o
                0x0000000008001594                HAL_SYSTICK_CLKSourceConfig
 .text.HAL_SYSTICK_Callback
                0x00000000080015b4        0x2 build/stm32f0xx_hal_cortex.o
                0x00000000080015b4                HAL_SYSTICK_Callback
 .text.HAL_SYSTICK_IRQHandler
                0x00000000080015b6        0x8 build/stm32f0xx_hal_cortex.o
                0x00000000080015b6                HAL_SYSTICK_IRQHandler
 .text.HAL_TIMEx_MasterConfigSynchronization
                0x00000000080015be       0x4c build/stm32f0xx_hal_tim_ex.o
                0x00000000080015be                HAL_TIMEx_MasterConfigSynchronization
 *fill*         0x000000000800160a        0x2 
 .text.HAL_TIMEx_ConfigBreakDeadTime
                0x000000000800160c       0x7c build/stm32f0xx_hal_tim_ex.o
                0x000000000800160c                HAL_TIMEx_ConfigBreakDeadTime
 .text.DMA_SetConfig
                0x0000000008001688       0x2a build/stm32f0xx_hal_dma.o
 *fill*         0x00000000080016b2        0x2 
 .text.DMA_CalcBaseAndBitshift
                0x00000000080016b4       0x28 build/stm32f0xx_hal_dma.o
 .text.HAL_DMA_Init
                0x00000000080016dc       0x58 build/stm32f0xx_hal_dma.o
                0x00000000080016dc                HAL_DMA_Init
 .text.HAL_DMA_Start_IT
                0x0000000008001734       0x76 build/stm32f0xx_hal_dma.o
                0x0000000008001734                HAL_DMA_Start_IT
 .text.HAL_DMA_IRQHandler
                0x00000000080017aa       0xaa build/stm32f0xx_hal_dma.o
                0x00000000080017aa                HAL_DMA_IRQHandler
 .text.HAL_RCC_OscConfig
                0x0000000008001854      0x4fc build/stm32f0xx_hal_rcc.o
                0x0000000008001854                HAL_RCC_OscConfig
 .text.HAL_RCC_GetSysClockFreq
                0x0000000008001d50       0x94 build/stm32f0xx_hal_rcc.o
                0x0000000008001d50                HAL_RCC_GetSysClockFreq
 .text.HAL_RCC_ClockConfig
                0x0000000008001de4      0x184 build/stm32f0xx_hal_rcc.o
                0x0000000008001de4                HAL_RCC_ClockConfig
 .text.HAL_RCC_GetHCLKFreq
                0x0000000008001f68        0xc build/stm32f0xx_hal_rcc.o
                0x0000000008001f68                HAL_RCC_GetHCLKFreq
 .text.Reset_Handler
                0x0000000008001f74       0x50 build/startup_stm32f072xb.o
                0x0000000008001f74                Reset_Handler
 .text.Default_Handler
                0x0000000008001fc4        0x2 build/startup_stm32f072xb.o
                0x0000000008001fc4                TIM1_CC_IRQHandler
                0x0000000008001fc4                TSC_IRQHandler
                0x0000000008001fc4                I2C1_IRQHandler
                0x0000000008001fc4                RCC_CRS_IRQHandler
                0x0000000008001fc4                SPI1_IRQHandler
                0x0000000008001fc4                TIM6_DAC_IRQHandler
                0x0000000008001fc4                USART3_4_IRQHandler
                0x0000000008001fc4                EXTI2_3_IRQHandler
                0x0000000008001fc4                I2C2_IRQHandler
                0x0000000008001fc4                TIM17_IRQHandler
                0x0000000008001fc4                CEC_CAN_IRQHandler
                0x0000000008001fc4                RTC_IRQHandler
                0x0000000008001fc4                PVD_VDDIO2_IRQHandler
                0x0000000008001fc4                DMA1_Channel4_5_6_7_IRQHandler
                0x0000000008001fc4                TIM16_IRQHandler
                0x0000000008001fc4                TIM3_IRQHandler
                0x0000000008001fc4                Default_Handler
                0x0000000008001fc4                TIM14_IRQHandler
                0x0000000008001fc4                TIM7_IRQHandler
                0x0000000008001fc4                TIM15_IRQHandler
                0x0000000008001fc4                EXTI0_1_IRQHandler
                0x0000000008001fc4                USB_IRQHandler
                0x0000000008001fc4                SPI2_IRQHandler
                0x0000000008001fc4                WWDG_IRQHandler
                0x0000000008001fc4                TIM2_IRQHandler
                0x0000000008001fc4                DMA1_Channel2_3_IRQHandler
                0x0000000008001fc4                USART2_IRQHandler
                0x0000000008001fc4                FLASH_IRQHandler
                0x0000000008001fc4                USART1_IRQHandler
                0x0000000008001fc4                TIM1_BRK_UP_TRG_COM_IRQHandler
 *fill*         0x0000000008001fc6        0x2 
 .text.__libc_init_array
                0x0000000008001fc8       0x48 /home/lhaug/Applications/gcc-arm-none-eabi-7-2018-q2-update/bin/../lib/gcc/arm-none-eabi/7.3.1/../../../../arm-none-eabi/lib/thumb/v6-m/libc_nano.a(lib_a-init.o)
                0x0000000008001fc8                __libc_init_array
 .text.memset   0x0000000008002010       0x10 /home/lhaug/Applications/gcc-arm-none-eabi-7-2018-q2-update/bin/../lib/gcc/arm-none-eabi/7.3.1/../../../../arm-none-eabi/lib/thumb/v6-m/libc_nano.a(lib_a-memset.o)
                0x0000000008002010                memset
 *(.glue_7)
 .glue_7        0x0000000008002020        0x0 linker stubs
 *(.glue_7t)
 .glue_7t       0x0000000008002020        0x0 linker stubs
 *(.eh_frame)
 .eh_frame      0x0000000008002020        0x0 /home/lhaug/Applications/gcc-arm-none-eabi-7-2018-q2-update/bin/../lib/gcc/arm-none-eabi/7.3.1/thumb/v6-m/crtbegin.o
 *(.init)
 .init          0x0000000008002020        0x4 /home/lhaug/Applications/gcc-arm-none-eabi-7-2018-q2-update/bin/../lib/gcc/arm-none-eabi/7.3.1/thumb/v6-m/crti.o
                0x0000000008002020                _init
 .init          0x0000000008002024        0x8 /home/lhaug/Applications/gcc-arm-none-eabi-7-2018-q2-update/bin/../lib/gcc/arm-none-eabi/7.3.1/thumb/v6-m/crtn.o
 *(.fini)
 .fini          0x000000000800202c        0x4 /home/lhaug/Applications/gcc-arm-none-eabi-7-2018-q2-update/bin/../lib/gcc/arm-none-eabi/7.3.1/thumb/v6-m/crti.o
                0x000000000800202c                _fini
 .fini          0x0000000008002030        0x8 /home/lhaug/Applications/gcc-arm-none-eabi-7-2018-q2-update/bin/../lib/gcc/arm-none-eabi/7.3.1/thumb/v6-m/crtn.o
                0x0000000008002038                . = ALIGN (0x4)
                0x0000000008002038                _etext = .

.vfp11_veneer   0x0000000008002038        0x0
 .vfp11_veneer  0x0000000008002038        0x0 linker stubs

.v4_bx          0x0000000008002038        0x0
 .v4_bx         0x0000000008002038        0x0 linker stubs

.iplt           0x0000000008002038        0x0
 .iplt          0x0000000008002038        0x0 /home/lhaug/Applications/gcc-arm-none-eabi-7-2018-q2-update/bin/../lib/gcc/arm-none-eabi/7.3.1/thumb/v6-m/crtbegin.o

.rodata         0x0000000008002038       0x5c
                0x0000000008002038                . = ALIGN (0x4)
 *(.rodata)
 .rodata        0x0000000008002038       0x20 build/stm32f0xx_hal_rcc.o
 *(.rodata*)
 .rodata.SystemClock_Config.str1.4
                0x0000000008002058        0xa build/mcu.o
 *fill*         0x0000000008002062        0x2 
 .rodata.MX_TIM1_Init.str1.4
                0x0000000008002064        0xf build/tim.o
 *fill*         0x0000000008002073        0x1 
 .rodata.AHBPrescTable
                0x0000000008002074       0x10 build/system_stm32f0xx.o
                0x0000000008002074                AHBPrescTable
 .rodata.MX_ADC_Init.str1.4
                0x0000000008002084       0x10 build/adc.o
                                          0xf (size before relaxing)
                0x0000000008002094                . = ALIGN (0x4)

.rel.dyn        0x0000000008002094        0x0
 .rel.iplt      0x0000000008002094        0x0 /home/lhaug/Applications/gcc-arm-none-eabi-7-2018-q2-update/bin/../lib/gcc/arm-none-eabi/7.3.1/thumb/v6-m/crtbegin.o

.ARM.extab
 *(.ARM.extab* .gnu.linkonce.armextab.*)

.ARM            0x0000000008002094        0x0
                0x0000000008002094                __exidx_start = .
 *(.ARM.exidx*)
                0x0000000008002094                __exidx_end = .

.preinit_array  0x0000000008002094        0x0
                0x0000000008002094                PROVIDE (__preinit_array_start = .)
 *(.preinit_array*)
                0x0000000008002094                PROVIDE (__preinit_array_end = .)

.init_array     0x0000000008002094        0x4
                0x0000000008002094                PROVIDE (__init_array_start = .)
 *(SORT_BY_NAME(.init_array.*))
 *(.init_array*)
 .init_array    0x0000000008002094        0x4 /home/lhaug/Applications/gcc-arm-none-eabi-7-2018-q2-update/bin/../lib/gcc/arm-none-eabi/7.3.1/thumb/v6-m/crtbegin.o
                0x0000000008002098                PROVIDE (__init_array_end = .)

.fini_array     0x0000000008002098        0x4
                [!provide]                        PROVIDE (__fini_array_start = .)
 *(SORT_BY_NAME(.fini_array.*))
 *(.fini_array*)
 .fini_array    0x0000000008002098        0x4 /home/lhaug/Applications/gcc-arm-none-eabi-7-2018-q2-update/bin/../lib/gcc/arm-none-eabi/7.3.1/thumb/v6-m/crtbegin.o
                [!provide]                        PROVIDE (__fini_array_end = .)
                0x000000000800209c                _sidata = LOADADDR (.data)

.data           0x0000000020000000        0x4 load address 0x000000000800209c
                0x0000000020000000                . = ALIGN (0x4)
                0x0000000020000000                _sdata = .
 *(.data)
 *(.data*)
 .data.SystemCoreClock
                0x0000000020000000        0x4 build/system_stm32f0xx.o
                0x0000000020000000                SystemCoreClock
                0x0000000020000004                . = ALIGN (0x4)
                0x0000000020000004                _edata = .

.igot.plt       0x0000000020000004        0x0 load address 0x00000000080020a0
 .igot.plt      0x0000000020000004        0x0 /home/lhaug/Applications/gcc-arm-none-eabi-7-2018-q2-update/bin/../lib/gcc/arm-none-eabi/7.3.1/thumb/v6-m/crtbegin.o
                0x0000000020000004                . = ALIGN (0x4)

.bss            0x0000000020000004      0x4fc load address 0x00000000080020a0
                0x0000000020000004                _sbss = .
                0x0000000020000004                __bss_start__ = _sbss
 *(.bss)
 .bss           0x0000000020000004       0x1c /home/lhaug/Applications/gcc-arm-none-eabi-7-2018-q2-update/bin/../lib/gcc/arm-none-eabi/7.3.1/thumb/v6-m/crtbegin.o
 *(.bss*)
 .bss.adc_buffer
                0x0000000020000020      0x400 build/sensors.o
                0x0000000020000020                adc_buffer
 .bss.temperature
                0x0000000020000420        0x8 build/sensors.o
                0x0000000020000420                temperature
 .bss.fan_on    0x0000000020000428        0x1 build/fans.o
 *(COMMON)
 *fill*         0x0000000020000429        0x3 
 COMMON         0x000000002000042c       0x40 build/tim.o
                0x000000002000042c                htim1
 COMMON         0x000000002000046c       0x90 build/adc.o
                0x000000002000046c                hdma_adc
                0x00000000200004b0                hadc
 COMMON         0x00000000200004fc        0x4 build/stm32f0xx_hal.o
                0x00000000200004fc                uwTick
                0x0000000020000500                . = ALIGN (0x4)
                0x0000000020000500                _ebss = .
                0x0000000020000500                __bss_end__ = _ebss

._user_heap_stack
                0x0000000020000500      0x600 load address 0x00000000080020a0
                0x0000000020000500                . = ALIGN (0x8)
                [!provide]                        PROVIDE (end = .)
                [!provide]                        PROVIDE (_end = .)
                0x0000000020000700                . = (. + _Min_Heap_Size)
 *fill*         0x0000000020000500      0x200 
                0x0000000020000b00                . = (. + _Min_Stack_Size)
 *fill*         0x0000000020000700      0x400 
                0x0000000020000b00                . = ALIGN (0x8)

/DISCARD/
 libc.a(*)
 libm.a(*)
 libgcc.a(*)

.ARM.attributes
                0x0000000000000000       0x28
 *(.ARM.attributes)
 .ARM.attributes
                0x0000000000000000       0x1e /home/lhaug/Applications/gcc-arm-none-eabi-7-2018-q2-update/bin/../lib/gcc/arm-none-eabi/7.3.1/thumb/v6-m/crti.o
 .ARM.attributes
                0x000000000000001e       0x2c /home/lhaug/Applications/gcc-arm-none-eabi-7-2018-q2-update/bin/../lib/gcc/arm-none-eabi/7.3.1/thumb/v6-m/crtbegin.o
 .ARM.attributes
                0x000000000000004a       0x31 build/sensors.o
 .ARM.attributes
                0x000000000000007b       0x31 build/leds.o
 .ARM.attributes
                0x00000000000000ac       0x31 build/main.o
 .ARM.attributes
                0x00000000000000dd       0x31 build/mcu.o
 .ARM.attributes
                0x000000000000010e       0x31 build/fans.o
 .ARM.attributes
                0x000000000000013f       0x31 build/tim.o
 .ARM.attributes
                0x0000000000000170       0x31 build/stm32f0xx_hal_msp.o
 .ARM.attributes
                0x00000000000001a1       0x31 build/gpio.o
 .ARM.attributes
                0x00000000000001d2       0x31 build/stm32f0xx_it.o
 .ARM.attributes
                0x0000000000000203       0x31 build/dma.o
 .ARM.attributes
                0x0000000000000234       0x31 build/system_stm32f0xx.o
 .ARM.attributes
                0x0000000000000265       0x31 build/adc.o
 .ARM.attributes
                0x0000000000000296       0x31 build/stm32f0xx_hal.o
 .ARM.attributes
                0x00000000000002c7       0x31 build/stm32f0xx_hal_tim.o
 .ARM.attributes
                0x00000000000002f8       0x31 build/stm32f0xx_hal_adc.o
 .ARM.attributes
                0x0000000000000329       0x31 build/stm32f0xx_hal_gpio.o
 .ARM.attributes
                0x000000000000035a       0x31 build/stm32f0xx_hal_cortex.o
 .ARM.attributes
                0x000000000000038b       0x31 build/stm32f0xx_hal_tim_ex.o
 .ARM.attributes
                0x00000000000003bc       0x31 build/stm32f0xx_hal_dma.o
 .ARM.attributes
                0x00000000000003ed       0x31 build/stm32f0xx_hal_rcc.o
 .ARM.attributes
                0x000000000000041e       0x21 build/startup_stm32f072xb.o
 .ARM.attributes
                0x000000000000043f       0x2c /home/lhaug/Applications/gcc-arm-none-eabi-7-2018-q2-update/bin/../lib/gcc/arm-none-eabi/7.3.1/../../../../arm-none-eabi/lib/thumb/v6-m/libc_nano.a(lib_a-init.o)
 .ARM.attributes
                0x000000000000046b       0x2c /home/lhaug/Applications/gcc-arm-none-eabi-7-2018-q2-update/bin/../lib/gcc/arm-none-eabi/7.3.1/../../../../arm-none-eabi/lib/thumb/v6-m/libc_nano.a(lib_a-memset.o)
 .ARM.attributes
                0x0000000000000497       0x1e /home/lhaug/Applications/gcc-arm-none-eabi-7-2018-q2-update/bin/../lib/gcc/arm-none-eabi/7.3.1/thumb/v6-m/libgcc.a(_udivsi3.o)
 .ARM.attributes
                0x00000000000004b5       0x1e /home/lhaug/Applications/gcc-arm-none-eabi-7-2018-q2-update/bin/../lib/gcc/arm-none-eabi/7.3.1/thumb/v6-m/libgcc.a(_dvmd_tls.o)
 .ARM.attributes
                0x00000000000004d3       0x1e /home/lhaug/Applications/gcc-arm-none-eabi-7-2018-q2-update/bin/../lib/gcc/arm-none-eabi/7.3.1/thumb/v6-m/crtn.o
OUTPUT(build/main.elf elf32-littlearm)

.debug_info     0x0000000000000000    0x15313
 .debug_info    0x0000000000000000      0xefe build/sensors.o
 .debug_info    0x0000000000000efe      0xab9 build/leds.o
 .debug_info    0x00000000000019b7       0xfb build/main.o
 .debug_info    0x0000000000001ab2      0xd5f build/mcu.o
 .debug_info    0x0000000000002811     0x1026 build/fans.o
 .debug_info    0x0000000000003837     0x133c build/tim.o
 .debug_info    0x0000000000004b73      0xb80 build/stm32f0xx_hal_msp.o
 .debug_info    0x00000000000056f3      0xda7 build/gpio.o
 .debug_info    0x000000000000649a      0xe3b build/stm32f0xx_it.o
 .debug_info    0x00000000000072d5      0xb45 build/dma.o
 .debug_info    0x0000000000007e1a      0xa74 build/system_stm32f0xx.o
 .debug_info    0x000000000000888e     0x12d3 build/adc.o
 .debug_info    0x0000000000009b61      0xe97 build/stm32f0xx_hal.o
 .debug_info    0x000000000000a9f8     0x36f7 build/stm32f0xx_hal_tim.o
 .debug_info    0x000000000000e0ef     0x1685 build/stm32f0xx_hal_adc.o
 .debug_info    0x000000000000f774      0xe6b build/stm32f0xx_hal_gpio.o
 .debug_info    0x00000000000105df      0xffb build/stm32f0xx_hal_cortex.o
 .debug_info    0x00000000000115da     0x1b5f build/stm32f0xx_hal_tim_ex.o
 .debug_info    0x0000000000013139     0x1032 build/stm32f0xx_hal_dma.o
 .debug_info    0x000000000001416b     0x1186 build/stm32f0xx_hal_rcc.o
 .debug_info    0x00000000000152f1       0x22 build/startup_stm32f072xb.o

.debug_abbrev   0x0000000000000000     0x31d3
 .debug_abbrev  0x0000000000000000      0x2bb build/sensors.o
 .debug_abbrev  0x00000000000002bb      0x23c build/leds.o
 .debug_abbrev  0x00000000000004f7       0xae build/main.o
 .debug_abbrev  0x00000000000005a5      0x274 build/mcu.o
 .debug_abbrev  0x0000000000000819      0x28d build/fans.o
 .debug_abbrev  0x0000000000000aa6      0x276 build/tim.o
 .debug_abbrev  0x0000000000000d1c      0x234 build/stm32f0xx_hal_msp.o
 .debug_abbrev  0x0000000000000f50      0x245 build/gpio.o
 .debug_abbrev  0x0000000000001195      0x238 build/stm32f0xx_it.o
 .debug_abbrev  0x00000000000013cd      0x234 build/dma.o
 .debug_abbrev  0x0000000000001601      0x205 build/system_stm32f0xx.o
 .debug_abbrev  0x0000000000001806      0x27d build/adc.o
 .debug_abbrev  0x0000000000001a83      0x2f6 build/stm32f0xx_hal.o
 .debug_abbrev  0x0000000000001d79      0x2e0 build/stm32f0xx_hal_tim.o
 .debug_abbrev  0x0000000000002059      0x2f0 build/stm32f0xx_hal_adc.o
 .debug_abbrev  0x0000000000002349      0x2a7 build/stm32f0xx_hal_gpio.o
 .debug_abbrev  0x00000000000025f0      0x328 build/stm32f0xx_hal_cortex.o
 .debug_abbrev  0x0000000000002918      0x2e0 build/stm32f0xx_hal_tim_ex.o
 .debug_abbrev  0x0000000000002bf8      0x2df build/stm32f0xx_hal_dma.o
 .debug_abbrev  0x0000000000002ed7      0x2ea build/stm32f0xx_hal_rcc.o
 .debug_abbrev  0x00000000000031c1       0x12 build/startup_stm32f072xb.o

.debug_loc      0x0000000000000000     0x6da3
 .debug_loc     0x0000000000000000       0x66 build/sensors.o
 .debug_loc     0x0000000000000066       0x6c build/leds.o
 .debug_loc     0x00000000000000d2       0x21 build/mcu.o
 .debug_loc     0x00000000000000f3       0x53 build/fans.o
 .debug_loc     0x0000000000000146       0x74 build/tim.o
 .debug_loc     0x00000000000001ba      0x12b build/system_stm32f0xx.o
 .debug_loc     0x00000000000002e5       0x84 build/adc.o
 .debug_loc     0x0000000000000369       0x7c build/stm32f0xx_hal.o
 .debug_loc     0x00000000000003e5     0x37cf build/stm32f0xx_hal_tim.o
 .debug_loc     0x0000000000003bb4      0xc32 build/stm32f0xx_hal_adc.o
 .debug_loc     0x00000000000047e6      0x2fe build/stm32f0xx_hal_gpio.o
 .debug_loc     0x0000000000004ae4      0x393 build/stm32f0xx_hal_cortex.o
 .debug_loc     0x0000000000004e77     0x126d build/stm32f0xx_hal_tim_ex.o
 .debug_loc     0x00000000000060e4      0x7ee build/stm32f0xx_hal_dma.o
 .debug_loc     0x00000000000068d2      0x4d1 build/stm32f0xx_hal_rcc.o

.debug_aranges  0x0000000000000000      0xa90
 .debug_aranges
                0x0000000000000000       0x30 build/sensors.o
 .debug_aranges
                0x0000000000000030       0x20 build/leds.o
 .debug_aranges
                0x0000000000000050       0x20 build/main.o
 .debug_aranges
                0x0000000000000070       0x38 build/mcu.o
 .debug_aranges
                0x00000000000000a8       0x30 build/fans.o
 .debug_aranges
                0x00000000000000d8       0x38 build/tim.o
 .debug_aranges
                0x0000000000000110       0x20 build/stm32f0xx_hal_msp.o
 .debug_aranges
                0x0000000000000130       0x20 build/gpio.o
 .debug_aranges
                0x0000000000000150       0x58 build/stm32f0xx_it.o
 .debug_aranges
                0x00000000000001a8       0x20 build/dma.o
 .debug_aranges
                0x00000000000001c8       0x28 build/system_stm32f0xx.o
 .debug_aranges
                0x00000000000001f0       0x30 build/adc.o
 .debug_aranges
                0x0000000000000220       0xb8 build/stm32f0xx_hal.o
 .debug_aranges
                0x00000000000002d8      0x378 build/stm32f0xx_hal_tim.o
 .debug_aranges
                0x0000000000000650       0xf8 build/stm32f0xx_hal_adc.o
 .debug_aranges
                0x0000000000000748       0x58 build/stm32f0xx_hal_gpio.o
 .debug_aranges
                0x00000000000007a0       0x78 build/stm32f0xx_hal_cortex.o
 .debug_aranges
                0x0000000000000818      0x148 build/stm32f0xx_hal_tim_ex.o
 .debug_aranges
                0x0000000000000960       0x88 build/stm32f0xx_hal_dma.o
 .debug_aranges
                0x00000000000009e8       0x80 build/stm32f0xx_hal_rcc.o
 .debug_aranges
                0x0000000000000a68       0x28 build/startup_stm32f072xb.o

.debug_ranges   0x0000000000000000      0x9c0
 .debug_ranges  0x0000000000000000       0x38 build/sensors.o
 .debug_ranges  0x0000000000000038       0x10 build/leds.o
 .debug_ranges  0x0000000000000048       0x10 build/main.o
 .debug_ranges  0x0000000000000058       0x28 build/mcu.o
 .debug_ranges  0x0000000000000080       0x20 build/fans.o
 .debug_ranges  0x00000000000000a0       0x28 build/tim.o
 .debug_ranges  0x00000000000000c8       0x10 build/stm32f0xx_hal_msp.o
 .debug_ranges  0x00000000000000d8       0x10 build/gpio.o
 .debug_ranges  0x00000000000000e8       0x48 build/stm32f0xx_it.o
 .debug_ranges  0x0000000000000130       0x10 build/dma.o
 .debug_ranges  0x0000000000000140       0x18 build/system_stm32f0xx.o
 .debug_ranges  0x0000000000000158       0x20 build/adc.o
 .debug_ranges  0x0000000000000178       0xa8 build/stm32f0xx_hal.o
 .debug_ranges  0x0000000000000220      0x368 build/stm32f0xx_hal_tim.o
 .debug_ranges  0x0000000000000588       0xe8 build/stm32f0xx_hal_adc.o
 .debug_ranges  0x0000000000000670       0x48 build/stm32f0xx_hal_gpio.o
 .debug_ranges  0x00000000000006b8       0xb0 build/stm32f0xx_hal_cortex.o
 .debug_ranges  0x0000000000000768      0x138 build/stm32f0xx_hal_tim_ex.o
 .debug_ranges  0x00000000000008a0       0x78 build/stm32f0xx_hal_dma.o
 .debug_ranges  0x0000000000000918       0x88 build/stm32f0xx_hal_rcc.o
 .debug_ranges  0x00000000000009a0       0x20 build/startup_stm32f072xb.o

.debug_macro    0x0000000000000000    0x17b77
 .debug_macro   0x0000000000000000      0x2d8 build/sensors.o
 .debug_macro   0x00000000000002d8      0xa48 build/sensors.o
 .debug_macro   0x0000000000000d20       0x2e build/sensors.o
 .debug_macro   0x0000000000000d4e       0xab build/sensors.o
 .debug_macro   0x0000000000000df9       0x2e build/sensors.o
 .debug_macro   0x0000000000000e27       0x22 build/sensors.o
 .debug_macro   0x0000000000000e49       0x22 build/sensors.o
 .debug_macro   0x0000000000000e6b       0x56 build/sensors.o
 .debug_macro   0x0000000000000ec1       0x51 build/sensors.o
 .debug_macro   0x0000000000000f12       0xef build/sensors.o
 .debug_macro   0x0000000000001001       0x6a build/sensors.o
 .debug_macro   0x000000000000106b      0x1df build/sensors.o
 .debug_macro   0x000000000000124a       0x34 build/sensors.o
 .debug_macro   0x000000000000127e       0x26 build/sensors.o
 .debug_macro   0x00000000000012a4      0x30d build/sensors.o
 .debug_macro   0x00000000000015b1     0xfe50 build/sensors.o
 .debug_macro   0x0000000000011401       0x3c build/sensors.o
 .debug_macro   0x000000000001143d       0x5e build/sensors.o
 .debug_macro   0x000000000001149b       0x18 build/sensors.o
 .debug_macro   0x00000000000114b3       0x35 build/sensors.o
 .debug_macro   0x00000000000114e8       0x34 build/sensors.o
 .debug_macro   0x000000000001151c       0x16 build/sensors.o
 .debug_macro   0x0000000000011532       0x97 build/sensors.o
 .debug_macro   0x00000000000115c9      0x330 build/sensors.o
 .debug_macro   0x00000000000118f9       0xfd build/sensors.o
 .debug_macro   0x00000000000119f6       0x10 build/sensors.o
 .debug_macro   0x0000000000011a06       0x58 build/sensors.o
 .debug_macro   0x0000000000011a5e       0x1f build/sensors.o
 .debug_macro   0x0000000000011a7d       0x43 build/sensors.o
 .debug_macro   0x0000000000011ac0       0x20 build/sensors.o
 .debug_macro   0x0000000000011ae0      0x18e build/sensors.o
 .debug_macro   0x0000000000011c6e       0x10 build/sensors.o
 .debug_macro   0x0000000000011c7e       0xb6 build/sensors.o
 .debug_macro   0x0000000000011d34       0x16 build/sensors.o
 .debug_macro   0x0000000000011d4a      0x129 build/sensors.o
 .debug_macro   0x0000000000011e73       0x50 build/sensors.o
 .debug_macro   0x0000000000011ec3      0x951 build/sensors.o
 .debug_macro   0x0000000000012814      0x5f3 build/sensors.o
 .debug_macro   0x0000000000012e07      0x13a build/sensors.o
 .debug_macro   0x0000000000012f41      0x1a7 build/sensors.o
 .debug_macro   0x00000000000130e8      0x22c build/sensors.o
 .debug_macro   0x0000000000013314       0x34 build/sensors.o
 .debug_macro   0x0000000000013348       0x43 build/sensors.o
 .debug_macro   0x000000000001338b       0x28 build/sensors.o
 .debug_macro   0x00000000000133b3      0x33d build/sensors.o
 .debug_macro   0x00000000000136f0       0xd4 build/sensors.o
 .debug_macro   0x00000000000137c4       0xb6 build/sensors.o
 .debug_macro   0x000000000001387a      0x217 build/sensors.o
 .debug_macro   0x0000000000013a91      0x202 build/sensors.o
 .debug_macro   0x0000000000013c93       0x61 build/sensors.o
 .debug_macro   0x0000000000013cf4       0x90 build/sensors.o
 .debug_macro   0x0000000000013d84       0x4d build/sensors.o
 .debug_macro   0x0000000000013dd1      0x16d build/sensors.o
 .debug_macro   0x0000000000013f3e      0x845 build/sensors.o
 .debug_macro   0x0000000000014783       0x4c build/sensors.o
 .debug_macro   0x00000000000147cf      0x129 build/sensors.o
 .debug_macro   0x00000000000148f8       0x1c build/sensors.o
 .debug_macro   0x0000000000014914      0x2c3 build/leds.o
 .debug_macro   0x0000000000014bd7       0x87 build/main.o
 .debug_macro   0x0000000000014c5e      0x2d4 build/mcu.o
 .debug_macro   0x0000000000014f32       0x3a build/mcu.o
 .debug_macro   0x0000000000014f6c      0x2d0 build/fans.o
 .debug_macro   0x000000000001523c       0x22 build/fans.o
 .debug_macro   0x000000000001525e      0x2b9 build/tim.o
 .debug_macro   0x0000000000015517      0x2af build/stm32f0xx_hal_msp.o
 .debug_macro   0x00000000000157c6      0x2b9 build/gpio.o
 .debug_macro   0x0000000000015a7f      0x2b9 build/stm32f0xx_it.o
 .debug_macro   0x0000000000015d38      0x2b9 build/dma.o
 .debug_macro   0x0000000000015ff1      0x2af build/system_stm32f0xx.o
 .debug_macro   0x00000000000162a0      0x2cd build/adc.o
 .debug_macro   0x000000000001656d      0x2d3 build/stm32f0xx_hal.o
 .debug_macro   0x0000000000016840      0x2af build/stm32f0xx_hal_tim.o
 .debug_macro   0x0000000000016aef      0x2d3 build/stm32f0xx_hal_adc.o
 .debug_macro   0x0000000000016dc2      0x2e7 build/stm32f0xx_hal_gpio.o
 .debug_macro   0x00000000000170a9      0x2af build/stm32f0xx_hal_cortex.o
 .debug_macro   0x0000000000017358      0x2af build/stm32f0xx_hal_tim_ex.o
 .debug_macro   0x0000000000017607      0x2af build/stm32f0xx_hal_dma.o
 .debug_macro   0x00000000000178b6      0x2c1 build/stm32f0xx_hal_rcc.o

.debug_line     0x0000000000000000     0x98f4
 .debug_line    0x0000000000000000      0x642 build/sensors.o
 .debug_line    0x0000000000000642      0x5c8 build/leds.o
 .debug_line    0x0000000000000c0a      0x231 build/main.o
 .debug_line    0x0000000000000e3b      0x61d build/mcu.o
 .debug_line    0x0000000000001458      0x614 build/fans.o
 .debug_line    0x0000000000001a6c      0x62c build/tim.o
 .debug_line    0x0000000000002098      0x5be build/stm32f0xx_hal_msp.o
 .debug_line    0x0000000000002656      0x5d1 build/gpio.o
 .debug_line    0x0000000000002c27      0x641 build/stm32f0xx_it.o
 .debug_line    0x0000000000003268      0x5b7 build/dma.o
 .debug_line    0x000000000000381f      0x5f2 build/system_stm32f0xx.o
 .debug_line    0x0000000000003e11      0x62a build/adc.o
 .debug_line    0x000000000000443b      0x738 build/stm32f0xx_hal.o
 .debug_line    0x0000000000004b73     0x1734 build/stm32f0xx_hal_tim.o
 .debug_line    0x00000000000062a7      0xb15 build/stm32f0xx_hal_adc.o
 .debug_line    0x0000000000006dbc      0x720 build/stm32f0xx_hal_gpio.o
 .debug_line    0x00000000000074dc      0x731 build/stm32f0xx_hal_cortex.o
 .debug_line    0x0000000000007c0d      0xbd6 build/stm32f0xx_hal_tim_ex.o
 .debug_line    0x00000000000087e3      0x810 build/stm32f0xx_hal_dma.o
 .debug_line    0x0000000000008ff3      0x884 build/stm32f0xx_hal_rcc.o
 .debug_line    0x0000000000009877       0x7d build/startup_stm32f072xb.o

.debug_str      0x0000000000000000    0x7a270
 .debug_str     0x0000000000000000    0x777cf build/sensors.o
                                      0x77a34 (size before relaxing)
 .debug_str     0x00000000000777cf       0xa2 build/leds.o
                                      0x77623 (size before relaxing)
 .debug_str     0x0000000000077871       0x53 build/main.o
                                       0x3afd (size before relaxing)
 .debug_str     0x00000000000778c4      0x364 build/mcu.o
                                      0x77a30 (size before relaxing)
 .debug_str     0x0000000000077c28      0x2b2 build/fans.o
                                      0x77a85 (size before relaxing)
 .debug_str     0x0000000000077eda      0x2a3 build/tim.o
                                      0x77c67 (size before relaxing)
 .debug_str     0x000000000007817d       0x29 build/stm32f0xx_hal_msp.o
                                      0x777e7 (size before relaxing)
 .debug_str     0x00000000000781a6       0x23 build/gpio.o
                                      0x778b5 (size before relaxing)
 .debug_str     0x00000000000781c9       0xf2 build/stm32f0xx_it.o
                                      0x779d9 (size before relaxing)
 .debug_str     0x00000000000782bb        0xf build/dma.o
                                      0x777f5 (size before relaxing)
 .debug_str     0x00000000000782ca       0x5c build/system_stm32f0xx.o
                                      0x7761b (size before relaxing)
 .debug_str     0x0000000000078326       0xde build/adc.o
                                      0x77cda (size before relaxing)
 .debug_str     0x0000000000078404      0x345 build/stm32f0xx_hal.o
                                      0x77b84 (size before relaxing)
 .debug_str     0x0000000000078749      0xce3 build/stm32f0xx_hal_tim.o
                                      0x78770 (size before relaxing)
 .debug_str     0x000000000007942c      0x322 build/stm32f0xx_hal_adc.o
                                      0x77d27 (size before relaxing)
 .debug_str     0x000000000007974e      0x193 build/stm32f0xx_hal_gpio.o
                                      0x778c2 (size before relaxing)
 .debug_str     0x00000000000798e1      0x178 build/stm32f0xx_hal_cortex.o
                                      0x77a32 (size before relaxing)
 .debug_str     0x0000000000079a59      0x3f9 build/stm32f0xx_hal_tim_ex.o
                                      0x7809c (size before relaxing)
 .debug_str     0x0000000000079e52      0x1fb build/stm32f0xx_hal_dma.o
                                      0x77a04 (size before relaxing)
 .debug_str     0x000000000007a04d      0x1fa build/stm32f0xx_hal_rcc.o
                                      0x77a31 (size before relaxing)
 .debug_str     0x000000000007a247       0x29 build/startup_stm32f072xb.o
                                         0x4e (size before relaxing)

.comment        0x0000000000000000       0x7f
 .comment       0x0000000000000000       0x7f build/sensors.o
                                         0x80 (size before relaxing)
 .comment       0x000000000000007f       0x80 build/leds.o
 .comment       0x000000000000007f       0x80 build/main.o
 .comment       0x000000000000007f       0x80 build/mcu.o
 .comment       0x000000000000007f       0x80 build/fans.o
 .comment       0x000000000000007f       0x80 build/tim.o
 .comment       0x000000000000007f       0x80 build/stm32f0xx_hal_msp.o
 .comment       0x000000000000007f       0x80 build/gpio.o
 .comment       0x000000000000007f       0x80 build/stm32f0xx_it.o
 .comment       0x000000000000007f       0x80 build/dma.o
 .comment       0x000000000000007f       0x80 build/system_stm32f0xx.o
 .comment       0x000000000000007f       0x80 build/adc.o
 .comment       0x000000000000007f       0x80 build/stm32f0xx_hal.o
 .comment       0x000000000000007f       0x80 build/stm32f0xx_hal_tim.o
 .comment       0x000000000000007f       0x80 build/stm32f0xx_hal_adc.o
 .comment       0x000000000000007f       0x80 build/stm32f0xx_hal_gpio.o
 .comment       0x000000000000007f       0x80 build/stm32f0xx_hal_cortex.o
 .comment       0x000000000000007f       0x80 build/stm32f0xx_hal_tim_ex.o
 .comment       0x000000000000007f       0x80 build/stm32f0xx_hal_dma.o
 .comment       0x000000000000007f       0x80 build/stm32f0xx_hal_rcc.o

.debug_frame    0x0000000000000000     0x1c88
 .debug_frame   0x0000000000000000       0x5c build/sensors.o
 .debug_frame   0x000000000000005c       0x2c build/leds.o
 .debug_frame   0x0000000000000088       0x2c build/main.o
 .debug_frame   0x00000000000000b4       0x74 build/mcu.o
 .debug_frame   0x0000000000000128       0x58 build/fans.o
 .debug_frame   0x0000000000000180       0x74 build/tim.o
 .debug_frame   0x00000000000001f4       0x2c build/stm32f0xx_hal_msp.o
 .debug_frame   0x0000000000000220       0x38 build/gpio.o
 .debug_frame   0x0000000000000258       0xc0 build/stm32f0xx_it.o
 .debug_frame   0x0000000000000318       0x2c build/dma.o
 .debug_frame   0x0000000000000344       0x3c build/system_stm32f0xx.o
 .debug_frame   0x0000000000000380       0x6c build/adc.o
 .debug_frame   0x00000000000003ec      0x184 build/stm32f0xx_hal.o
 .debug_frame   0x0000000000000570      0xaf0 build/stm32f0xx_hal_tim.o
 .debug_frame   0x0000000000001060      0x2f8 build/stm32f0xx_hal_adc.o
 .debug_frame   0x0000000000001358       0xdc build/stm32f0xx_hal_gpio.o
 .debug_frame   0x0000000000001434       0xec build/stm32f0xx_hal_cortex.o
 .debug_frame   0x0000000000001520      0x418 build/stm32f0xx_hal_tim_ex.o
 .debug_frame   0x0000000000001938      0x198 build/stm32f0xx_hal_dma.o
 .debug_frame   0x0000000000001ad0      0x14c build/stm32f0xx_hal_rcc.o
 .debug_frame   0x0000000000001c1c       0x2c /home/lhaug/Applications/gcc-arm-none-eabi-7-2018-q2-update/bin/../lib/gcc/arm-none-eabi/7.3.1/../../../../arm-none-eabi/lib/thumb/v6-m/libc_nano.a(lib_a-init.o)
 .debug_frame   0x0000000000001c48       0x20 /home/lhaug/Applications/gcc-arm-none-eabi-7-2018-q2-update/bin/../lib/gcc/arm-none-eabi/7.3.1/../../../../arm-none-eabi/lib/thumb/v6-m/libc_nano.a(lib_a-memset.o)
 .debug_frame   0x0000000000001c68       0x20 /home/lhaug/Applications/gcc-arm-none-eabi-7-2018-q2-update/bin/../lib/gcc/arm-none-eabi/7.3.1/thumb/v6-m/libgcc.a(_udivsi3.o)

Cross Reference Table

Symbol                                            File
ADC1_COMP_IRQHandler                              build/stm32f0xx_it.o
AHBPrescTable                                     build/system_stm32f0xx.o
                                                  build/stm32f0xx_hal_rcc.o
APBPrescTable                                     build/system_stm32f0xx.o
                                                  build/stm32f0xx_hal_rcc.o
CEC_CAN_IRQHandler                                build/startup_stm32f072xb.o
DMA1_Channel1_IRQHandler                          build/stm32f0xx_it.o
DMA1_Channel2_3_IRQHandler                        build/startup_stm32f072xb.o
DMA1_Channel4_5_6_7_IRQHandler                    build/startup_stm32f072xb.o
Default_Handler                                   build/startup_stm32f072xb.o
EXTI0_1_IRQHandler                                build/startup_stm32f072xb.o
EXTI2_3_IRQHandler                                build/startup_stm32f072xb.o
EXTI4_15_IRQHandler                               build/stm32f0xx_it.o
FLASH_IRQHandler                                  build/startup_stm32f072xb.o
FLASH_PageErase                                   build/stm32f0xx_hal_flash_ex.o
                                                  build/stm32f0xx_hal_flash.o
FLASH_WaitForLastOperation                        build/stm32f0xx_hal_flash.o
                                                  build/stm32f0xx_hal_flash_ex.o
HAL_ADCEx_Calibration_Start                       build/stm32f0xx_hal_adc_ex.o
HAL_ADC_AnalogWDGConfig                           build/stm32f0xx_hal_adc.o
HAL_ADC_ConfigChannel                             build/stm32f0xx_hal_adc.o
                                                  build/adc.o
HAL_ADC_ConvCpltCallback                          build/sensors.o
HAL_ADC_ConvHalfCpltCallback                      build/stm32f0xx_hal_adc.o
HAL_ADC_DeInit                                    build/stm32f0xx_hal_adc.o
HAL_ADC_ErrorCallback                             build/stm32f0xx_hal_adc.o
HAL_ADC_GetError                                  build/stm32f0xx_hal_adc.o
HAL_ADC_GetState                                  build/stm32f0xx_hal_adc.o
HAL_ADC_GetValue                                  build/stm32f0xx_hal_adc.o
HAL_ADC_IRQHandler                                build/stm32f0xx_hal_adc.o
                                                  build/stm32f0xx_it.o
HAL_ADC_Init                                      build/stm32f0xx_hal_adc.o
                                                  build/adc.o
HAL_ADC_LevelOutOfWindowCallback                  build/stm32f0xx_hal_adc.o
HAL_ADC_MspDeInit                                 build/adc.o
HAL_ADC_MspInit                                   build/adc.o
HAL_ADC_PollForConversion                         build/stm32f0xx_hal_adc.o
HAL_ADC_PollForEvent                              build/stm32f0xx_hal_adc.o
HAL_ADC_Start                                     build/stm32f0xx_hal_adc.o
HAL_ADC_Start_DMA                                 build/stm32f0xx_hal_adc.o
                                                  build/sensors.o
HAL_ADC_Start_IT                                  build/stm32f0xx_hal_adc.o
HAL_ADC_Stop                                      build/stm32f0xx_hal_adc.o
HAL_ADC_Stop_DMA                                  build/stm32f0xx_hal_adc.o
HAL_ADC_Stop_IT                                   build/stm32f0xx_hal_adc.o
HAL_DBGMCU_DisableDBGStandbyMode                  build/stm32f0xx_hal.o
HAL_DBGMCU_DisableDBGStopMode                     build/stm32f0xx_hal.o
HAL_DBGMCU_EnableDBGStandbyMode                   build/stm32f0xx_hal.o
HAL_DBGMCU_EnableDBGStopMode                      build/stm32f0xx_hal.o
HAL_DMA_Abort                                     build/stm32f0xx_hal_dma.o
                                                  build/stm32f0xx_hal_adc.o
                                                  build/stm32f0xx_hal_tim.o
HAL_DMA_Abort_IT                                  build/stm32f0xx_hal_dma.o
                                                  build/stm32f0xx_hal_i2c.o
HAL_DMA_DeInit                                    build/stm32f0xx_hal_dma.o
                                                  build/adc.o
HAL_DMA_GetError                                  build/stm32f0xx_hal_dma.o
HAL_DMA_GetState                                  build/stm32f0xx_hal_dma.o
HAL_DMA_IRQHandler                                build/stm32f0xx_hal_dma.o
                                                  build/stm32f0xx_it.o
HAL_DMA_Init                                      build/stm32f0xx_hal_dma.o
                                                  build/adc.o
HAL_DMA_PollForTransfer                           build/stm32f0xx_hal_dma.o
HAL_DMA_RegisterCallback                          build/stm32f0xx_hal_dma.o
HAL_DMA_Start                                     build/stm32f0xx_hal_dma.o
HAL_DMA_Start_IT                                  build/stm32f0xx_hal_dma.o
                                                  build/stm32f0xx_hal_i2c.o
                                                  build/stm32f0xx_hal_tim_ex.o
                                                  build/stm32f0xx_hal_adc.o
                                                  build/stm32f0xx_hal_tim.o
HAL_DMA_UnRegisterCallback                        build/stm32f0xx_hal_dma.o
HAL_DeInit                                        build/stm32f0xx_hal.o
HAL_Delay                                         build/stm32f0xx_hal.o
                                                  build/mcu.o
HAL_FLASHEx_Erase                                 build/stm32f0xx_hal_flash_ex.o
HAL_FLASHEx_Erase_IT                              build/stm32f0xx_hal_flash_ex.o
HAL_FLASHEx_OBErase                               build/stm32f0xx_hal_flash_ex.o
HAL_FLASHEx_OBGetConfig                           build/stm32f0xx_hal_flash_ex.o
HAL_FLASHEx_OBGetUserData                         build/stm32f0xx_hal_flash_ex.o
HAL_FLASHEx_OBProgram                             build/stm32f0xx_hal_flash_ex.o
HAL_FLASH_EndOfOperationCallback                  build/stm32f0xx_hal_flash.o
HAL_FLASH_GetError                                build/stm32f0xx_hal_flash.o
HAL_FLASH_IRQHandler                              build/stm32f0xx_hal_flash.o
HAL_FLASH_Lock                                    build/stm32f0xx_hal_flash.o
HAL_FLASH_OB_Launch                               build/stm32f0xx_hal_flash.o
HAL_FLASH_OB_Lock                                 build/stm32f0xx_hal_flash.o
HAL_FLASH_OB_Unlock                               build/stm32f0xx_hal_flash.o
HAL_FLASH_OperationErrorCallback                  build/stm32f0xx_hal_flash.o
HAL_FLASH_Program                                 build/stm32f0xx_hal_flash.o
HAL_FLASH_Program_IT                              build/stm32f0xx_hal_flash.o
HAL_FLASH_Unlock                                  build/stm32f0xx_hal_flash.o
HAL_GPIO_DeInit                                   build/stm32f0xx_hal_gpio.o
                                                  build/adc.o
HAL_GPIO_EXTI_Callback                            build/fans.o
HAL_GPIO_EXTI_IRQHandler                          build/stm32f0xx_hal_gpio.o
                                                  build/stm32f0xx_it.o
HAL_GPIO_Init                                     build/stm32f0xx_hal_gpio.o
                                                  build/stm32f0xx_hal_rcc.o
                                                  build/adc.o
                                                  build/gpio.o
                                                  build/tim.o
HAL_GPIO_LockPin                                  build/stm32f0xx_hal_gpio.o
HAL_GPIO_ReadPin                                  build/stm32f0xx_hal_gpio.o
HAL_GPIO_TogglePin                                build/stm32f0xx_hal_gpio.o
                                                  build/leds.o
HAL_GPIO_WritePin                                 build/stm32f0xx_hal_gpio.o
                                                  build/gpio.o
                                                  build/power_resistors.o
                                                  build/fans.o
                                                  build/leds.o
HAL_GetDEVID                                      build/stm32f0xx_hal.o
HAL_GetHalVersion                                 build/stm32f0xx_hal.o
HAL_GetREVID                                      build/stm32f0xx_hal.o
HAL_GetTick                                       build/stm32f0xx_hal.o
                                                  build/stm32f0xx_hal_flash.o
                                                  build/stm32f0xx_hal_rcc.o
                                                  build/stm32f0xx_hal_i2c.o
                                                  build/stm32f0xx_hal_dma.o
                                                  build/stm32f0xx_hal_adc_ex.o
                                                  build/stm32f0xx_hal_adc.o
                                                  build/stm32f0xx_hal_rcc_ex.o
                                                  build/control.o
HAL_GetUIDw0                                      build/stm32f0xx_hal.o
HAL_GetUIDw1                                      build/stm32f0xx_hal.o
HAL_GetUIDw2                                      build/stm32f0xx_hal.o
HAL_I2CEx_ConfigAnalogFilter                      build/stm32f0xx_hal_i2c_ex.o
HAL_I2CEx_ConfigDigitalFilter                     build/stm32f0xx_hal_i2c_ex.o
HAL_I2CEx_DisableFastModePlus                     build/stm32f0xx_hal_i2c_ex.o
HAL_I2CEx_DisableWakeUp                           build/stm32f0xx_hal_i2c_ex.o
HAL_I2CEx_EnableFastModePlus                      build/stm32f0xx_hal_i2c_ex.o
HAL_I2CEx_EnableWakeUp                            build/stm32f0xx_hal_i2c_ex.o
HAL_I2C_AbortCpltCallback                         build/stm32f0xx_hal_i2c.o
HAL_I2C_AddrCallback                              build/stm32f0xx_hal_i2c.o
HAL_I2C_DeInit                                    build/stm32f0xx_hal_i2c.o
HAL_I2C_DisableListen_IT                          build/stm32f0xx_hal_i2c.o
HAL_I2C_ER_IRQHandler                             build/stm32f0xx_hal_i2c.o
HAL_I2C_EV_IRQHandler                             build/stm32f0xx_hal_i2c.o
HAL_I2C_EnableListen_IT                           build/stm32f0xx_hal_i2c.o
HAL_I2C_ErrorCallback                             build/stm32f0xx_hal_i2c.o
HAL_I2C_GetError                                  build/stm32f0xx_hal_i2c.o
HAL_I2C_GetMode                                   build/stm32f0xx_hal_i2c.o
HAL_I2C_GetState                                  build/stm32f0xx_hal_i2c.o
HAL_I2C_Init                                      build/stm32f0xx_hal_i2c.o
HAL_I2C_IsDeviceReady                             build/stm32f0xx_hal_i2c.o
HAL_I2C_ListenCpltCallback                        build/stm32f0xx_hal_i2c.o
HAL_I2C_MasterRxCpltCallback                      build/stm32f0xx_hal_i2c.o
HAL_I2C_MasterTxCpltCallback                      build/stm32f0xx_hal_i2c.o
HAL_I2C_Master_Abort_IT                           build/stm32f0xx_hal_i2c.o
HAL_I2C_Master_Receive                            build/stm32f0xx_hal_i2c.o
HAL_I2C_Master_Receive_DMA                        build/stm32f0xx_hal_i2c.o
HAL_I2C_Master_Receive_IT                         build/stm32f0xx_hal_i2c.o
HAL_I2C_Master_Sequential_Receive_IT              build/stm32f0xx_hal_i2c.o
HAL_I2C_Master_Sequential_Transmit_IT             build/stm32f0xx_hal_i2c.o
HAL_I2C_Master_Transmit                           build/stm32f0xx_hal_i2c.o
HAL_I2C_Master_Transmit_DMA                       build/stm32f0xx_hal_i2c.o
HAL_I2C_Master_Transmit_IT                        build/stm32f0xx_hal_i2c.o
HAL_I2C_MemRxCpltCallback                         build/stm32f0xx_hal_i2c.o
HAL_I2C_MemTxCpltCallback                         build/stm32f0xx_hal_i2c.o
HAL_I2C_Mem_Read                                  build/stm32f0xx_hal_i2c.o
HAL_I2C_Mem_Read_DMA                              build/stm32f0xx_hal_i2c.o
HAL_I2C_Mem_Read_IT                               build/stm32f0xx_hal_i2c.o
HAL_I2C_Mem_Write                                 build/stm32f0xx_hal_i2c.o
HAL_I2C_Mem_Write_DMA                             build/stm32f0xx_hal_i2c.o
HAL_I2C_Mem_Write_IT                              build/stm32f0xx_hal_i2c.o
HAL_I2C_MspDeInit                                 build/stm32f0xx_hal_i2c.o
HAL_I2C_MspInit                                   build/stm32f0xx_hal_i2c.o
HAL_I2C_SlaveRxCpltCallback                       build/stm32f0xx_hal_i2c.o
HAL_I2C_SlaveTxCpltCallback                       build/stm32f0xx_hal_i2c.o
HAL_I2C_Slave_Receive                             build/stm32f0xx_hal_i2c.o
HAL_I2C_Slave_Receive_DMA                         build/stm32f0xx_hal_i2c.o
HAL_I2C_Slave_Receive_IT                          build/stm32f0xx_hal_i2c.o
HAL_I2C_Slave_Sequential_Receive_IT               build/stm32f0xx_hal_i2c.o
HAL_I2C_Slave_Sequential_Transmit_IT              build/stm32f0xx_hal_i2c.o
HAL_I2C_Slave_Transmit                            build/stm32f0xx_hal_i2c.o
HAL_I2C_Slave_Transmit_DMA                        build/stm32f0xx_hal_i2c.o
HAL_I2C_Slave_Transmit_IT                         build/stm32f0xx_hal_i2c.o
HAL_IncTick                                       build/stm32f0xx_hal.o
                                                  build/stm32f0xx_it.o
HAL_Init                                          build/stm32f0xx_hal.o
                                                  build/mcu.o
HAL_InitTick                                      build/stm32f0xx_hal.o
                                                  build/stm32f0xx_hal_rcc.o
HAL_MspDeInit                                     build/stm32f0xx_hal.o
HAL_MspInit                                       build/stm32f0xx_hal_msp.o
HAL_NVIC_ClearPendingIRQ                          build/stm32f0xx_hal_cortex.o
HAL_NVIC_DisableIRQ                               build/stm32f0xx_hal_cortex.o
                                                  build/adc.o
HAL_NVIC_EnableIRQ                                build/stm32f0xx_hal_cortex.o
                                                  build/adc.o
                                                  build/dma.o
                                                  build/gpio.o
HAL_NVIC_GetPendingIRQ                            build/stm32f0xx_hal_cortex.o
HAL_NVIC_GetPriority                              build/stm32f0xx_hal_cortex.o
HAL_NVIC_SetPendingIRQ                            build/stm32f0xx_hal_cortex.o
HAL_NVIC_SetPriority                              build/stm32f0xx_hal_cortex.o
                                                  build/stm32f0xx_hal.o
                                                  build/adc.o
                                                  build/dma.o
                                                  build/gpio.o
                                                  build/stm32f0xx_hal_msp.o
                                                  build/mcu.o
HAL_NVIC_SystemReset                              build/stm32f0xx_hal_cortex.o
HAL_PWREx_DisableVddio2Monitor                    build/stm32f0xx_hal_pwr_ex.o
HAL_PWREx_EnableVddio2Monitor                     build/stm32f0xx_hal_pwr_ex.o
HAL_PWREx_Vddio2MonitorCallback                   build/stm32f0xx_hal_pwr_ex.o
HAL_PWREx_Vddio2Monitor_IRQHandler                build/stm32f0xx_hal_pwr_ex.o
HAL_PWR_ConfigPVD                                 build/stm32f0xx_hal_pwr_ex.o
HAL_PWR_DeInit                                    build/stm32f0xx_hal_pwr.o
HAL_PWR_DisableBkUpAccess                         build/stm32f0xx_hal_pwr.o
HAL_PWR_DisablePVD                                build/stm32f0xx_hal_pwr_ex.o
HAL_PWR_DisableSEVOnPend                          build/stm32f0xx_hal_pwr.o
HAL_PWR_DisableSleepOnExit                        build/stm32f0xx_hal_pwr.o
HAL_PWR_DisableWakeUpPin                          build/stm32f0xx_hal_pwr.o
HAL_PWR_EnableBkUpAccess                          build/stm32f0xx_hal_pwr.o
HAL_PWR_EnablePVD                                 build/stm32f0xx_hal_pwr_ex.o
HAL_PWR_EnableSEVOnPend                           build/stm32f0xx_hal_pwr.o
HAL_PWR_EnableSleepOnExit                         build/stm32f0xx_hal_pwr.o
HAL_PWR_EnableWakeUpPin                           build/stm32f0xx_hal_pwr.o
HAL_PWR_EnterSLEEPMode                            build/stm32f0xx_hal_pwr.o
HAL_PWR_EnterSTANDBYMode                          build/stm32f0xx_hal_pwr.o
HAL_PWR_EnterSTOPMode                             build/stm32f0xx_hal_pwr.o
HAL_PWR_PVDCallback                               build/stm32f0xx_hal_pwr_ex.o
HAL_PWR_PVD_IRQHandler                            build/stm32f0xx_hal_pwr_ex.o
HAL_RCCEx_CRSConfig                               build/stm32f0xx_hal_rcc_ex.o
HAL_RCCEx_CRSGetSynchronizationInfo               build/stm32f0xx_hal_rcc_ex.o
HAL_RCCEx_CRSSoftwareSynchronizationGenerate      build/stm32f0xx_hal_rcc_ex.o
HAL_RCCEx_CRSWaitSynchronization                  build/stm32f0xx_hal_rcc_ex.o
HAL_RCCEx_CRS_ErrorCallback                       build/stm32f0xx_hal_rcc_ex.o
HAL_RCCEx_CRS_ExpectedSyncCallback                build/stm32f0xx_hal_rcc_ex.o
HAL_RCCEx_CRS_IRQHandler                          build/stm32f0xx_hal_rcc_ex.o
HAL_RCCEx_CRS_SyncOkCallback                      build/stm32f0xx_hal_rcc_ex.o
HAL_RCCEx_CRS_SyncWarnCallback                    build/stm32f0xx_hal_rcc_ex.o
HAL_RCCEx_GetPeriphCLKConfig                      build/stm32f0xx_hal_rcc_ex.o
HAL_RCCEx_GetPeriphCLKFreq                        build/stm32f0xx_hal_rcc_ex.o
HAL_RCCEx_PeriphCLKConfig                         build/stm32f0xx_hal_rcc_ex.o
HAL_RCC_CSSCallback                               build/stm32f0xx_hal_rcc.o
HAL_RCC_ClockConfig                               build/stm32f0xx_hal_rcc.o
                                                  build/mcu.o
HAL_RCC_DeInit                                    build/stm32f0xx_hal_rcc.o
HAL_RCC_DisableCSS                                build/stm32f0xx_hal_rcc.o
HAL_RCC_EnableCSS                                 build/stm32f0xx_hal_rcc.o
HAL_RCC_GetClockConfig                            build/stm32f0xx_hal_rcc.o
HAL_RCC_GetHCLKFreq                               build/stm32f0xx_hal_rcc.o
                                                  build/stm32f0xx_hal.o
                                                  build/mcu.o
HAL_RCC_GetOscConfig                              build/stm32f0xx_hal_rcc.o
HAL_RCC_GetPCLK1Freq                              build/stm32f0xx_hal_rcc.o
                                                  build/stm32f0xx_hal_rcc_ex.o
HAL_RCC_GetSysClockFreq                           build/stm32f0xx_hal_rcc.o
                                                  build/stm32f0xx_hal_rcc_ex.o
HAL_RCC_MCOConfig                                 build/stm32f0xx_hal_rcc.o
HAL_RCC_NMI_IRQHandler                            build/stm32f0xx_hal_rcc.o
HAL_RCC_OscConfig                                 build/stm32f0xx_hal_rcc.o
                                                  build/mcu.o
HAL_ResumeTick                                    build/stm32f0xx_hal.o
HAL_SYSTICK_CLKSourceConfig                       build/stm32f0xx_hal_cortex.o
                                                  build/mcu.o
HAL_SYSTICK_Callback                              build/stm32f0xx_hal_cortex.o
HAL_SYSTICK_Config                                build/stm32f0xx_hal_cortex.o
                                                  build/stm32f0xx_hal.o
                                                  build/mcu.o
HAL_SYSTICK_IRQHandler                            build/stm32f0xx_hal_cortex.o
                                                  build/stm32f0xx_it.o
HAL_SuspendTick                                   build/stm32f0xx_hal.o
HAL_TIMEx_BreakCallback                           build/stm32f0xx_hal_tim_ex.o
                                                  build/stm32f0xx_hal_tim.o
HAL_TIMEx_CommutationCallback                     build/stm32f0xx_hal_tim_ex.o
                                                  build/stm32f0xx_hal_tim.o
HAL_TIMEx_ConfigBreakDeadTime                     build/stm32f0xx_hal_tim_ex.o
                                                  build/tim.o
HAL_TIMEx_ConfigCommutationEvent                  build/stm32f0xx_hal_tim_ex.o
HAL_TIMEx_ConfigCommutationEvent_DMA              build/stm32f0xx_hal_tim_ex.o
HAL_TIMEx_ConfigCommutationEvent_IT               build/stm32f0xx_hal_tim_ex.o
HAL_TIMEx_HallSensor_DeInit                       build/stm32f0xx_hal_tim_ex.o
HAL_TIMEx_HallSensor_GetState                     build/stm32f0xx_hal_tim_ex.o
HAL_TIMEx_HallSensor_Init                         build/stm32f0xx_hal_tim_ex.o
HAL_TIMEx_HallSensor_MspDeInit                    build/stm32f0xx_hal_tim_ex.o
HAL_TIMEx_HallSensor_MspInit                      build/stm32f0xx_hal_tim_ex.o
HAL_TIMEx_HallSensor_Start                        build/stm32f0xx_hal_tim_ex.o
HAL_TIMEx_HallSensor_Start_DMA                    build/stm32f0xx_hal_tim_ex.o
HAL_TIMEx_HallSensor_Start_IT                     build/stm32f0xx_hal_tim_ex.o
HAL_TIMEx_HallSensor_Stop                         build/stm32f0xx_hal_tim_ex.o
HAL_TIMEx_HallSensor_Stop_DMA                     build/stm32f0xx_hal_tim_ex.o
HAL_TIMEx_HallSensor_Stop_IT                      build/stm32f0xx_hal_tim_ex.o
HAL_TIMEx_MasterConfigSynchronization             build/stm32f0xx_hal_tim_ex.o
                                                  build/tim.o
HAL_TIMEx_OCN_Start                               build/stm32f0xx_hal_tim_ex.o
HAL_TIMEx_OCN_Start_DMA                           build/stm32f0xx_hal_tim_ex.o
HAL_TIMEx_OCN_Start_IT                            build/stm32f0xx_hal_tim_ex.o
HAL_TIMEx_OCN_Stop                                build/stm32f0xx_hal_tim_ex.o
HAL_TIMEx_OCN_Stop_DMA                            build/stm32f0xx_hal_tim_ex.o
HAL_TIMEx_OCN_Stop_IT                             build/stm32f0xx_hal_tim_ex.o
HAL_TIMEx_OnePulseN_Start                         build/stm32f0xx_hal_tim_ex.o
HAL_TIMEx_OnePulseN_Start_IT                      build/stm32f0xx_hal_tim_ex.o
HAL_TIMEx_OnePulseN_Stop                          build/stm32f0xx_hal_tim_ex.o
HAL_TIMEx_OnePulseN_Stop_IT                       build/stm32f0xx_hal_tim_ex.o
HAL_TIMEx_PWMN_Start                              build/stm32f0xx_hal_tim_ex.o
HAL_TIMEx_PWMN_Start_DMA                          build/stm32f0xx_hal_tim_ex.o
HAL_TIMEx_PWMN_Start_IT                           build/stm32f0xx_hal_tim_ex.o
HAL_TIMEx_PWMN_Stop                               build/stm32f0xx_hal_tim_ex.o
HAL_TIMEx_PWMN_Stop_DMA                           build/stm32f0xx_hal_tim_ex.o
HAL_TIMEx_PWMN_Stop_IT                            build/stm32f0xx_hal_tim_ex.o
HAL_TIMEx_RemapConfig                             build/stm32f0xx_hal_tim_ex.o
HAL_TIM_Base_DeInit                               build/stm32f0xx_hal_tim.o
HAL_TIM_Base_GetState                             build/stm32f0xx_hal_tim.o
HAL_TIM_Base_Init                                 build/stm32f0xx_hal_tim.o
HAL_TIM_Base_MspDeInit                            build/stm32f0xx_hal_tim.o
HAL_TIM_Base_MspInit                              build/stm32f0xx_hal_tim.o
HAL_TIM_Base_Start                                build/stm32f0xx_hal_tim.o
HAL_TIM_Base_Start_DMA                            build/stm32f0xx_hal_tim.o
HAL_TIM_Base_Start_IT                             build/stm32f0xx_hal_tim.o
HAL_TIM_Base_Stop                                 build/stm32f0xx_hal_tim.o
HAL_TIM_Base_Stop_DMA                             build/stm32f0xx_hal_tim.o
HAL_TIM_Base_Stop_IT                              build/stm32f0xx_hal_tim.o
HAL_TIM_ConfigClockSource                         build/stm32f0xx_hal_tim.o
HAL_TIM_ConfigOCrefClear                          build/stm32f0xx_hal_tim_ex.o
                                                  build/stm32f0xx_hal_tim.o
HAL_TIM_ConfigTI1Input                            build/stm32f0xx_hal_tim.o
HAL_TIM_DMABurst_MultiReadStart                   build/stm32f0xx_hal_tim.o
HAL_TIM_DMABurst_MultiWriteStart                  build/stm32f0xx_hal_tim.o
HAL_TIM_DMABurst_ReadStart                        build/stm32f0xx_hal_tim.o
HAL_TIM_DMABurst_ReadStop                         build/stm32f0xx_hal_tim.o
HAL_TIM_DMABurst_WriteStart                       build/stm32f0xx_hal_tim.o
HAL_TIM_DMABurst_WriteStop                        build/stm32f0xx_hal_tim.o
HAL_TIM_Encoder_DeInit                            build/stm32f0xx_hal_tim.o
HAL_TIM_Encoder_GetState                          build/stm32f0xx_hal_tim.o
HAL_TIM_Encoder_Init                              build/stm32f0xx_hal_tim.o
HAL_TIM_Encoder_MspDeInit                         build/stm32f0xx_hal_tim.o
HAL_TIM_Encoder_MspInit                           build/stm32f0xx_hal_tim.o
HAL_TIM_Encoder_Start                             build/stm32f0xx_hal_tim.o
HAL_TIM_Encoder_Start_DMA                         build/stm32f0xx_hal_tim.o
HAL_TIM_Encoder_Start_IT                          build/stm32f0xx_hal_tim.o
HAL_TIM_Encoder_Stop                              build/stm32f0xx_hal_tim.o
HAL_TIM_Encoder_Stop_DMA                          build/stm32f0xx_hal_tim.o
HAL_TIM_Encoder_Stop_IT                           build/stm32f0xx_hal_tim.o
HAL_TIM_ErrorCallback                             build/stm32f0xx_hal_tim.o
HAL_TIM_GenerateEvent                             build/stm32f0xx_hal_tim.o
HAL_TIM_IC_CaptureCallback                        build/stm32f0xx_hal_tim.o
HAL_TIM_IC_ConfigChannel                          build/stm32f0xx_hal_tim.o
HAL_TIM_IC_DeInit                                 build/stm32f0xx_hal_tim.o
HAL_TIM_IC_GetState                               build/stm32f0xx_hal_tim.o
HAL_TIM_IC_Init                                   build/stm32f0xx_hal_tim.o
HAL_TIM_IC_MspDeInit                              build/stm32f0xx_hal_tim.o
HAL_TIM_IC_MspInit                                build/stm32f0xx_hal_tim.o
HAL_TIM_IC_Start                                  build/stm32f0xx_hal_tim.o
HAL_TIM_IC_Start_DMA                              build/stm32f0xx_hal_tim.o
HAL_TIM_IC_Start_IT                               build/stm32f0xx_hal_tim.o
HAL_TIM_IC_Stop                                   build/stm32f0xx_hal_tim.o
HAL_TIM_IC_Stop_DMA                               build/stm32f0xx_hal_tim.o
HAL_TIM_IC_Stop_IT                                build/stm32f0xx_hal_tim.o
HAL_TIM_IRQHandler                                build/stm32f0xx_hal_tim.o
HAL_TIM_MspPostInit                               build/tim.o
HAL_TIM_OC_ConfigChannel                          build/stm32f0xx_hal_tim.o
HAL_TIM_OC_DeInit                                 build/stm32f0xx_hal_tim.o
HAL_TIM_OC_DelayElapsedCallback                   build/stm32f0xx_hal_tim.o
HAL_TIM_OC_GetState                               build/stm32f0xx_hal_tim.o
HAL_TIM_OC_Init                                   build/stm32f0xx_hal_tim.o
HAL_TIM_OC_MspDeInit                              build/stm32f0xx_hal_tim.o
HAL_TIM_OC_MspInit                                build/stm32f0xx_hal_tim.o
HAL_TIM_OC_Start                                  build/stm32f0xx_hal_tim.o
HAL_TIM_OC_Start_DMA                              build/stm32f0xx_hal_tim.o
HAL_TIM_OC_Start_IT                               build/stm32f0xx_hal_tim.o
HAL_TIM_OC_Stop                                   build/stm32f0xx_hal_tim.o
HAL_TIM_OC_Stop_DMA                               build/stm32f0xx_hal_tim.o
HAL_TIM_OC_Stop_IT                                build/stm32f0xx_hal_tim.o
HAL_TIM_OnePulse_ConfigChannel                    build/stm32f0xx_hal_tim.o
HAL_TIM_OnePulse_DeInit                           build/stm32f0xx_hal_tim.o
HAL_TIM_OnePulse_GetState                         build/stm32f0xx_hal_tim.o
HAL_TIM_OnePulse_Init                             build/stm32f0xx_hal_tim.o
HAL_TIM_OnePulse_MspDeInit                        build/stm32f0xx_hal_tim.o
HAL_TIM_OnePulse_MspInit                          build/stm32f0xx_hal_tim.o
HAL_TIM_OnePulse_Start                            build/stm32f0xx_hal_tim.o
HAL_TIM_OnePulse_Start_IT                         build/stm32f0xx_hal_tim.o
HAL_TIM_OnePulse_Stop                             build/stm32f0xx_hal_tim.o
HAL_TIM_OnePulse_Stop_IT                          build/stm32f0xx_hal_tim.o
HAL_TIM_PWM_ConfigChannel                         build/stm32f0xx_hal_tim.o
                                                  build/tim.o
HAL_TIM_PWM_DeInit                                build/stm32f0xx_hal_tim.o
HAL_TIM_PWM_GetState                              build/stm32f0xx_hal_tim.o
HAL_TIM_PWM_Init                                  build/stm32f0xx_hal_tim.o
                                                  build/tim.o
HAL_TIM_PWM_MspDeInit                             build/tim.o
HAL_TIM_PWM_MspInit                               build/tim.o
HAL_TIM_PWM_PulseFinishedCallback                 build/stm32f0xx_hal_tim.o
HAL_TIM_PWM_Start                                 build/stm32f0xx_hal_tim.o
                                                  build/fans.o
HAL_TIM_PWM_Start_DMA                             build/stm32f0xx_hal_tim.o
HAL_TIM_PWM_Start_IT                              build/stm32f0xx_hal_tim.o
HAL_TIM_PWM_Stop                                  build/stm32f0xx_hal_tim.o
HAL_TIM_PWM_Stop_DMA                              build/stm32f0xx_hal_tim.o
HAL_TIM_PWM_Stop_IT                               build/stm32f0xx_hal_tim.o
HAL_TIM_PeriodElapsedCallback                     build/stm32f0xx_hal_tim.o
HAL_TIM_ReadCapturedValue                         build/stm32f0xx_hal_tim.o
HAL_TIM_SlaveConfigSynchronization                build/stm32f0xx_hal_tim.o
HAL_TIM_SlaveConfigSynchronization_IT             build/stm32f0xx_hal_tim.o
HAL_TIM_TriggerCallback                           build/stm32f0xx_hal_tim.o
HardFault_Handler                                 build/stm32f0xx_it.o
I2C1_IRQHandler                                   build/startup_stm32f072xb.o
I2C2_IRQHandler                                   build/startup_stm32f072xb.o
MX_ADC_Init                                       build/adc.o
                                                  build/sensors.o
MX_DMA_Init                                       build/dma.o
                                                  build/sensors.o
MX_GPIO_Init                                      build/gpio.o
                                                  build/mcu.o
MX_TIM1_Init                                      build/tim.o
                                                  build/fans.o
NMI_Handler                                       build/stm32f0xx_it.o
PVD_VDDIO2_IRQHandler                             build/startup_stm32f072xb.o
PendSV_Handler                                    build/stm32f0xx_it.o
RCC_CRS_IRQHandler                                build/startup_stm32f072xb.o
RTC_IRQHandler                                    build/startup_stm32f072xb.o
Reset_Handler                                     build/startup_stm32f072xb.o
SPI1_IRQHandler                                   build/startup_stm32f072xb.o
SPI2_IRQHandler                                   build/startup_stm32f072xb.o
SVC_Handler                                       build/stm32f0xx_it.o
SysTick_Handler                                   build/stm32f0xx_it.o
SystemCoreClock                                   build/system_stm32f0xx.o
                                                  build/stm32f0xx_hal_rcc.o
                                                  build/stm32f0xx_hal_adc.o
SystemCoreClockUpdate                             build/system_stm32f0xx.o
SystemInit                                        build/system_stm32f0xx.o
                                                  build/startup_stm32f072xb.o
TIM14_IRQHandler                                  build/startup_stm32f072xb.o
TIM15_IRQHandler                                  build/startup_stm32f072xb.o
TIM16_IRQHandler                                  build/startup_stm32f072xb.o
TIM17_IRQHandler                                  build/startup_stm32f072xb.o
TIM1_BRK_UP_TRG_COM_IRQHandler                    build/startup_stm32f072xb.o
TIM1_CC_IRQHandler                                build/startup_stm32f072xb.o
TIM2_IRQHandler                                   build/startup_stm32f072xb.o
TIM3_IRQHandler                                   build/startup_stm32f072xb.o
TIM6_DAC_IRQHandler                               build/startup_stm32f072xb.o
TIM7_IRQHandler                                   build/startup_stm32f072xb.o
TIMEx_DMACommutationCplt                          build/stm32f0xx_hal_tim_ex.o
                                                  build/stm32f0xx_hal_tim.o
TIM_Base_SetConfig                                build/stm32f0xx_hal_tim.o
                                                  build/stm32f0xx_hal_tim_ex.o
TIM_CCxChannelCmd                                 build/stm32f0xx_hal_tim.o
                                                  build/stm32f0xx_hal_tim_ex.o
TIM_DMACaptureCplt                                build/stm32f0xx_hal_tim.o
                                                  build/stm32f0xx_hal_tim_ex.o
TIM_DMADelayPulseCplt                             build/stm32f0xx_hal_tim.o
                                                  build/stm32f0xx_hal_tim_ex.o
TIM_DMAError                                      build/stm32f0xx_hal_tim.o
                                                  build/stm32f0xx_hal_tim_ex.o
TIM_ETR_SetConfig                                 build/stm32f0xx_hal_tim.o
                                                  build/stm32f0xx_hal_tim_ex.o
TIM_OC2_SetConfig                                 build/stm32f0xx_hal_tim.o
                                                  build/stm32f0xx_hal_tim_ex.o
TIM_TI1_SetConfig                                 build/stm32f0xx_hal_tim.o
                                                  build/stm32f0xx_hal_tim_ex.o
TSC_IRQHandler                                    build/startup_stm32f072xb.o
USART1_IRQHandler                                 build/startup_stm32f072xb.o
USART2_IRQHandler                                 build/startup_stm32f072xb.o
USART3_4_IRQHandler                               build/startup_stm32f072xb.o
USB_IRQHandler                                    build/startup_stm32f072xb.o
WWDG_IRQHandler                                   build/startup_stm32f072xb.o
_Error_Handler                                    build/mcu.o
                                                  build/adc.o
                                                  build/tim.o
__aeabi_cfcmpeq                                   /home/lhaug/Applications/gcc-arm-none-eabi-7-2018-q2-update/bin/../lib/gcc/arm-none-eabi/7.3.1/thumb/v6-m/libgcc.a(_arm_cmpsf2.o)
__aeabi_cfcmple                                   /home/lhaug/Applications/gcc-arm-none-eabi-7-2018-q2-update/bin/../lib/gcc/arm-none-eabi/7.3.1/thumb/v6-m/libgcc.a(_arm_cmpsf2.o)
__aeabi_cfrcmple                                  /home/lhaug/Applications/gcc-arm-none-eabi-7-2018-q2-update/bin/../lib/gcc/arm-none-eabi/7.3.1/thumb/v6-m/libgcc.a(_arm_cmpsf2.o)
__aeabi_f2iz                                      /home/lhaug/Applications/gcc-arm-none-eabi-7-2018-q2-update/bin/../lib/gcc/arm-none-eabi/7.3.1/thumb/v6-m/libgcc.a(fixsfsi.o)
                                                  /home/lhaug/Applications/gcc-arm-none-eabi-7-2018-q2-update/bin/../lib/gcc/arm-none-eabi/7.3.1/thumb/v6-m/libgcc.a(_fixunssfsi.o)
__aeabi_f2uiz                                     /home/lhaug/Applications/gcc-arm-none-eabi-7-2018-q2-update/bin/../lib/gcc/arm-none-eabi/7.3.1/thumb/v6-m/libgcc.a(_fixunssfsi.o)
                                                  build/control.o
__aeabi_fadd                                      /home/lhaug/Applications/gcc-arm-none-eabi-7-2018-q2-update/bin/../lib/gcc/arm-none-eabi/7.3.1/thumb/v6-m/libgcc.a(addsf3.o)
                                                  build/control.o
__aeabi_fcmpeq                                    /home/lhaug/Applications/gcc-arm-none-eabi-7-2018-q2-update/bin/../lib/gcc/arm-none-eabi/7.3.1/thumb/v6-m/libgcc.a(_arm_cmpsf2.o)
__aeabi_fcmpge                                    /home/lhaug/Applications/gcc-arm-none-eabi-7-2018-q2-update/bin/../lib/gcc/arm-none-eabi/7.3.1/thumb/v6-m/libgcc.a(_arm_cmpsf2.o)
                                                  /home/lhaug/Applications/gcc-arm-none-eabi-7-2018-q2-update/bin/../lib/gcc/arm-none-eabi/7.3.1/thumb/v6-m/libgcc.a(_fixunssfsi.o)
__aeabi_fcmpgt                                    /home/lhaug/Applications/gcc-arm-none-eabi-7-2018-q2-update/bin/../lib/gcc/arm-none-eabi/7.3.1/thumb/v6-m/libgcc.a(_arm_cmpsf2.o)
                                                  build/control.o
__aeabi_fcmple                                    /home/lhaug/Applications/gcc-arm-none-eabi-7-2018-q2-update/bin/../lib/gcc/arm-none-eabi/7.3.1/thumb/v6-m/libgcc.a(_arm_cmpsf2.o)
__aeabi_fcmplt                                    /home/lhaug/Applications/gcc-arm-none-eabi-7-2018-q2-update/bin/../lib/gcc/arm-none-eabi/7.3.1/thumb/v6-m/libgcc.a(_arm_cmpsf2.o)
                                                  build/control.o
__aeabi_fdiv                                      /home/lhaug/Applications/gcc-arm-none-eabi-7-2018-q2-update/bin/../lib/gcc/arm-none-eabi/7.3.1/thumb/v6-m/libgcc.a(divsf3.o)
                                                  build/control.o
__aeabi_fmul                                      /home/lhaug/Applications/gcc-arm-none-eabi-7-2018-q2-update/bin/../lib/gcc/arm-none-eabi/7.3.1/thumb/v6-m/libgcc.a(mulsf3.o)
                                                  build/control.o
__aeabi_fsub                                      /home/lhaug/Applications/gcc-arm-none-eabi-7-2018-q2-update/bin/../lib/gcc/arm-none-eabi/7.3.1/thumb/v6-m/libgcc.a(subsf3.o)
                                                  /home/lhaug/Applications/gcc-arm-none-eabi-7-2018-q2-update/bin/../lib/gcc/arm-none-eabi/7.3.1/thumb/v6-m/libgcc.a(_fixunssfsi.o)
                                                  build/control.o
__aeabi_idiv                                      /home/lhaug/Applications/gcc-arm-none-eabi-7-2018-q2-update/bin/../lib/gcc/arm-none-eabi/7.3.1/thumb/v6-m/libgcc.a(_divsi3.o)
__aeabi_idiv0                                     /home/lhaug/Applications/gcc-arm-none-eabi-7-2018-q2-update/bin/../lib/gcc/arm-none-eabi/7.3.1/thumb/v6-m/libgcc.a(_dvmd_tls.o)
                                                  /home/lhaug/Applications/gcc-arm-none-eabi-7-2018-q2-update/bin/../lib/gcc/arm-none-eabi/7.3.1/thumb/v6-m/libgcc.a(_divsi3.o)
                                                  /home/lhaug/Applications/gcc-arm-none-eabi-7-2018-q2-update/bin/../lib/gcc/arm-none-eabi/7.3.1/thumb/v6-m/libgcc.a(_udivsi3.o)
__aeabi_idivmod                                   /home/lhaug/Applications/gcc-arm-none-eabi-7-2018-q2-update/bin/../lib/gcc/arm-none-eabi/7.3.1/thumb/v6-m/libgcc.a(_divsi3.o)
                                                  build/control.o
__aeabi_ldiv0                                     /home/lhaug/Applications/gcc-arm-none-eabi-7-2018-q2-update/bin/../lib/gcc/arm-none-eabi/7.3.1/thumb/v6-m/libgcc.a(_dvmd_tls.o)
__aeabi_ui2f                                      /home/lhaug/Applications/gcc-arm-none-eabi-7-2018-q2-update/bin/../lib/gcc/arm-none-eabi/7.3.1/thumb/v6-m/libgcc.a(floatunsisf.o)
                                                  build/control.o
__aeabi_uidiv                                     /home/lhaug/Applications/gcc-arm-none-eabi-7-2018-q2-update/bin/../lib/gcc/arm-none-eabi/7.3.1/thumb/v6-m/libgcc.a(_udivsi3.o)
                                                  build/stm32f0xx_hal_rcc.o
                                                  build/stm32f0xx_hal_dma.o
                                                  build/stm32f0xx_hal_adc.o
                                                  build/stm32f0xx_hal.o
                                                  build/stm32f0xx_hal_rcc_ex.o
                                                  build/system_stm32f0xx.o
                                                  build/control.o
                                                  build/mcu.o
__aeabi_uidivmod                                  /home/lhaug/Applications/gcc-arm-none-eabi-7-2018-q2-update/bin/../lib/gcc/arm-none-eabi/7.3.1/thumb/v6-m/libgcc.a(_udivsi3.o)
__bss_end__                                       /home/lhaug/Applications/gcc-arm-none-eabi-7-2018-q2-update/bin/../lib/gcc/arm-none-eabi/7.3.1/../../../../arm-none-eabi/lib/thumb/v6-m/crt0.o
__bss_start__                                     /home/lhaug/Applications/gcc-arm-none-eabi-7-2018-q2-update/bin/../lib/gcc/arm-none-eabi/7.3.1/../../../../arm-none-eabi/lib/thumb/v6-m/crt0.o
__call_exitprocs                                  /home/lhaug/Applications/gcc-arm-none-eabi-7-2018-q2-update/bin/../lib/gcc/arm-none-eabi/7.3.1/../../../../arm-none-eabi/lib/thumb/v6-m/libc_nano.a(lib_a-exit.o)
__clzsi2                                          /home/lhaug/Applications/gcc-arm-none-eabi-7-2018-q2-update/bin/../lib/gcc/arm-none-eabi/7.3.1/thumb/v6-m/libgcc.a(_clzsi2.o)
                                                  /home/lhaug/Applications/gcc-arm-none-eabi-7-2018-q2-update/bin/../lib/gcc/arm-none-eabi/7.3.1/thumb/v6-m/libgcc.a(floatunsisf.o)
                                                  /home/lhaug/Applications/gcc-arm-none-eabi-7-2018-q2-update/bin/../lib/gcc/arm-none-eabi/7.3.1/thumb/v6-m/libgcc.a(subsf3.o)
                                                  /home/lhaug/Applications/gcc-arm-none-eabi-7-2018-q2-update/bin/../lib/gcc/arm-none-eabi/7.3.1/thumb/v6-m/libgcc.a(mulsf3.o)
                                                  /home/lhaug/Applications/gcc-arm-none-eabi-7-2018-q2-update/bin/../lib/gcc/arm-none-eabi/7.3.1/thumb/v6-m/libgcc.a(divsf3.o)
                                                  /home/lhaug/Applications/gcc-arm-none-eabi-7-2018-q2-update/bin/../lib/gcc/arm-none-eabi/7.3.1/thumb/v6-m/libgcc.a(addsf3.o)
__deregister_frame_info                           /home/lhaug/Applications/gcc-arm-none-eabi-7-2018-q2-update/bin/../lib/gcc/arm-none-eabi/7.3.1/thumb/v6-m/crtbegin.o
__divsi3                                          /home/lhaug/Applications/gcc-arm-none-eabi-7-2018-q2-update/bin/../lib/gcc/arm-none-eabi/7.3.1/thumb/v6-m/libgcc.a(_divsi3.o)
__dso_handle                                      /home/lhaug/Applications/gcc-arm-none-eabi-7-2018-q2-update/bin/../lib/gcc/arm-none-eabi/7.3.1/thumb/v6-m/crtbegin.o
__eqsf2                                           /home/lhaug/Applications/gcc-arm-none-eabi-7-2018-q2-update/bin/../lib/gcc/arm-none-eabi/7.3.1/thumb/v6-m/libgcc.a(eqsf2.o)
                                                  /home/lhaug/Applications/gcc-arm-none-eabi-7-2018-q2-update/bin/../lib/gcc/arm-none-eabi/7.3.1/thumb/v6-m/libgcc.a(_arm_cmpsf2.o)
__fixunssfsi                                      /home/lhaug/Applications/gcc-arm-none-eabi-7-2018-q2-update/bin/../lib/gcc/arm-none-eabi/7.3.1/thumb/v6-m/libgcc.a(_fixunssfsi.o)
__gesf2                                           /home/lhaug/Applications/gcc-arm-none-eabi-7-2018-q2-update/bin/../lib/gcc/arm-none-eabi/7.3.1/thumb/v6-m/libgcc.a(gesf2.o)
                                                  /home/lhaug/Applications/gcc-arm-none-eabi-7-2018-q2-update/bin/../lib/gcc/arm-none-eabi/7.3.1/thumb/v6-m/libgcc.a(_arm_cmpsf2.o)
__gtsf2                                           /home/lhaug/Applications/gcc-arm-none-eabi-7-2018-q2-update/bin/../lib/gcc/arm-none-eabi/7.3.1/thumb/v6-m/libgcc.a(gesf2.o)
__init_array_end                                  /home/lhaug/Applications/gcc-arm-none-eabi-7-2018-q2-update/bin/../lib/gcc/arm-none-eabi/7.3.1/../../../../arm-none-eabi/lib/thumb/v6-m/libc_nano.a(lib_a-init.o)
__init_array_start                                /home/lhaug/Applications/gcc-arm-none-eabi-7-2018-q2-update/bin/../lib/gcc/arm-none-eabi/7.3.1/../../../../arm-none-eabi/lib/thumb/v6-m/libc_nano.a(lib_a-init.o)
__lesf2                                           /home/lhaug/Applications/gcc-arm-none-eabi-7-2018-q2-update/bin/../lib/gcc/arm-none-eabi/7.3.1/thumb/v6-m/libgcc.a(lesf2.o)
                                                  /home/lhaug/Applications/gcc-arm-none-eabi-7-2018-q2-update/bin/../lib/gcc/arm-none-eabi/7.3.1/thumb/v6-m/libgcc.a(_arm_cmpsf2.o)
__libc_fini_array                                 /home/lhaug/Applications/gcc-arm-none-eabi-7-2018-q2-update/bin/../lib/gcc/arm-none-eabi/7.3.1/../../../../arm-none-eabi/lib/thumb/v6-m/crt0.o
__libc_init_array                                 /home/lhaug/Applications/gcc-arm-none-eabi-7-2018-q2-update/bin/../lib/gcc/arm-none-eabi/7.3.1/../../../../arm-none-eabi/lib/thumb/v6-m/libc_nano.a(lib_a-init.o)
                                                  build/startup_stm32f072xb.o
                                                  /home/lhaug/Applications/gcc-arm-none-eabi-7-2018-q2-update/bin/../lib/gcc/arm-none-eabi/7.3.1/../../../../arm-none-eabi/lib/thumb/v6-m/crt0.o
__ltsf2                                           /home/lhaug/Applications/gcc-arm-none-eabi-7-2018-q2-update/bin/../lib/gcc/arm-none-eabi/7.3.1/thumb/v6-m/libgcc.a(lesf2.o)
__nesf2                                           /home/lhaug/Applications/gcc-arm-none-eabi-7-2018-q2-update/bin/../lib/gcc/arm-none-eabi/7.3.1/thumb/v6-m/libgcc.a(eqsf2.o)
__preinit_array_end                               /home/lhaug/Applications/gcc-arm-none-eabi-7-2018-q2-update/bin/../lib/gcc/arm-none-eabi/7.3.1/../../../../arm-none-eabi/lib/thumb/v6-m/libc_nano.a(lib_a-init.o)
__preinit_array_start                             /home/lhaug/Applications/gcc-arm-none-eabi-7-2018-q2-update/bin/../lib/gcc/arm-none-eabi/7.3.1/../../../../arm-none-eabi/lib/thumb/v6-m/libc_nano.a(lib_a-init.o)
__register_frame_info                             /home/lhaug/Applications/gcc-arm-none-eabi-7-2018-q2-update/bin/../lib/gcc/arm-none-eabi/7.3.1/thumb/v6-m/crtbegin.o