Archive member included to satisfy reference by file (symbol)

/home/lhaug/Applications/gcc-arm-none-eabi-7-2018-q2-update/bin/../lib/gcc/arm-none-eabi/7.3.1/../../../../arm-none-eabi/lib/thumb/v6-m/libc_nano.a(lib_a-exit.o)
                              /home/lhaug/Applications/gcc-arm-none-eabi-7-2018-q2-update/bin/../lib/gcc/arm-none-eabi/7.3.1/../../../../arm-none-eabi/lib/thumb/v6-m/crt0.o (exit)
/home/lhaug/Applications/gcc-arm-none-eabi-7-2018-q2-update/bin/../lib/gcc/arm-none-eabi/7.3.1/../../../../arm-none-eabi/lib/thumb/v6-m/libc_nano.a(lib_a-impure.o)
                              /home/lhaug/Applications/gcc-arm-none-eabi-7-2018-q2-update/bin/../lib/gcc/arm-none-eabi/7.3.1/../../../../arm-none-eabi/lib/thumb/v6-m/libc_nano.a(lib_a-exit.o) (_global_impure_ptr)
/home/lhaug/Applications/gcc-arm-none-eabi-7-2018-q2-update/bin/../lib/gcc/arm-none-eabi/7.3.1/../../../../arm-none-eabi/lib/thumb/v6-m/libc_nano.a(lib_a-init.o)
                              /home/lhaug/Applications/gcc-arm-none-eabi-7-2018-q2-update/bin/../lib/gcc/arm-none-eabi/7.3.1/../../../../arm-none-eabi/lib/thumb/v6-m/crt0.o (__libc_init_array)
/home/lhaug/Applications/gcc-arm-none-eabi-7-2018-q2-update/bin/../lib/gcc/arm-none-eabi/7.3.1/../../../../arm-none-eabi/lib/thumb/v6-m/libc_nano.a(lib_a-memset.o)
                              /home/lhaug/Applications/gcc-arm-none-eabi-7-2018-q2-update/bin/../lib/gcc/arm-none-eabi/7.3.1/../../../../arm-none-eabi/lib/thumb/v6-m/crt0.o (memset)
/home/lhaug/Applications/gcc-arm-none-eabi-7-2018-q2-update/bin/../lib/gcc/arm-none-eabi/7.3.1/../../../../arm-none-eabi/lib/thumb/v6-m/libnosys.a(_exit.o)
                              /home/lhaug/Applications/gcc-arm-none-eabi-7-2018-q2-update/bin/../lib/gcc/arm-none-eabi/7.3.1/../../../../arm-none-eabi/lib/thumb/v6-m/libc_nano.a(lib_a-exit.o) (_exit)
/home/lhaug/Applications/gcc-arm-none-eabi-7-2018-q2-update/bin/../lib/gcc/arm-none-eabi/7.3.1/thumb/v6-m/libgcc.a(_udivsi3.o)
                              build/mcu.o (__aeabi_uidiv)
/home/lhaug/Applications/gcc-arm-none-eabi-7-2018-q2-update/bin/../lib/gcc/arm-none-eabi/7.3.1/thumb/v6-m/libgcc.a(_dvmd_tls.o)
                              /home/lhaug/Applications/gcc-arm-none-eabi-7-2018-q2-update/bin/../lib/gcc/arm-none-eabi/7.3.1/thumb/v6-m/libgcc.a(_udivsi3.o) (__aeabi_idiv0)

Allocating common symbols
Common symbol       size              file

uwTick              0x4               build/stm32f0xx_hal.o
pFlash              0x20              build/stm32f0xx_hal_flash.o
htim1               0x40              build/tim.o
hdma_adc            0x44              build/adc.o
hadc                0x4c              build/adc.o

Discarded input sections

 .text          0x0000000000000000        0x0 /home/lhaug/Applications/gcc-arm-none-eabi-7-2018-q2-update/bin/../lib/gcc/arm-none-eabi/7.3.1/thumb/v6-m/crti.o
 .data          0x0000000000000000        0x0 /home/lhaug/Applications/gcc-arm-none-eabi-7-2018-q2-update/bin/../lib/gcc/arm-none-eabi/7.3.1/thumb/v6-m/crti.o
 .bss           0x0000000000000000        0x0 /home/lhaug/Applications/gcc-arm-none-eabi-7-2018-q2-update/bin/../lib/gcc/arm-none-eabi/7.3.1/thumb/v6-m/crti.o
 .data          0x0000000000000000        0x4 /home/lhaug/Applications/gcc-arm-none-eabi-7-2018-q2-update/bin/../lib/gcc/arm-none-eabi/7.3.1/thumb/v6-m/crtbegin.o
 .text          0x0000000000000000       0x78 /home/lhaug/Applications/gcc-arm-none-eabi-7-2018-q2-update/bin/../lib/gcc/arm-none-eabi/7.3.1/../../../../arm-none-eabi/lib/thumb/v6-m/crt0.o
 .data          0x0000000000000000        0x0 /home/lhaug/Applications/gcc-arm-none-eabi-7-2018-q2-update/bin/../lib/gcc/arm-none-eabi/7.3.1/../../../../arm-none-eabi/lib/thumb/v6-m/crt0.o
 .bss           0x0000000000000000        0x0 /home/lhaug/Applications/gcc-arm-none-eabi-7-2018-q2-update/bin/../lib/gcc/arm-none-eabi/7.3.1/../../../../arm-none-eabi/lib/thumb/v6-m/crt0.o
 .ARM.extab     0x0000000000000000        0x0 /home/lhaug/Applications/gcc-arm-none-eabi-7-2018-q2-update/bin/../lib/gcc/arm-none-eabi/7.3.1/../../../../arm-none-eabi/lib/thumb/v6-m/crt0.o
 .ARM.exidx     0x0000000000000000        0x8 /home/lhaug/Applications/gcc-arm-none-eabi-7-2018-q2-update/bin/../lib/gcc/arm-none-eabi/7.3.1/../../../../arm-none-eabi/lib/thumb/v6-m/crt0.o
 .ARM.attributes
                0x0000000000000000       0x1b /home/lhaug/Applications/gcc-arm-none-eabi-7-2018-q2-update/bin/../lib/gcc/arm-none-eabi/7.3.1/../../../../arm-none-eabi/lib/thumb/v6-m/crt0.o
 .group         0x0000000000000000        0xc build/sensors.o
 .group         0x0000000000000000        0xc build/sensors.o
 .group         0x0000000000000000        0xc build/sensors.o
 .group         0x0000000000000000        0xc build/sensors.o
 .group         0x0000000000000000        0xc build/sensors.o
 .group         0x0000000000000000        0xc build/sensors.o
 .group         0x0000000000000000        0xc build/sensors.o
 .group         0x0000000000000000        0xc build/sensors.o
[...]
Memory Configuration

Name             Origin             Length             Attributes
RAM              0x0000000020000000 0x0000000000004000 xrw
FLASH            0x0000000008000000 0x0000000000020000 xr
*default*        0x0000000000000000 0xffffffffffffffff

Linker script and memory map

LOAD /home/lhaug/Applications/gcc-arm-none-eabi-7-2018-q2-update/bin/../lib/gcc/arm-none-eabi/7.3.1/thumb/v6-m/crti.o
LOAD /home/lhaug/Applications/gcc-arm-none-eabi-7-2018-q2-update/bin/../lib/gcc/arm-none-eabi/7.3.1/thumb/v6-m/crtbegin.o
LOAD /home/lhaug/Applications/gcc-arm-none-eabi-7-2018-q2-update/bin/../lib/gcc/arm-none-eabi/7.3.1/../../../../arm-none-eabi/lib/thumb/v6-m/crt0.o
LOAD build/sensors.o
LOAD build/screen.o
LOAD build/leds.o
LOAD build/main.o
LOAD build/mcu.o
LOAD build/fans.o
LOAD build/power_resistors.o
LOAD build/control.o
LOAD build/tim.o
LOAD build/stm32f0xx_hal_msp.o
LOAD build/gpio.o
LOAD build/stm32f0xx_it.o
LOAD build/dma.o
LOAD build/system_stm32f0xx.o
LOAD build/adc.o
LOAD build/stm32f0xx_hal_rcc_ex.o
LOAD build/stm32f0xx_hal.o
LOAD build/stm32f0xx_hal_tim.o
LOAD build/stm32f0xx_hal_adc.o
LOAD build/stm32f0xx_hal_gpio.o
LOAD build/stm32f0xx_hal_cortex.o
LOAD build/stm32f0xx_hal_tim_ex.o
LOAD build/stm32f0xx_hal_adc_ex.o
LOAD build/stm32f0xx_hal_dma.o
LOAD build/stm32f0xx_hal_flash_ex.o
LOAD build/stm32f0xx_hal_pwr.o
LOAD build/stm32f0xx_hal_i2c.o
LOAD build/stm32f0xx_hal_rcc.o
LOAD build/stm32f0xx_hal_flash.o
LOAD build/stm32f0xx_hal_pwr_ex.o
LOAD build/stm32f0xx_hal_i2c_ex.o
LOAD build/startup_stm32f072xb.o
LOAD /home/lhaug/Applications/gcc-arm-none-eabi-7-2018-q2-update/bin/../lib/gcc/arm-none-eabi/7.3.1/../../../../arm-none-eabi/lib/thumb/v6-m/libc_nano.a
LOAD /home/lhaug/Applications/gcc-arm-none-eabi-7-2018-q2-update/bin/../lib/gcc/arm-none-eabi/7.3.1/../../../../arm-none-eabi/lib/thumb/v6-m/libm.a
LOAD /home/lhaug/Applications/gcc-arm-none-eabi-7-2018-q2-update/bin/../lib/gcc/arm-none-eabi/7.3.1/../../../../arm-none-eabi/lib/thumb/v6-m/libnosys.a
START GROUP
LOAD /home/lhaug/Applications/gcc-arm-none-eabi-7-2018-q2-update/bin/../lib/gcc/arm-none-eabi/7.3.1/thumb/v6-m/libgcc.a
LOAD /home/lhaug/Applications/gcc-arm-none-eabi-7-2018-q2-update/bin/../lib/gcc/arm-none-eabi/7.3.1/../../../../arm-none-eabi/lib/thumb/v6-m/libc_nano.a
END GROUP
START GROUP
LOAD /home/lhaug/Applications/gcc-arm-none-eabi-7-2018-q2-update/bin/../lib/gcc/arm-none-eabi/7.3.1/thumb/v6-m/libgcc.a
LOAD /home/lhaug/Applications/gcc-arm-none-eabi-7-2018-q2-update/bin/../lib/gcc/arm-none-eabi/7.3.1/../../../../arm-none-eabi/lib/thumb/v6-m/libc_nano.a
END GROUP
LOAD /home/lhaug/Applications/gcc-arm-none-eabi-7-2018-q2-update/bin/../lib/gcc/arm-none-eabi/7.3.1/thumb/v6-m/crtend.o
LOAD /home/lhaug/Applications/gcc-arm-none-eabi-7-2018-q2-update/bin/../lib/gcc/arm-none-eabi/7.3.1/thumb/v6-m/crtn.o
                0x0000000020004000                _estack = 0x20004000
                0x0000000000000200                _Min_Heap_Size = 0x200
                0x0000000000000400                _Min_Stack_Size = 0x400

.isr_vector     0x0000000008000000       0xc0
                0x0000000008000000                . = ALIGN (0x4)
 *(.isr_vector)
 .isr_vector    0x0000000008000000       0xc0 build/startup_stm32f072xb.o
                0x0000000008000000                g_pfnVectors
                0x00000000080000c0                . = ALIGN (0x4)

.text           0x00000000080000c0     0x1f18
                0x00000000080000c0                . = ALIGN (0x4)
 *(.text)
 .text          0x00000000080000c0       0x48 /home/lhaug/Applications/gcc-arm-none-eabi-7-2018-q2-update/bin/../lib/gcc/arm-none-eabi/7.3.1/thumb/v6-m/crtbegin.o
 .text          0x0000000008000108      0x114 /home/lhaug/Applications/gcc-arm-none-eabi-7-2018-q2-update/bin/../lib/gcc/arm-none-eabi/7.3.1/thumb/v6-m/libgcc.a(_udivsi3.o)
                0x0000000008000108                __udivsi3
                0x0000000008000108                __aeabi_uidiv
                0x0000000008000214                __aeabi_uidivmod
 .text          0x000000000800021c        0x4 /home/lhaug/Applications/gcc-arm-none-eabi-7-2018-q2-update/bin/../lib/gcc/arm-none-eabi/7.3.1/thumb/v6-m/libgcc.a(_dvmd_tls.o)
                0x000000000800021c                __aeabi_ldiv0
                0x000000000800021c                __aeabi_idiv0
 *(.text*)
 .text.sensors_init
                0x0000000008000220       0x20 build/sensors.o
                0x0000000008000220                sensors_init
 .text.HAL_ADC_ConvCpltCallback
                0x0000000008000240       0x74 build/sensors.o
                0x0000000008000240                HAL_ADC_ConvCpltCallback
 .text.led_toggle
                0x00000000080002b4        0xe build/leds.o
                0x00000000080002b4                led_toggle
 *fill*         0x00000000080002c2        0x2 
 .text.main     0x00000000080002c4       0x18 build/main.o
                0x00000000080002c4                main
 .text.mcu_sleep
                0x00000000080002dc        0x8 build/mcu.o
                0x00000000080002dc                mcu_sleep
 .text._Error_Handler
                0x00000000080002e4        0x2 build/mcu.o
                0x00000000080002e4                _Error_Handler
 *fill*         0x00000000080002e6        0x2 
 .text.SystemClock_Config
                0x00000000080002e8       0x70 build/mcu.o
 .text.mcu_init
                0x0000000008000358       0x18 build/mcu.o
                0x0000000008000358                mcu_init
 .text.fans_init
                0x0000000008000370       0x3c build/fans.o
                0x0000000008000370                fans_init
 .text.fan_speed
                0x00000000080003ac       0x20 build/fans.o
                0x00000000080003ac                fan_speed
 .text.HAL_GPIO_EXTI_Callback
                0x00000000080003cc       0x4c build/fans.o
                0x00000000080003cc                HAL_GPIO_EXTI_Callback
 .text.HAL_TIM_PWM_MspInit
                0x0000000008000418       0x2c build/tim.o
                0x0000000008000418                HAL_TIM_PWM_MspInit
 .text.HAL_TIM_MspPostInit
                0x0000000008000444       0x4c build/tim.o
                0x0000000008000444                HAL_TIM_MspPostInit
 .text.MX_TIM1_Init
                0x0000000008000490       0xd4 build/tim.o
                0x0000000008000490                MX_TIM1_Init
 .text.HAL_MspInit
                0x0000000008000564       0x54 build/stm32f0xx_hal_msp.o
                0x0000000008000564                HAL_MspInit
 .text.MX_GPIO_Init
                0x00000000080005b8       0xb8 build/gpio.o
                0x00000000080005b8                MX_GPIO_Init
 .text.NMI_Handler
                0x0000000008000670        0x2 build/stm32f0xx_it.o
                0x0000000008000670                NMI_Handler
 .text.HardFault_Handler
                0x0000000008000672        0x2 build/stm32f0xx_it.o
                0x0000000008000672                HardFault_Handler
 .text.SVC_Handler
                0x0000000008000674        0x2 build/stm32f0xx_it.o
                0x0000000008000674                SVC_Handler
 .text.PendSV_Handler
                0x0000000008000676        0x2 build/stm32f0xx_it.o
                0x0000000008000676                PendSV_Handler
 .text.SysTick_Handler
                0x0000000008000678        0xc build/stm32f0xx_it.o
                0x0000000008000678                SysTick_Handler
 .text.EXTI4_15_IRQHandler
                0x0000000008000684        0xc build/stm32f0xx_it.o
                0x0000000008000684                EXTI4_15_IRQHandler
 .text.DMA1_Channel1_IRQHandler
                0x0000000008000690       0x10 build/stm32f0xx_it.o
                0x0000000008000690                DMA1_Channel1_IRQHandler
 .text.ADC1_COMP_IRQHandler
                0x00000000080006a0       0x10 build/stm32f0xx_it.o
                0x00000000080006a0                ADC1_COMP_IRQHandler
 .text.MX_DMA_Init
                0x00000000080006b0       0x30 build/dma.o
                0x00000000080006b0                MX_DMA_Init
 .text.SystemInit
                0x00000000080006e0       0x60 build/system_stm32f0xx.o
                0x00000000080006e0                SystemInit
 .text.MX_ADC_Init
                0x0000000008000740       0x94 build/adc.o
                0x0000000008000740                MX_ADC_Init
 .text.HAL_ADC_MspInit
                0x00000000080007d4       0x98 build/adc.o
                0x00000000080007d4                HAL_ADC_MspInit
 .text.HAL_InitTick
                0x000000000800086c       0x24 build/stm32f0xx_hal.o
                0x000000000800086c                HAL_InitTick
 .text.HAL_Init
                0x0000000008000890       0x20 build/stm32f0xx_hal.o
                0x0000000008000890                HAL_Init
 .text.HAL_IncTick
                0x00000000080008b0       0x10 build/stm32f0xx_hal.o
                0x00000000080008b0                HAL_IncTick
 .text.HAL_GetTick
                0x00000000080008c0        0xc build/stm32f0xx_hal.o
                0x00000000080008c0                HAL_GetTick
 .text.HAL_Delay
                0x00000000080008cc       0x22 build/stm32f0xx_hal.o
                0x00000000080008cc                HAL_Delay
 *fill*         0x00000000080008ee        0x2 
 .text.TIM_OC1_SetConfig
                0x00000000080008f0       0x88 build/stm32f0xx_hal_tim.o
 .text.TIM_OC3_SetConfig
                0x0000000008000978       0x90 build/stm32f0xx_hal_tim.o
 .text.TIM_OC4_SetConfig
                0x0000000008000a08       0x74 build/stm32f0xx_hal_tim.o
 .text.TIM_Base_SetConfig
                0x0000000008000a7c       0xa4 build/stm32f0xx_hal_tim.o
                0x0000000008000a7c                TIM_Base_SetConfig
 .text.HAL_TIM_PWM_Init
                0x0000000008000b20       0x34 build/stm32f0xx_hal_tim.o
                0x0000000008000b20                HAL_TIM_PWM_Init
 .text.TIM_OC2_SetConfig
                0x0000000008000b54       0x88 build/stm32f0xx_hal_tim.o
                0x0000000008000b54                TIM_OC2_SetConfig
 .text.HAL_TIM_PWM_ConfigChannel
                0x0000000008000bdc       0xec build/stm32f0xx_hal_tim.o
                0x0000000008000bdc                HAL_TIM_PWM_ConfigChannel
 .text.TIM_CCxChannelCmd
                0x0000000008000cc8       0x16 build/stm32f0xx_hal_tim.o
                0x0000000008000cc8                TIM_CCxChannelCmd
 *fill*         0x0000000008000cde        0x2 
 .text.HAL_TIM_PWM_Start
                0x0000000008000ce0       0x50 build/stm32f0xx_hal_tim.o
                0x0000000008000ce0                HAL_TIM_PWM_Start
 .text.ADC_Enable
                0x0000000008000d30       0xa8 build/stm32f0xx_hal_adc.o
 .text.HAL_ADC_Init
                0x0000000008000dd8      0x17c build/stm32f0xx_hal_adc.o
                0x0000000008000dd8                HAL_ADC_Init
 .text.HAL_ADC_Start_DMA
                0x0000000008000f54       0xa8 build/stm32f0xx_hal_adc.o
                0x0000000008000f54                HAL_ADC_Start_DMA
 .text.ADC_DMAConvCplt
                0x0000000008000ffc       0x70 build/stm32f0xx_hal_adc.o
 .text.HAL_ADC_ConvHalfCpltCallback
                0x000000000800106c        0x2 build/stm32f0xx_hal_adc.o
                0x000000000800106c                HAL_ADC_ConvHalfCpltCallback
 .text.ADC_DMAHalfConvCplt
                0x000000000800106e        0xa build/stm32f0xx_hal_adc.o
 .text.HAL_ADC_LevelOutOfWindowCallback
                0x0000000008001078        0x2 build/stm32f0xx_hal_adc.o
                0x0000000008001078                HAL_ADC_LevelOutOfWindowCallback
 .text.HAL_ADC_ErrorCallback
                0x000000000800107a        0x2 build/stm32f0xx_hal_adc.o
                0x000000000800107a                HAL_ADC_ErrorCallback
 .text.ADC_DMAError
                0x000000000800107c       0x1a build/stm32f0xx_hal_adc.o
 *fill*         0x0000000008001096        0x2 
 .text.HAL_ADC_IRQHandler
                0x0000000008001098       0xdc build/stm32f0xx_hal_adc.o
                0x0000000008001098                HAL_ADC_IRQHandler
 .text.HAL_ADC_ConfigChannel
                0x0000000008001174      0x14c build/stm32f0xx_hal_adc.o
                0x0000000008001174                HAL_ADC_ConfigChannel
 .text.HAL_GPIO_Init
                0x00000000080012c0      0x198 build/stm32f0xx_hal_gpio.o
                0x00000000080012c0                HAL_GPIO_Init
 .text.HAL_GPIO_WritePin
                0x0000000008001458        0xc build/stm32f0xx_hal_gpio.o
                0x0000000008001458                HAL_GPIO_WritePin
 .text.HAL_GPIO_TogglePin
                0x0000000008001464        0x8 build/stm32f0xx_hal_gpio.o
                0x0000000008001464                HAL_GPIO_TogglePin
 .text.HAL_GPIO_EXTI_IRQHandler
                0x000000000800146c       0x1c build/stm32f0xx_hal_gpio.o
                0x000000000800146c                HAL_GPIO_EXTI_IRQHandler
 .text.HAL_NVIC_SetPriority
                0x0000000008001488       0x60 build/stm32f0xx_hal_cortex.o
                0x0000000008001488                HAL_NVIC_SetPriority
 .text.HAL_NVIC_EnableIRQ
                0x00000000080014e8       0x14 build/stm32f0xx_hal_cortex.o
                0x00000000080014e8                HAL_NVIC_EnableIRQ
 .text.HAL_SYSTICK_Config
                0x00000000080014fc       0x38 build/stm32f0xx_hal_cortex.o
                0x00000000080014fc                HAL_SYSTICK_Config
 .text.HAL_SYSTICK_CLKSourceConfig
                0x0000000008001534       0x20 build/stm32f0xx_hal_cortex.o
                0x0000000008001534                HAL_SYSTICK_CLKSourceConfig
 .text.HAL_SYSTICK_Callback
                0x0000000008001554        0x2 build/stm32f0xx_hal_cortex.o
                0x0000000008001554                HAL_SYSTICK_Callback
 .text.HAL_SYSTICK_IRQHandler
                0x0000000008001556        0x8 build/stm32f0xx_hal_cortex.o
                0x0000000008001556                HAL_SYSTICK_IRQHandler
 .text.HAL_TIMEx_MasterConfigSynchronization
                0x000000000800155e       0x4c build/stm32f0xx_hal_tim_ex.o
                0x000000000800155e                HAL_TIMEx_MasterConfigSynchronization
 *fill*         0x00000000080015aa        0x2 
 .text.HAL_TIMEx_ConfigBreakDeadTime
                0x00000000080015ac       0x7c build/stm32f0xx_hal_tim_ex.o
                0x00000000080015ac                HAL_TIMEx_ConfigBreakDeadTime
 .text.DMA_SetConfig
                0x0000000008001628       0x2a build/stm32f0xx_hal_dma.o
 *fill*         0x0000000008001652        0x2 
 .text.DMA_CalcBaseAndBitshift
                0x0000000008001654       0x28 build/stm32f0xx_hal_dma.o
 .text.HAL_DMA_Init
                0x000000000800167c       0x58 build/stm32f0xx_hal_dma.o
                0x000000000800167c                HAL_DMA_Init
 .text.HAL_DMA_Start_IT
                0x00000000080016d4       0x76 build/stm32f0xx_hal_dma.o
                0x00000000080016d4                HAL_DMA_Start_IT
 .text.HAL_DMA_IRQHandler
                0x000000000800174a       0xaa build/stm32f0xx_hal_dma.o
                0x000000000800174a                HAL_DMA_IRQHandler
 .text.HAL_RCC_OscConfig
                0x00000000080017f4      0x4fc build/stm32f0xx_hal_rcc.o
                0x00000000080017f4                HAL_RCC_OscConfig
 .text.HAL_RCC_GetSysClockFreq
                0x0000000008001cf0       0x94 build/stm32f0xx_hal_rcc.o
                0x0000000008001cf0                HAL_RCC_GetSysClockFreq
 .text.HAL_RCC_ClockConfig
                0x0000000008001d84      0x184 build/stm32f0xx_hal_rcc.o
                0x0000000008001d84                HAL_RCC_ClockConfig
 .text.HAL_RCC_GetHCLKFreq
                0x0000000008001f08        0xc build/stm32f0xx_hal_rcc.o
                0x0000000008001f08                HAL_RCC_GetHCLKFreq
 .text.Reset_Handler
                0x0000000008001f14       0x50 build/startup_stm32f072xb.o
                0x0000000008001f14                Reset_Handler
 .text.Default_Handler
                0x0000000008001f64        0x2 build/startup_stm32f072xb.o
                0x0000000008001f64                TIM1_CC_IRQHandler
                0x0000000008001f64                TSC_IRQHandler
                0x0000000008001f64                I2C1_IRQHandler
                0x0000000008001f64                RCC_CRS_IRQHandler
                0x0000000008001f64                SPI1_IRQHandler
                0x0000000008001f64                TIM6_DAC_IRQHandler
                0x0000000008001f64                USART3_4_IRQHandler
                0x0000000008001f64                EXTI2_3_IRQHandler
                0x0000000008001f64                I2C2_IRQHandler
                0x0000000008001f64                TIM17_IRQHandler
                0x0000000008001f64                CEC_CAN_IRQHandler
                0x0000000008001f64                RTC_IRQHandler
                0x0000000008001f64                PVD_VDDIO2_IRQHandler
                0x0000000008001f64                DMA1_Channel4_5_6_7_IRQHandler
                0x0000000008001f64                TIM16_IRQHandler
                0x0000000008001f64                TIM3_IRQHandler
                0x0000000008001f64                Default_Handler
                0x0000000008001f64                TIM14_IRQHandler
                0x0000000008001f64                TIM7_IRQHandler
                0x0000000008001f64                TIM15_IRQHandler
                0x0000000008001f64                EXTI0_1_IRQHandler
                0x0000000008001f64                USB_IRQHandler
                0x0000000008001f64                SPI2_IRQHandler
                0x0000000008001f64                WWDG_IRQHandler
                0x0000000008001f64                TIM2_IRQHandler
                0x0000000008001f64                DMA1_Channel2_3_IRQHandler
                0x0000000008001f64                USART2_IRQHandler
                0x0000000008001f64                FLASH_IRQHandler
                0x0000000008001f64                USART1_IRQHandler
                0x0000000008001f64                TIM1_BRK_UP_TRG_COM_IRQHandler
 *fill*         0x0000000008001f66        0x2 
 .text.__libc_init_array
                0x0000000008001f68       0x48 /home/lhaug/Applications/gcc-arm-none-eabi-7-2018-q2-update/bin/../lib/gcc/arm-none-eabi/7.3.1/../../../../arm-none-eabi/lib/thumb/v6-m/libc_nano.a(lib_a-init.o)
                0x0000000008001f68                __libc_init_array
 .text.memset   0x0000000008001fb0       0x10 /home/lhaug/Applications/gcc-arm-none-eabi-7-2018-q2-update/bin/../lib/gcc/arm-none-eabi/7.3.1/../../../../arm-none-eabi/lib/thumb/v6-m/libc_nano.a(lib_a-memset.o)
                0x0000000008001fb0                memset
 *(.glue_7)
 .glue_7        0x0000000008001fc0        0x0 linker stubs
 *(.glue_7t)
 .glue_7t       0x0000000008001fc0        0x0 linker stubs
 *(.eh_frame)
 .eh_frame      0x0000000008001fc0        0x0 /home/lhaug/Applications/gcc-arm-none-eabi-7-2018-q2-update/bin/../lib/gcc/arm-none-eabi/7.3.1/thumb/v6-m/crtbegin.o
 *(.init)
 .init          0x0000000008001fc0        0x4 /home/lhaug/Applications/gcc-arm-none-eabi-7-2018-q2-update/bin/../lib/gcc/arm-none-eabi/7.3.1/thumb/v6-m/crti.o
                0x0000000008001fc0                _init
 .init          0x0000000008001fc4        0x8 /home/lhaug/Applications/gcc-arm-none-eabi-7-2018-q2-update/bin/../lib/gcc/arm-none-eabi/7.3.1/thumb/v6-m/crtn.o
 *(.fini)
 .fini          0x0000000008001fcc        0x4 /home/lhaug/Applications/gcc-arm-none-eabi-7-2018-q2-update/bin/../lib/gcc/arm-none-eabi/7.3.1/thumb/v6-m/crti.o
                0x0000000008001fcc                _fini
 .fini          0x0000000008001fd0        0x8 /home/lhaug/Applications/gcc-arm-none-eabi-7-2018-q2-update/bin/../lib/gcc/arm-none-eabi/7.3.1/thumb/v6-m/crtn.o
                0x0000000008001fd8                . = ALIGN (0x4)
                0x0000000008001fd8                _etext = .

.vfp11_veneer   0x0000000008001fd8        0x0
 .vfp11_veneer  0x0000000008001fd8        0x0 linker stubs

.v4_bx          0x0000000008001fd8        0x0
 .v4_bx         0x0000000008001fd8        0x0 linker stubs

.iplt           0x0000000008001fd8        0x0
 .iplt          0x0000000008001fd8        0x0 /home/lhaug/Applications/gcc-arm-none-eabi-7-2018-q2-update/bin/../lib/gcc/arm-none-eabi/7.3.1/thumb/v6-m/crtbegin.o

.rodata         0x0000000008001fd8       0x5c
                0x0000000008001fd8                . = ALIGN (0x4)
 *(.rodata)
 .rodata        0x0000000008001fd8       0x20 build/stm32f0xx_hal_rcc.o
 *(.rodata*)
 .rodata.SystemClock_Config.str1.4
                0x0000000008001ff8        0xa build/mcu.o
 *fill*         0x0000000008002002        0x2 
 .rodata.MX_TIM1_Init.str1.4
                0x0000000008002004        0xf build/tim.o
 *fill*         0x0000000008002013        0x1 
 .rodata.AHBPrescTable
                0x0000000008002014       0x10 build/system_stm32f0xx.o
                0x0000000008002014                AHBPrescTable
 .rodata.MX_ADC_Init.str1.4
                0x0000000008002024       0x10 build/adc.o
                                          0xf (size before relaxing)
                0x0000000008002034                . = ALIGN (0x4)

.rel.dyn        0x0000000008002034        0x0
 .rel.iplt      0x0000000008002034        0x0 /home/lhaug/Applications/gcc-arm-none-eabi-7-2018-q2-update/bin/../lib/gcc/arm-none-eabi/7.3.1/thumb/v6-m/crtbegin.o

.ARM.extab
 *(.ARM.extab* .gnu.linkonce.armextab.*)

.ARM            0x0000000008002034        0x0
                0x0000000008002034                __exidx_start = .
 *(.ARM.exidx*)
                0x0000000008002034                __exidx_end = .

.preinit_array  0x0000000008002034        0x0
                0x0000000008002034                PROVIDE (__preinit_array_start = .)
 *(.preinit_array*)
                0x0000000008002034                PROVIDE (__preinit_array_end = .)

.init_array     0x0000000008002034        0x4
                0x0000000008002034                PROVIDE (__init_array_start = .)
 *(SORT_BY_NAME(.init_array.*))
 *(.init_array*)
 .init_array    0x0000000008002034        0x4 /home/lhaug/Applications/gcc-arm-none-eabi-7-2018-q2-update/bin/../lib/gcc/arm-none-eabi/7.3.1/thumb/v6-m/crtbegin.o
                0x0000000008002038                PROVIDE (__init_array_end = .)

.fini_array     0x0000000008002038        0x4
                [!provide]                        PROVIDE (__fini_array_start = .)
 *(SORT_BY_NAME(.fini_array.*))
 *(.fini_array*)
 .fini_array    0x0000000008002038        0x4 /home/lhaug/Applications/gcc-arm-none-eabi-7-2018-q2-update/bin/../lib/gcc/arm-none-eabi/7.3.1/thumb/v6-m/crtbegin.o
                [!provide]                        PROVIDE (__fini_array_end = .)
                0x000000000800203c                _sidata = LOADADDR (.data)

.data           0x0000000020000000        0x4 load address 0x000000000800203c
                0x0000000020000000                . = ALIGN (0x4)
                0x0000000020000000                _sdata = .
 *(.data)
 *(.data*)
 .data.SystemCoreClock
                0x0000000020000000        0x4 build/system_stm32f0xx.o
                0x0000000020000000                SystemCoreClock
                0x0000000020000004                . = ALIGN (0x4)
                0x0000000020000004                _edata = .

.igot.plt       0x0000000020000004        0x0 load address 0x0000000008002040
 .igot.plt      0x0000000020000004        0x0 /home/lhaug/Applications/gcc-arm-none-eabi-7-2018-q2-update/bin/../lib/gcc/arm-none-eabi/7.3.1/thumb/v6-m/crtbegin.o
                0x0000000020000004                . = ALIGN (0x4)

.bss            0x0000000020000004      0x8fc load address 0x0000000008002040
                0x0000000020000004                _sbss = .
                0x0000000020000004                __bss_start__ = _sbss
 *(.bss)
 .bss           0x0000000020000004       0x1c /home/lhaug/Applications/gcc-arm-none-eabi-7-2018-q2-update/bin/../lib/gcc/arm-none-eabi/7.3.1/thumb/v6-m/crtbegin.o
 *(.bss*)
 .bss.adc_buffer
                0x0000000020000020      0x800 build/sensors.o
                0x0000000020000020                adc_buffer
 .bss.temperature
                0x0000000020000820        0x8 build/sensors.o
                0x0000000020000820                temperature
 .bss.fan_on    0x0000000020000828        0x1 build/fans.o
                0x0000000020000828                fan_on
 *(COMMON)
 *fill*         0x0000000020000829        0x3 
 COMMON         0x000000002000082c       0x40 build/tim.o
                0x000000002000082c                htim1
 COMMON         0x000000002000086c       0x90 build/adc.o
                0x000000002000086c                hdma_adc
                0x00000000200008b0                hadc
 COMMON         0x00000000200008fc        0x4 build/stm32f0xx_hal.o
                0x00000000200008fc                uwTick
                0x0000000020000900                . = ALIGN (0x4)
                0x0000000020000900                _ebss = .
                0x0000000020000900                __bss_end__ = _ebss

._user_heap_stack
                0x0000000020000900      0x600 load address 0x0000000008002040
                0x0000000020000900                . = ALIGN (0x8)
                [!provide]                        PROVIDE (end = .)
                [!provide]                        PROVIDE (_end = .)
                0x0000000020000b00                . = (. + _Min_Heap_Size)
 *fill*         0x0000000020000900      0x200 
                0x0000000020000f00                . = (. + _Min_Stack_Size)
 *fill*         0x0000000020000b00      0x400 
                0x0000000020000f00                . = ALIGN (0x8)

/DISCARD/
 libc.a(*)
 libm.a(*)
 libgcc.a(*)

.ARM.attributes
                0x0000000000000000       0x28
 *(.ARM.attributes)
 .ARM.attributes
                0x0000000000000000       0x1e /home/lhaug/Applications/gcc-arm-none-eabi-7-2018-q2-update/bin/../lib/gcc/arm-none-eabi/7.3.1/thumb/v6-m/crti.o
 .ARM.attributes
                0x000000000000001e       0x2c /home/lhaug/Applications/gcc-arm-none-eabi-7-2018-q2-update/bin/../lib/gcc/arm-none-eabi/7.3.1/thumb/v6-m/crtbegin.o
 .ARM.attributes
                0x000000000000004a       0x31 build/sensors.o
 .ARM.attributes
                0x000000000000007b       0x31 build/leds.o
 .ARM.attributes
                0x00000000000000ac       0x31 build/main.o
 .ARM.attributes
                0x00000000000000dd       0x31 build/mcu.o
 .ARM.attributes
                0x000000000000010e       0x31 build/fans.o
 .ARM.attributes
                0x000000000000013f       0x31 build/tim.o
 .ARM.attributes
                0x0000000000000170       0x31 build/stm32f0xx_hal_msp.o
 .ARM.attributes
                0x00000000000001a1       0x31 build/gpio.o
 .ARM.attributes
                0x00000000000001d2       0x31 build/stm32f0xx_it.o
 .ARM.attributes
                0x0000000000000203       0x31 build/dma.o
 .ARM.attributes
                0x0000000000000234       0x31 build/system_stm32f0xx.o
 .ARM.attributes
                0x0000000000000265       0x31 build/adc.o
 .ARM.attributes
                0x0000000000000296       0x31 build/stm32f0xx_hal.o
 .ARM.attributes
                0x00000000000002c7       0x31 build/stm32f0xx_hal_tim.o
 .ARM.attributes
                0x00000000000002f8       0x31 build/stm32f0xx_hal_adc.o
 .ARM.attributes
                0x0000000000000329       0x31 build/stm32f0xx_hal_gpio.o
 .ARM.attributes
                0x000000000000035a       0x31 build/stm32f0xx_hal_cortex.o
 .ARM.attributes
                0x000000000000038b       0x31 build/stm32f0xx_hal_tim_ex.o
 .ARM.attributes
                0x00000000000003bc       0x31 build/stm32f0xx_hal_dma.o
 .ARM.attributes
                0x00000000000003ed       0x31 build/stm32f0xx_hal_rcc.o
 .ARM.attributes
                0x000000000000041e       0x21 build/startup_stm32f072xb.o
 .ARM.attributes
                0x000000000000043f       0x2c /home/lhaug/Applications/gcc-arm-none-eabi-7-2018-q2-update/bin/../lib/gcc/arm-none-eabi/7.3.1/../../../../arm-none-eabi/lib/thumb/v6-m/libc_nano.a(lib_a-init.o)
 .ARM.attributes
                0x000000000000046b       0x2c /home/lhaug/Applications/gcc-arm-none-eabi-7-2018-q2-update/bin/../lib/gcc/arm-none-eabi/7.3.1/../../../../arm-none-eabi/lib/thumb/v6-m/libc_nano.a(lib_a-memset.o)
 .ARM.attributes
                0x0000000000000497       0x1e /home/lhaug/Applications/gcc-arm-none-eabi-7-2018-q2-update/bin/../lib/gcc/arm-none-eabi/7.3.1/thumb/v6-m/libgcc.a(_udivsi3.o)
 .ARM.attributes
                0x00000000000004b5       0x1e /home/lhaug/Applications/gcc-arm-none-eabi-7-2018-q2-update/bin/../lib/gcc/arm-none-eabi/7.3.1/thumb/v6-m/libgcc.a(_dvmd_tls.o)
 .ARM.attributes
                0x00000000000004d3       0x1e /home/lhaug/Applications/gcc-arm-none-eabi-7-2018-q2-update/bin/../lib/gcc/arm-none-eabi/7.3.1/thumb/v6-m/crtn.o
OUTPUT(build/main.elf elf32-littlearm)

.debug_info     0x0000000000000000    0x159e3
 .debug_info    0x0000000000000000      0xe84 build/sensors.o
 .debug_info    0x0000000000000e84      0xa16 build/leds.o
 .debug_info    0x000000000000189a      0x973 build/main.o
 .debug_info    0x000000000000220d      0xd44 build/mcu.o
 .debug_info    0x0000000000002f51      0xff4 build/fans.o
 .debug_info    0x0000000000003f45     0x133c build/tim.o
 .debug_info    0x0000000000005281      0xb80 build/stm32f0xx_hal_msp.o
 .debug_info    0x0000000000005e01      0xd69 build/gpio.o
 .debug_info    0x0000000000006b6a      0xe3b build/stm32f0xx_it.o
 .debug_info    0x00000000000079a5      0xb45 build/dma.o
 .debug_info    0x00000000000084ea      0xa74 build/system_stm32f0xx.o
 .debug_info    0x0000000000008f5e     0x12d3 build/adc.o
 .debug_info    0x000000000000a231      0xe97 build/stm32f0xx_hal.o
 .debug_info    0x000000000000b0c8     0x36f7 build/stm32f0xx_hal_tim.o
 .debug_info    0x000000000000e7bf     0x1685 build/stm32f0xx_hal_adc.o
 .debug_info    0x000000000000fe44      0xe6b build/stm32f0xx_hal_gpio.o
 .debug_info    0x0000000000010caf      0xffb build/stm32f0xx_hal_cortex.o
 .debug_info    0x0000000000011caa     0x1b5f build/stm32f0xx_hal_tim_ex.o
 .debug_info    0x0000000000013809     0x1032 build/stm32f0xx_hal_dma.o
 .debug_info    0x000000000001483b     0x1186 build/stm32f0xx_hal_rcc.o
 .debug_info    0x00000000000159c1       0x22 build/startup_stm32f072xb.o

.debug_abbrev   0x0000000000000000     0x32b7
 .debug_abbrev  0x0000000000000000      0x2a4 build/sensors.o
 .debug_abbrev  0x00000000000002a4      0x1ea build/leds.o
 .debug_abbrev  0x000000000000048e      0x1e1 build/main.o
 .debug_abbrev  0x000000000000066f      0x274 build/mcu.o
 .debug_abbrev  0x00000000000008e3      0x2a7 build/fans.o
 .debug_abbrev  0x0000000000000b8a      0x276 build/tim.o
 .debug_abbrev  0x0000000000000e00      0x234 build/stm32f0xx_hal_msp.o
 .debug_abbrev  0x0000000000001034      0x245 build/gpio.o
 .debug_abbrev  0x0000000000001279      0x238 build/stm32f0xx_it.o
 .debug_abbrev  0x00000000000014b1      0x234 build/dma.o
 .debug_abbrev  0x00000000000016e5      0x205 build/system_stm32f0xx.o
 .debug_abbrev  0x00000000000018ea      0x27d build/adc.o
 .debug_abbrev  0x0000000000001b67      0x2f6 build/stm32f0xx_hal.o
 .debug_abbrev  0x0000000000001e5d      0x2e0 build/stm32f0xx_hal_tim.o
 .debug_abbrev  0x000000000000213d      0x2f0 build/stm32f0xx_hal_adc.o
 .debug_abbrev  0x000000000000242d      0x2a7 build/stm32f0xx_hal_gpio.o
 .debug_abbrev  0x00000000000026d4      0x328 build/stm32f0xx_hal_cortex.o
 .debug_abbrev  0x00000000000029fc      0x2e0 build/stm32f0xx_hal_tim_ex.o
 .debug_abbrev  0x0000000000002cdc      0x2df build/stm32f0xx_hal_dma.o
 .debug_abbrev  0x0000000000002fbb      0x2ea build/stm32f0xx_hal_rcc.o
 .debug_abbrev  0x00000000000032a5       0x12 build/startup_stm32f072xb.o

.debug_loc      0x0000000000000000     0x6d1e
 .debug_loc     0x0000000000000000       0x66 build/sensors.o
 .debug_loc     0x0000000000000066       0x21 build/mcu.o
 .debug_loc     0x0000000000000087       0x3a build/fans.o
 .debug_loc     0x00000000000000c1       0x74 build/tim.o
 .debug_loc     0x0000000000000135      0x12b build/system_stm32f0xx.o
 .debug_loc     0x0000000000000260       0x84 build/adc.o
 .debug_loc     0x00000000000002e4       0x7c build/stm32f0xx_hal.o
 .debug_loc     0x0000000000000360     0x37cf build/stm32f0xx_hal_tim.o
 .debug_loc     0x0000000000003b2f      0xc32 build/stm32f0xx_hal_adc.o
 .debug_loc     0x0000000000004761      0x2fe build/stm32f0xx_hal_gpio.o
 .debug_loc     0x0000000000004a5f      0x393 build/stm32f0xx_hal_cortex.o
 .debug_loc     0x0000000000004df2     0x126d build/stm32f0xx_hal_tim_ex.o
 .debug_loc     0x000000000000605f      0x7ee build/stm32f0xx_hal_dma.o
 .debug_loc     0x000000000000684d      0x4d1 build/stm32f0xx_hal_rcc.o

.debug_aranges  0x0000000000000000      0xa88
 .debug_aranges
                0x0000000000000000       0x28 build/sensors.o
 .debug_aranges
                0x0000000000000028       0x20 build/leds.o
 .debug_aranges
                0x0000000000000048       0x20 build/main.o
 .debug_aranges
                0x0000000000000068       0x38 build/mcu.o
 .debug_aranges
                0x00000000000000a0       0x30 build/fans.o
 .debug_aranges
                0x00000000000000d0       0x38 build/tim.o
 .debug_aranges
                0x0000000000000108       0x20 build/stm32f0xx_hal_msp.o
 .debug_aranges
                0x0000000000000128       0x20 build/gpio.o
 .debug_aranges
                0x0000000000000148       0x58 build/stm32f0xx_it.o
 .debug_aranges
                0x00000000000001a0       0x20 build/dma.o
 .debug_aranges
                0x00000000000001c0       0x28 build/system_stm32f0xx.o
 .debug_aranges
                0x00000000000001e8       0x30 build/adc.o
 .debug_aranges
                0x0000000000000218       0xb8 build/stm32f0xx_hal.o
 .debug_aranges
                0x00000000000002d0      0x378 build/stm32f0xx_hal_tim.o
 .debug_aranges
                0x0000000000000648       0xf8 build/stm32f0xx_hal_adc.o
 .debug_aranges
                0x0000000000000740       0x58 build/stm32f0xx_hal_gpio.o
 .debug_aranges
                0x0000000000000798       0x78 build/stm32f0xx_hal_cortex.o
 .debug_aranges
                0x0000000000000810      0x148 build/stm32f0xx_hal_tim_ex.o
 .debug_aranges
                0x0000000000000958       0x88 build/stm32f0xx_hal_dma.o
 .debug_aranges
                0x00000000000009e0       0x80 build/stm32f0xx_hal_rcc.o
 .debug_aranges
                0x0000000000000a60       0x28 build/startup_stm32f072xb.o

.debug_ranges   0x0000000000000000      0x9b8
 .debug_ranges  0x0000000000000000       0x30 build/sensors.o
 .debug_ranges  0x0000000000000030       0x10 build/leds.o
 .debug_ranges  0x0000000000000040       0x10 build/main.o
 .debug_ranges  0x0000000000000050       0x28 build/mcu.o
 .debug_ranges  0x0000000000000078       0x20 build/fans.o
 .debug_ranges  0x0000000000000098       0x28 build/tim.o
 .debug_ranges  0x00000000000000c0       0x10 build/stm32f0xx_hal_msp.o
 .debug_ranges  0x00000000000000d0       0x10 build/gpio.o
 .debug_ranges  0x00000000000000e0       0x48 build/stm32f0xx_it.o
 .debug_ranges  0x0000000000000128       0x10 build/dma.o
 .debug_ranges  0x0000000000000138       0x18 build/system_stm32f0xx.o
 .debug_ranges  0x0000000000000150       0x20 build/adc.o
 .debug_ranges  0x0000000000000170       0xa8 build/stm32f0xx_hal.o
 .debug_ranges  0x0000000000000218      0x368 build/stm32f0xx_hal_tim.o
 .debug_ranges  0x0000000000000580       0xe8 build/stm32f0xx_hal_adc.o
 .debug_ranges  0x0000000000000668       0x48 build/stm32f0xx_hal_gpio.o
 .debug_ranges  0x00000000000006b0       0xb0 build/stm32f0xx_hal_cortex.o
 .debug_ranges  0x0000000000000760      0x138 build/stm32f0xx_hal_tim_ex.o
 .debug_ranges  0x0000000000000898       0x78 build/stm32f0xx_hal_dma.o
 .debug_ranges  0x0000000000000910       0x88 build/stm32f0xx_hal_rcc.o
 .debug_ranges  0x0000000000000998       0x20 build/startup_stm32f072xb.o

.debug_macro    0x0000000000000000    0x17db5
 .debug_macro   0x0000000000000000      0x2cc build/sensors.o
 .debug_macro   0x00000000000002cc      0xa48 build/sensors.o
 .debug_macro   0x0000000000000d14       0x2e build/sensors.o
 .debug_macro   0x0000000000000d42       0xab build/sensors.o
 .debug_macro   0x0000000000000ded       0x2e build/sensors.o
 .debug_macro   0x0000000000000e1b       0x22 build/sensors.o
 .debug_macro   0x0000000000000e3d       0x22 build/sensors.o
 .debug_macro   0x0000000000000e5f       0x56 build/sensors.o
 .debug_macro   0x0000000000000eb5       0x51 build/sensors.o
 .debug_macro   0x0000000000000f06       0xef build/sensors.o
 .debug_macro   0x0000000000000ff5       0x6a build/sensors.o
 .debug_macro   0x000000000000105f      0x1df build/sensors.o
 .debug_macro   0x000000000000123e       0x34 build/sensors.o
 .debug_macro   0x0000000000001272       0x26 build/sensors.o
 .debug_macro   0x0000000000001298      0x30d build/sensors.o
 .debug_macro   0x00000000000015a5     0xfe50 build/sensors.o
 .debug_macro   0x00000000000113f5       0x3c build/sensors.o
 .debug_macro   0x0000000000011431       0x5e build/sensors.o
 .debug_macro   0x000000000001148f       0x18 build/sensors.o
 .debug_macro   0x00000000000114a7       0x35 build/sensors.o
 .debug_macro   0x00000000000114dc       0x34 build/sensors.o
 .debug_macro   0x0000000000011510       0x16 build/sensors.o
 .debug_macro   0x0000000000011526       0x97 build/sensors.o
 .debug_macro   0x00000000000115bd      0x330 build/sensors.o
 .debug_macro   0x00000000000118ed       0xfd build/sensors.o
 .debug_macro   0x00000000000119ea       0x10 build/sensors.o
 .debug_macro   0x00000000000119fa       0x58 build/sensors.o
 .debug_macro   0x0000000000011a52       0x1f build/sensors.o
 .debug_macro   0x0000000000011a71       0x43 build/sensors.o
 .debug_macro   0x0000000000011ab4       0x20 build/sensors.o
 .debug_macro   0x0000000000011ad4      0x18e build/sensors.o
 .debug_macro   0x0000000000011c62       0x10 build/sensors.o
 .debug_macro   0x0000000000011c72       0xb6 build/sensors.o
 .debug_macro   0x0000000000011d28       0x16 build/sensors.o
 .debug_macro   0x0000000000011d3e      0x129 build/sensors.o
 .debug_macro   0x0000000000011e67       0x50 build/sensors.o
 .debug_macro   0x0000000000011eb7      0x951 build/sensors.o
 .debug_macro   0x0000000000012808      0x5f3 build/sensors.o
 .debug_macro   0x0000000000012dfb      0x13a build/sensors.o
 .debug_macro   0x0000000000012f35      0x1a7 build/sensors.o
 .debug_macro   0x00000000000130dc      0x22c build/sensors.o
 .debug_macro   0x0000000000013308       0x34 build/sensors.o
 .debug_macro   0x000000000001333c       0x43 build/sensors.o
 .debug_macro   0x000000000001337f       0x28 build/sensors.o
 .debug_macro   0x00000000000133a7      0x33d build/sensors.o
 .debug_macro   0x00000000000136e4       0xd4 build/sensors.o
 .debug_macro   0x00000000000137b8       0xb6 build/sensors.o
 .debug_macro   0x000000000001386e      0x217 build/sensors.o
 .debug_macro   0x0000000000013a85      0x202 build/sensors.o
 .debug_macro   0x0000000000013c87       0x61 build/sensors.o
 .debug_macro   0x0000000000013ce8       0x90 build/sensors.o
 .debug_macro   0x0000000000013d78       0x4d build/sensors.o
 .debug_macro   0x0000000000013dc5      0x16d build/sensors.o
 .debug_macro   0x0000000000013f32      0x845 build/sensors.o
 .debug_macro   0x0000000000014777       0x4c build/sensors.o
 .debug_macro   0x00000000000147c3      0x129 build/sensors.o
 .debug_macro   0x00000000000148ec       0x16 build/sensors.o
 .debug_macro   0x0000000000014902      0x2c3 build/leds.o
 .debug_macro   0x0000000000014bc5      0x2d7 build/main.o
 .debug_macro   0x0000000000014e9c       0x3a build/main.o
 .debug_macro   0x0000000000014ed6      0x2d4 build/mcu.o
 .debug_macro   0x00000000000151aa      0x2d0 build/fans.o
 .debug_macro   0x000000000001547a       0x22 build/fans.o
 .debug_macro   0x000000000001549c      0x2b9 build/tim.o
 .debug_macro   0x0000000000015755      0x2af build/stm32f0xx_hal_msp.o
 .debug_macro   0x0000000000015a04      0x2b9 build/gpio.o
 .debug_macro   0x0000000000015cbd      0x2b9 build/stm32f0xx_it.o
 .debug_macro   0x0000000000015f76      0x2b9 build/dma.o
 .debug_macro   0x000000000001622f      0x2af build/system_stm32f0xx.o
 .debug_macro   0x00000000000164de      0x2cd build/adc.o
 .debug_macro   0x00000000000167ab      0x2d3 build/stm32f0xx_hal.o
 .debug_macro   0x0000000000016a7e      0x2af build/stm32f0xx_hal_tim.o
 .debug_macro   0x0000000000016d2d      0x2d3 build/stm32f0xx_hal_adc.o
 .debug_macro   0x0000000000017000      0x2e7 build/stm32f0xx_hal_gpio.o
 .debug_macro   0x00000000000172e7      0x2af build/stm32f0xx_hal_cortex.o
 .debug_macro   0x0000000000017596      0x2af build/stm32f0xx_hal_tim_ex.o
 .debug_macro   0x0000000000017845      0x2af build/stm32f0xx_hal_dma.o
 .debug_macro   0x0000000000017af4      0x2c1 build/stm32f0xx_hal_rcc.o

.debug_line     0x0000000000000000     0x9c7d
 .debug_line    0x0000000000000000      0x632 build/sensors.o
 .debug_line    0x0000000000000632      0x5be build/leds.o
 .debug_line    0x0000000000000bf0      0x5dc build/main.o
 .debug_line    0x00000000000011cc      0x61d build/mcu.o
 .debug_line    0x00000000000017e9      0x612 build/fans.o
 .debug_line    0x0000000000001dfb      0x62c build/tim.o
 .debug_line    0x0000000000002427      0x5be build/stm32f0xx_hal_msp.o
 .debug_line    0x00000000000029e5      0x5cb build/gpio.o
 .debug_line    0x0000000000002fb0      0x641 build/stm32f0xx_it.o
 .debug_line    0x00000000000035f1      0x5b7 build/dma.o
 .debug_line    0x0000000000003ba8      0x5f2 build/system_stm32f0xx.o
 .debug_line    0x000000000000419a      0x62a build/adc.o
 .debug_line    0x00000000000047c4      0x738 build/stm32f0xx_hal.o
 .debug_line    0x0000000000004efc     0x1734 build/stm32f0xx_hal_tim.o
 .debug_line    0x0000000000006630      0xb15 build/stm32f0xx_hal_adc.o
 .debug_line    0x0000000000007145      0x720 build/stm32f0xx_hal_gpio.o
 .debug_line    0x0000000000007865      0x731 build/stm32f0xx_hal_cortex.o
 .debug_line    0x0000000000007f96      0xbd6 build/stm32f0xx_hal_tim_ex.o
 .debug_line    0x0000000000008b6c      0x810 build/stm32f0xx_hal_dma.o
 .debug_line    0x000000000000937c      0x884 build/stm32f0xx_hal_rcc.o
 .debug_line    0x0000000000009c00       0x7d build/startup_stm32f072xb.o

.debug_str      0x0000000000000000    0x7a1a2
 .debug_str     0x0000000000000000    0x7771b build/sensors.o
                                      0x77980 (size before relaxing)
 .debug_str     0x000000000007771b       0x7c build/leds.o
                                      0x775f1 (size before relaxing)
 .debug_str     0x0000000000077797       0x53 build/main.o
                                      0x775e0 (size before relaxing)
 .debug_str     0x00000000000777ea      0x364 build/mcu.o
                                      0x779eb (size before relaxing)
 .debug_str     0x0000000000077b4e      0x2be build/fans.o
                                      0x77a85 (size before relaxing)
 .debug_str     0x0000000000077e0c      0x2a3 build/tim.o
                                      0x77c67 (size before relaxing)
 .debug_str     0x00000000000780af       0x29 build/stm32f0xx_hal_msp.o
                                      0x777e7 (size before relaxing)
 .debug_str     0x00000000000780d8       0x23 build/gpio.o
                                      0x778b5 (size before relaxing)
 .debug_str     0x00000000000780fb       0xf2 build/stm32f0xx_it.o
                                      0x779d9 (size before relaxing)
 .debug_str     0x00000000000781ed        0xf build/dma.o
                                      0x777f5 (size before relaxing)
 .debug_str     0x00000000000781fc       0x5c build/system_stm32f0xx.o
                                      0x7761b (size before relaxing)
 .debug_str     0x0000000000078258       0xde build/adc.o
                                      0x77cda (size before relaxing)
 .debug_str     0x0000000000078336      0x345 build/stm32f0xx_hal.o
                                      0x77b84 (size before relaxing)
 .debug_str     0x000000000007867b      0xce3 build/stm32f0xx_hal_tim.o
                                      0x78770 (size before relaxing)
 .debug_str     0x000000000007935e      0x322 build/stm32f0xx_hal_adc.o
                                      0x77d27 (size before relaxing)
 .debug_str     0x0000000000079680      0x193 build/stm32f0xx_hal_gpio.o
                                      0x778c2 (size before relaxing)
 .debug_str     0x0000000000079813      0x178 build/stm32f0xx_hal_cortex.o
                                      0x77a32 (size before relaxing)
 .debug_str     0x000000000007998b      0x3f9 build/stm32f0xx_hal_tim_ex.o
                                      0x7809c (size before relaxing)
 .debug_str     0x0000000000079d84      0x1fb build/stm32f0xx_hal_dma.o
                                      0x77a04 (size before relaxing)
 .debug_str     0x0000000000079f7f      0x1fa build/stm32f0xx_hal_rcc.o
                                      0x77a31 (size before relaxing)
 .debug_str     0x000000000007a179       0x29 build/startup_stm32f072xb.o
                                         0x4e (size before relaxing)

.comment        0x0000000000000000       0x7f
 .comment       0x0000000000000000       0x7f build/sensors.o
                                         0x80 (size before relaxing)
 .comment       0x000000000000007f       0x80 build/leds.o
 .comment       0x000000000000007f       0x80 build/main.o
 .comment       0x000000000000007f       0x80 build/mcu.o
 .comment       0x000000000000007f       0x80 build/fans.o
 .comment       0x000000000000007f       0x80 build/tim.o
 .comment       0x000000000000007f       0x80 build/stm32f0xx_hal_msp.o
 .comment       0x000000000000007f       0x80 build/gpio.o
 .comment       0x000000000000007f       0x80 build/stm32f0xx_it.o
 .comment       0x000000000000007f       0x80 build/dma.o
 .comment       0x000000000000007f       0x80 build/system_stm32f0xx.o
 .comment       0x000000000000007f       0x80 build/adc.o
 .comment       0x000000000000007f       0x80 build/stm32f0xx_hal.o
 .comment       0x000000000000007f       0x80 build/stm32f0xx_hal_tim.o
 .comment       0x000000000000007f       0x80 build/stm32f0xx_hal_adc.o
 .comment       0x000000000000007f       0x80 build/stm32f0xx_hal_gpio.o
 .comment       0x000000000000007f       0x80 build/stm32f0xx_hal_cortex.o
 .comment       0x000000000000007f       0x80 build/stm32f0xx_hal_tim_ex.o
 .comment       0x000000000000007f       0x80 build/stm32f0xx_hal_dma.o
 .comment       0x000000000000007f       0x80 build/stm32f0xx_hal_rcc.o

.debug_frame    0x0000000000000000     0x1c74
 .debug_frame   0x0000000000000000       0x48 build/sensors.o
 .debug_frame   0x0000000000000048       0x2c build/leds.o
 .debug_frame   0x0000000000000074       0x2c build/main.o
 .debug_frame   0x00000000000000a0       0x74 build/mcu.o
 .debug_frame   0x0000000000000114       0x58 build/fans.o
 .debug_frame   0x000000000000016c       0x74 build/tim.o
 .debug_frame   0x00000000000001e0       0x2c build/stm32f0xx_hal_msp.o
 .debug_frame   0x000000000000020c       0x38 build/gpio.o
 .debug_frame   0x0000000000000244       0xc0 build/stm32f0xx_it.o
 .debug_frame   0x0000000000000304       0x2c build/dma.o
 .debug_frame   0x0000000000000330       0x3c build/system_stm32f0xx.o
 .debug_frame   0x000000000000036c       0x6c build/adc.o
 .debug_frame   0x00000000000003d8      0x184 build/stm32f0xx_hal.o
 .debug_frame   0x000000000000055c      0xaf0 build/stm32f0xx_hal_tim.o
 .debug_frame   0x000000000000104c      0x2f8 build/stm32f0xx_hal_adc.o
 .debug_frame   0x0000000000001344       0xdc build/stm32f0xx_hal_gpio.o
 .debug_frame   0x0000000000001420       0xec build/stm32f0xx_hal_cortex.o
 .debug_frame   0x000000000000150c      0x418 build/stm32f0xx_hal_tim_ex.o
 .debug_frame   0x0000000000001924      0x198 build/stm32f0xx_hal_dma.o
 .debug_frame   0x0000000000001abc      0x14c build/stm32f0xx_hal_rcc.o
 .debug_frame   0x0000000000001c08       0x2c /home/lhaug/Applications/gcc-arm-none-eabi-7-2018-q2-update/bin/../lib/gcc/arm-none-eabi/7.3.1/../../../../arm-none-eabi/lib/thumb/v6-m/libc_nano.a(lib_a-init.o)
 .debug_frame   0x0000000000001c34       0x20 /home/lhaug/Applications/gcc-arm-none-eabi-7-2018-q2-update/bin/../lib/gcc/arm-none-eabi/7.3.1/../../../../arm-none-eabi/lib/thumb/v6-m/libc_nano.a(lib_a-memset.o)
 .debug_frame   0x0000000000001c54       0x20 /home/lhaug/Applications/gcc-arm-none-eabi-7-2018-q2-update/bin/../lib/gcc/arm-none-eabi/7.3.1/thumb/v6-m/libgcc.a(_udivsi3.o)

Cross Reference Table

Symbol                                            File
ADC1_COMP_IRQHandler                              build/stm32f0xx_it.o
AHBPrescTable                                     build/system_stm32f0xx.o
                                                  build/stm32f0xx_hal_rcc.o
APBPrescTable                                     build/system_stm32f0xx.o
                                                  build/stm32f0xx_hal_rcc.o
CEC_CAN_IRQHandler                                build/startup_stm32f072xb.o
DMA1_Channel1_IRQHandler                          build/stm32f0xx_it.o
DMA1_Channel2_3_IRQHandler                        build/startup_stm32f072xb.o
DMA1_Channel4_5_6_7_IRQHandler                    build/startup_stm32f072xb.o
Default_Handler                                   build/startup_stm32f072xb.o
EXTI0_1_IRQHandler                                build/startup_stm32f072xb.o
EXTI2_3_IRQHandler                                build/startup_stm32f072xb.o
EXTI4_15_IRQHandler                               build/stm32f0xx_it.o
FLASH_IRQHandler                                  build/startup_stm32f072xb.o
FLASH_PageErase                                   build/stm32f0xx_hal_flash_ex.o
                                                  build/stm32f0xx_hal_flash.o
FLASH_WaitForLastOperation                        build/stm32f0xx_hal_flash.o
                                                  build/stm32f0xx_hal_flash_ex.o
HAL_ADCEx_Calibration_Start                       build/stm32f0xx_hal_adc_ex.o
HAL_ADC_AnalogWDGConfig                           build/stm32f0xx_hal_adc.o
HAL_ADC_ConfigChannel                             build/stm32f0xx_hal_adc.o
                                                  build/adc.o
HAL_ADC_ConvCpltCallback                          build/sensors.o
HAL_ADC_ConvHalfCpltCallback                      build/stm32f0xx_hal_adc.o
HAL_ADC_DeInit                                    build/stm32f0xx_hal_adc.o
HAL_ADC_ErrorCallback                             build/stm32f0xx_hal_adc.o
HAL_ADC_GetError                                  build/stm32f0xx_hal_adc.o
HAL_ADC_GetState                                  build/stm32f0xx_hal_adc.o
HAL_ADC_GetValue                                  build/stm32f0xx_hal_adc.o
HAL_ADC_IRQHandler                                build/stm32f0xx_hal_adc.o
                                                  build/stm32f0xx_it.o
HAL_ADC_Init                                      build/stm32f0xx_hal_adc.o
                                                  build/adc.o
HAL_ADC_LevelOutOfWindowCallback                  build/stm32f0xx_hal_adc.o
HAL_ADC_MspDeInit                                 build/adc.o
HAL_ADC_MspInit                                   build/adc.o
HAL_ADC_PollForConversion                         build/stm32f0xx_hal_adc.o
HAL_ADC_PollForEvent                              build/stm32f0xx_hal_adc.o
HAL_ADC_Start                                     build/stm32f0xx_hal_adc.o
HAL_ADC_Start_DMA                                 build/stm32f0xx_hal_adc.o
                                                  build/sensors.o
HAL_ADC_Start_IT                                  build/stm32f0xx_hal_adc.o
HAL_ADC_Stop                                      build/stm32f0xx_hal_adc.o
HAL_ADC_Stop_DMA                                  build/stm32f0xx_hal_adc.o
HAL_ADC_Stop_IT                                   build/stm32f0xx_hal_adc.o
HAL_DBGMCU_DisableDBGStandbyMode                  build/stm32f0xx_hal.o
HAL_DBGMCU_DisableDBGStopMode                     build/stm32f0xx_hal.o
HAL_DBGMCU_EnableDBGStandbyMode                   build/stm32f0xx_hal.o
HAL_DBGMCU_EnableDBGStopMode                      build/stm32f0xx_hal.o
HAL_DMA_Abort                                     build/stm32f0xx_hal_dma.o
                                                  build/stm32f0xx_hal_adc.o
                                                  build/stm32f0xx_hal_tim.o
HAL_DMA_Abort_IT                                  build/stm32f0xx_hal_dma.o
                                                  build/stm32f0xx_hal_i2c.o
HAL_DMA_DeInit                                    build/stm32f0xx_hal_dma.o
                                                  build/adc.o
HAL_DMA_GetError                                  build/stm32f0xx_hal_dma.o
HAL_DMA_GetState                                  build/stm32f0xx_hal_dma.o
HAL_DMA_IRQHandler                                build/stm32f0xx_hal_dma.o
                                                  build/stm32f0xx_it.o
HAL_DMA_Init                                      build/stm32f0xx_hal_dma.o
                                                  build/adc.o
HAL_DMA_PollForTransfer                           build/stm32f0xx_hal_dma.o
HAL_DMA_RegisterCallback                          build/stm32f0xx_hal_dma.o
HAL_DMA_Start                                     build/stm32f0xx_hal_dma.o
HAL_DMA_Start_IT                                  build/stm32f0xx_hal_dma.o
                                                  build/stm32f0xx_hal_i2c.o
                                                  build/stm32f0xx_hal_tim_ex.o
                                                  build/stm32f0xx_hal_adc.o
                                                  build/stm32f0xx_hal_tim.o
HAL_DMA_UnRegisterCallback                        build/stm32f0xx_hal_dma.o
HAL_DeInit                                        build/stm32f0xx_hal.o
HAL_Delay                                         build/stm32f0xx_hal.o
                                                  build/mcu.o
HAL_FLASHEx_Erase                                 build/stm32f0xx_hal_flash_ex.o
HAL_FLASHEx_Erase_IT                              build/stm32f0xx_hal_flash_ex.o
HAL_FLASHEx_OBErase                               build/stm32f0xx_hal_flash_ex.o
HAL_FLASHEx_OBGetConfig                           build/stm32f0xx_hal_flash_ex.o
HAL_FLASHEx_OBGetUserData                         build/stm32f0xx_hal_flash_ex.o
HAL_FLASHEx_OBProgram                             build/stm32f0xx_hal_flash_ex.o
HAL_FLASH_EndOfOperationCallback                  build/stm32f0xx_hal_flash.o
HAL_FLASH_GetError                                build/stm32f0xx_hal_flash.o
HAL_FLASH_IRQHandler                              build/stm32f0xx_hal_flash.o
HAL_FLASH_Lock                                    build/stm32f0xx_hal_flash.o
HAL_FLASH_OB_Launch                               build/stm32f0xx_hal_flash.o
HAL_FLASH_OB_Lock                                 build/stm32f0xx_hal_flash.o
HAL_FLASH_OB_Unlock                               build/stm32f0xx_hal_flash.o
HAL_FLASH_OperationErrorCallback                  build/stm32f0xx_hal_flash.o
HAL_FLASH_Program                                 build/stm32f0xx_hal_flash.o
HAL_FLASH_Program_IT                              build/stm32f0xx_hal_flash.o
HAL_FLASH_Unlock                                  build/stm32f0xx_hal_flash.o
HAL_GPIO_DeInit                                   build/stm32f0xx_hal_gpio.o
                                                  build/adc.o
HAL_GPIO_EXTI_Callback                            build/fans.o
HAL_GPIO_EXTI_IRQHandler                          build/stm32f0xx_hal_gpio.o
                                                  build/stm32f0xx_it.o
HAL_GPIO_Init                                     build/stm32f0xx_hal_gpio.o
                                                  build/stm32f0xx_hal_rcc.o
                                                  build/adc.o
                                                  build/gpio.o
                                                  build/tim.o
HAL_GPIO_LockPin                                  build/stm32f0xx_hal_gpio.o
HAL_GPIO_ReadPin                                  build/stm32f0xx_hal_gpio.o
HAL_GPIO_TogglePin                                build/stm32f0xx_hal_gpio.o
                                                  build/leds.o
HAL_GPIO_WritePin                                 build/stm32f0xx_hal_gpio.o
                                                  build/gpio.o
                                                  build/fans.o
HAL_GetDEVID                                      build/stm32f0xx_hal.o
HAL_GetHalVersion                                 build/stm32f0xx_hal.o
HAL_GetREVID                                      build/stm32f0xx_hal.o
HAL_GetTick                                       build/stm32f0xx_hal.o
                                                  build/stm32f0xx_hal_flash.o
                                                  build/stm32f0xx_hal_rcc.o
                                                  build/stm32f0xx_hal_i2c.o
                                                  build/stm32f0xx_hal_dma.o
                                                  build/stm32f0xx_hal_adc_ex.o
                                                  build/stm32f0xx_hal_adc.o
                                                  build/stm32f0xx_hal_rcc_ex.o
HAL_GetUIDw0                                      build/stm32f0xx_hal.o
HAL_GetUIDw1                                      build/stm32f0xx_hal.o
HAL_GetUIDw2                                      build/stm32f0xx_hal.o
HAL_I2CEx_ConfigAnalogFilter                      build/stm32f0xx_hal_i2c_ex.o
HAL_I2CEx_ConfigDigitalFilter                     build/stm32f0xx_hal_i2c_ex.o
HAL_I2CEx_DisableFastModePlus                     build/stm32f0xx_hal_i2c_ex.o
HAL_I2CEx_DisableWakeUp                           build/stm32f0xx_hal_i2c_ex.o
HAL_I2CEx_EnableFastModePlus                      build/stm32f0xx_hal_i2c_ex.o
HAL_I2CEx_EnableWakeUp                            build/stm32f0xx_hal_i2c_ex.o
HAL_I2C_AbortCpltCallback                         build/stm32f0xx_hal_i2c.o
HAL_I2C_AddrCallback                              build/stm32f0xx_hal_i2c.o
HAL_I2C_DeInit                                    build/stm32f0xx_hal_i2c.o
HAL_I2C_DisableListen_IT                          build/stm32f0xx_hal_i2c.o
HAL_I2C_ER_IRQHandler                             build/stm32f0xx_hal_i2c.o
HAL_I2C_EV_IRQHandler                             build/stm32f0xx_hal_i2c.o
HAL_I2C_EnableListen_IT                           build/stm32f0xx_hal_i2c.o
HAL_I2C_ErrorCallback                             build/stm32f0xx_hal_i2c.o
HAL_I2C_GetError                                  build/stm32f0xx_hal_i2c.o
HAL_I2C_GetMode                                   build/stm32f0xx_hal_i2c.o
HAL_I2C_GetState                                  build/stm32f0xx_hal_i2c.o
HAL_I2C_Init                                      build/stm32f0xx_hal_i2c.o
HAL_I2C_IsDeviceReady                             build/stm32f0xx_hal_i2c.o
HAL_I2C_ListenCpltCallback                        build/stm32f0xx_hal_i2c.o
HAL_I2C_MasterRxCpltCallback                      build/stm32f0xx_hal_i2c.o
HAL_I2C_MasterTxCpltCallback                      build/stm32f0xx_hal_i2c.o
HAL_I2C_Master_Abort_IT                           build/stm32f0xx_hal_i2c.o
HAL_I2C_Master_Receive                            build/stm32f0xx_hal_i2c.o
HAL_I2C_Master_Receive_DMA                        build/stm32f0xx_hal_i2c.o
HAL_I2C_Master_Receive_IT                         build/stm32f0xx_hal_i2c.o
HAL_I2C_Master_Sequential_Receive_IT              build/stm32f0xx_hal_i2c.o
HAL_I2C_Master_Sequential_Transmit_IT             build/stm32f0xx_hal_i2c.o
HAL_I2C_Master_Transmit                           build/stm32f0xx_hal_i2c.o
HAL_I2C_Master_Transmit_DMA                       build/stm32f0xx_hal_i2c.o
HAL_I2C_Master_Transmit_IT                        build/stm32f0xx_hal_i2c.o
HAL_I2C_MemRxCpltCallback                         build/stm32f0xx_hal_i2c.o
HAL_I2C_MemTxCpltCallback                         build/stm32f0xx_hal_i2c.o
HAL_I2C_Mem_Read                                  build/stm32f0xx_hal_i2c.o
HAL_I2C_Mem_Read_DMA                              build/stm32f0xx_hal_i2c.o
HAL_I2C_Mem_Read_IT                               build/stm32f0xx_hal_i2c.o
HAL_I2C_Mem_Write                                 build/stm32f0xx_hal_i2c.o
HAL_I2C_Mem_Write_DMA                             build/stm32f0xx_hal_i2c.o
HAL_I2C_Mem_Write_IT                              build/stm32f0xx_hal_i2c.o
HAL_I2C_MspDeInit                                 build/stm32f0xx_hal_i2c.o
HAL_I2C_MspInit                                   build/stm32f0xx_hal_i2c.o
HAL_I2C_SlaveRxCpltCallback                       build/stm32f0xx_hal_i2c.o
HAL_I2C_SlaveTxCpltCallback                       build/stm32f0xx_hal_i2c.o
HAL_I2C_Slave_Receive                             build/stm32f0xx_hal_i2c.o
HAL_I2C_Slave_Receive_DMA                         build/stm32f0xx_hal_i2c.o
HAL_I2C_Slave_Receive_IT                          build/stm32f0xx_hal_i2c.o
HAL_I2C_Slave_Sequential_Receive_IT               build/stm32f0xx_hal_i2c.o
HAL_I2C_Slave_Sequential_Transmit_IT              build/stm32f0xx_hal_i2c.o
HAL_I2C_Slave_Transmit                            build/stm32f0xx_hal_i2c.o
HAL_I2C_Slave_Transmit_DMA                        build/stm32f0xx_hal_i2c.o
HAL_I2C_Slave_Transmit_IT                         build/stm32f0xx_hal_i2c.o
HAL_IncTick                                       build/stm32f0xx_hal.o
                                                  build/stm32f0xx_it.o
HAL_Init                                          build/stm32f0xx_hal.o
                                                  build/mcu.o
HAL_InitTick                                      build/stm32f0xx_hal.o
                                                  build/stm32f0xx_hal_rcc.o
HAL_MspDeInit                                     build/stm32f0xx_hal.o
HAL_MspInit                                       build/stm32f0xx_hal_msp.o
HAL_NVIC_ClearPendingIRQ                          build/stm32f0xx_hal_cortex.o
HAL_NVIC_DisableIRQ                               build/stm32f0xx_hal_cortex.o
                                                  build/adc.o
HAL_NVIC_EnableIRQ                                build/stm32f0xx_hal_cortex.o
                                                  build/adc.o
                                                  build/dma.o
                                                  build/gpio.o
HAL_NVIC_GetPendingIRQ                            build/stm32f0xx_hal_cortex.o
HAL_NVIC_GetPriority                              build/stm32f0xx_hal_cortex.o
HAL_NVIC_SetPendingIRQ                            build/stm32f0xx_hal_cortex.o
HAL_NVIC_SetPriority                              build/stm32f0xx_hal_cortex.o
                                                  build/stm32f0xx_hal.o
                                                  build/adc.o
                                                  build/dma.o
                                                  build/gpio.o
                                                  build/stm32f0xx_hal_msp.o
                                                  build/mcu.o
HAL_NVIC_SystemReset                              build/stm32f0xx_hal_cortex.o
HAL_PWREx_DisableVddio2Monitor                    build/stm32f0xx_hal_pwr_ex.o
HAL_PWREx_EnableVddio2Monitor                     build/stm32f0xx_hal_pwr_ex.o
HAL_PWREx_Vddio2MonitorCallback                   build/stm32f0xx_hal_pwr_ex.o
HAL_PWREx_Vddio2Monitor_IRQHandler                build/stm32f0xx_hal_pwr_ex.o
HAL_PWR_ConfigPVD                                 build/stm32f0xx_hal_pwr_ex.o
HAL_PWR_DeInit                                    build/stm32f0xx_hal_pwr.o
HAL_PWR_DisableBkUpAccess                         build/stm32f0xx_hal_pwr.o
HAL_PWR_DisablePVD                                build/stm32f0xx_hal_pwr_ex.o
HAL_PWR_DisableSEVOnPend                          build/stm32f0xx_hal_pwr.o
HAL_PWR_DisableSleepOnExit                        build/stm32f0xx_hal_pwr.o
HAL_PWR_DisableWakeUpPin                          build/stm32f0xx_hal_pwr.o
HAL_PWR_EnableBkUpAccess                          build/stm32f0xx_hal_pwr.o
HAL_PWR_EnablePVD                                 build/stm32f0xx_hal_pwr_ex.o
HAL_PWR_EnableSEVOnPend                           build/stm32f0xx_hal_pwr.o
HAL_PWR_EnableSleepOnExit                         build/stm32f0xx_hal_pwr.o
HAL_PWR_EnableWakeUpPin                           build/stm32f0xx_hal_pwr.o
HAL_PWR_EnterSLEEPMode                            build/stm32f0xx_hal_pwr.o
HAL_PWR_EnterSTANDBYMode                          build/stm32f0xx_hal_pwr.o
HAL_PWR_EnterSTOPMode                             build/stm32f0xx_hal_pwr.o
HAL_PWR_PVDCallback                               build/stm32f0xx_hal_pwr_ex.o
HAL_PWR_PVD_IRQHandler                            build/stm32f0xx_hal_pwr_ex.o
HAL_RCCEx_CRSConfig                               build/stm32f0xx_hal_rcc_ex.o
HAL_RCCEx_CRSGetSynchronizationInfo               build/stm32f0xx_hal_rcc_ex.o
HAL_RCCEx_CRSSoftwareSynchronizationGenerate      build/stm32f0xx_hal_rcc_ex.o
HAL_RCCEx_CRSWaitSynchronization                  build/stm32f0xx_hal_rcc_ex.o
HAL_RCCEx_CRS_ErrorCallback                       build/stm32f0xx_hal_rcc_ex.o
HAL_RCCEx_CRS_ExpectedSyncCallback                build/stm32f0xx_hal_rcc_ex.o
HAL_RCCEx_CRS_IRQHandler                          build/stm32f0xx_hal_rcc_ex.o
HAL_RCCEx_CRS_SyncOkCallback                      build/stm32f0xx_hal_rcc_ex.o
HAL_RCCEx_CRS_SyncWarnCallback                    build/stm32f0xx_hal_rcc_ex.o
HAL_RCCEx_GetPeriphCLKConfig                      build/stm32f0xx_hal_rcc_ex.o
HAL_RCCEx_GetPeriphCLKFreq                        build/stm32f0xx_hal_rcc_ex.o
HAL_RCCEx_PeriphCLKConfig                         build/stm32f0xx_hal_rcc_ex.o
HAL_RCC_CSSCallback                               build/stm32f0xx_hal_rcc.o
HAL_RCC_ClockConfig                               build/stm32f0xx_hal_rcc.o
                                                  build/mcu.o
HAL_RCC_DeInit                                    build/stm32f0xx_hal_rcc.o
HAL_RCC_DisableCSS                                build/stm32f0xx_hal_rcc.o
HAL_RCC_EnableCSS                                 build/stm32f0xx_hal_rcc.o
HAL_RCC_GetClockConfig                            build/stm32f0xx_hal_rcc.o
HAL_RCC_GetHCLKFreq                               build/stm32f0xx_hal_rcc.o
                                                  build/stm32f0xx_hal.o
                                                  build/mcu.o
HAL_RCC_GetOscConfig                              build/stm32f0xx_hal_rcc.o
HAL_RCC_GetPCLK1Freq                              build/stm32f0xx_hal_rcc.o
                                                  build/stm32f0xx_hal_rcc_ex.o
HAL_RCC_GetSysClockFreq                           build/stm32f0xx_hal_rcc.o
                                                  build/stm32f0xx_hal_rcc_ex.o
HAL_RCC_MCOConfig                                 build/stm32f0xx_hal_rcc.o
HAL_RCC_NMI_IRQHandler                            build/stm32f0xx_hal_rcc.o
HAL_RCC_OscConfig                                 build/stm32f0xx_hal_rcc.o
                                                  build/mcu.o
HAL_ResumeTick                                    build/stm32f0xx_hal.o
HAL_SYSTICK_CLKSourceConfig                       build/stm32f0xx_hal_cortex.o
                                                  build/mcu.o
HAL_SYSTICK_Callback                              build/stm32f0xx_hal_cortex.o
HAL_SYSTICK_Config                                build/stm32f0xx_hal_cortex.o
                                                  build/stm32f0xx_hal.o
                                                  build/mcu.o
HAL_SYSTICK_IRQHandler                            build/stm32f0xx_hal_cortex.o
                                                  build/stm32f0xx_it.o
HAL_SuspendTick                                   build/stm32f0xx_hal.o
HAL_TIMEx_BreakCallback                           build/stm32f0xx_hal_tim_ex.o
                                                  build/stm32f0xx_hal_tim.o
HAL_TIMEx_CommutationCallback                     build/stm32f0xx_hal_tim_ex.o
                                                  build/stm32f0xx_hal_tim.o
HAL_TIMEx_ConfigBreakDeadTime                     build/stm32f0xx_hal_tim_ex.o
                                                  build/tim.o
HAL_TIMEx_ConfigCommutationEvent                  build/stm32f0xx_hal_tim_ex.o
HAL_TIMEx_ConfigCommutationEvent_DMA              build/stm32f0xx_hal_tim_ex.o
HAL_TIMEx_ConfigCommutationEvent_IT               build/stm32f0xx_hal_tim_ex.o
HAL_TIMEx_HallSensor_DeInit                       build/stm32f0xx_hal_tim_ex.o
HAL_TIMEx_HallSensor_GetState                     build/stm32f0xx_hal_tim_ex.o
HAL_TIMEx_HallSensor_Init                         build/stm32f0xx_hal_tim_ex.o
HAL_TIMEx_HallSensor_MspDeInit                    build/stm32f0xx_hal_tim_ex.o
HAL_TIMEx_HallSensor_MspInit                      build/stm32f0xx_hal_tim_ex.o
HAL_TIMEx_HallSensor_Start                        build/stm32f0xx_hal_tim_ex.o
HAL_TIMEx_HallSensor_Start_DMA                    build/stm32f0xx_hal_tim_ex.o
HAL_TIMEx_HallSensor_Start_IT                     build/stm32f0xx_hal_tim_ex.o
HAL_TIMEx_HallSensor_Stop                         build/stm32f0xx_hal_tim_ex.o
HAL_TIMEx_HallSensor_Stop_DMA                     build/stm32f0xx_hal_tim_ex.o
HAL_TIMEx_HallSensor_Stop_IT                      build/stm32f0xx_hal_tim_ex.o
HAL_TIMEx_MasterConfigSynchronization             build/stm32f0xx_hal_tim_ex.o
                                                  build/tim.o
HAL_TIMEx_OCN_Start                               build/stm32f0xx_hal_tim_ex.o
HAL_TIMEx_OCN_Start_DMA                           build/stm32f0xx_hal_tim_ex.o
HAL_TIMEx_OCN_Start_IT                            build/stm32f0xx_hal_tim_ex.o
HAL_TIMEx_OCN_Stop                                build/stm32f0xx_hal_tim_ex.o
HAL_TIMEx_OCN_Stop_DMA                            build/stm32f0xx_hal_tim_ex.o
HAL_TIMEx_OCN_Stop_IT                             build/stm32f0xx_hal_tim_ex.o
HAL_TIMEx_OnePulseN_Start                         build/stm32f0xx_hal_tim_ex.o
HAL_TIMEx_OnePulseN_Start_IT                      build/stm32f0xx_hal_tim_ex.o
HAL_TIMEx_OnePulseN_Stop                          build/stm32f0xx_hal_tim_ex.o
HAL_TIMEx_OnePulseN_Stop_IT                       build/stm32f0xx_hal_tim_ex.o
HAL_TIMEx_PWMN_Start                              build/stm32f0xx_hal_tim_ex.o
HAL_TIMEx_PWMN_Start_DMA                          build/stm32f0xx_hal_tim_ex.o
HAL_TIMEx_PWMN_Start_IT                           build/stm32f0xx_hal_tim_ex.o
HAL_TIMEx_PWMN_Stop                               build/stm32f0xx_hal_tim_ex.o
HAL_TIMEx_PWMN_Stop_DMA                           build/stm32f0xx_hal_tim_ex.o
HAL_TIMEx_PWMN_Stop_IT                            build/stm32f0xx_hal_tim_ex.o
HAL_TIMEx_RemapConfig                             build/stm32f0xx_hal_tim_ex.o
HAL_TIM_Base_DeInit                               build/stm32f0xx_hal_tim.o
HAL_TIM_Base_GetState                             build/stm32f0xx_hal_tim.o
HAL_TIM_Base_Init                                 build/stm32f0xx_hal_tim.o
HAL_TIM_Base_MspDeInit                            build/stm32f0xx_hal_tim.o
HAL_TIM_Base_MspInit                              build/stm32f0xx_hal_tim.o
HAL_TIM_Base_Start                                build/stm32f0xx_hal_tim.o
HAL_TIM_Base_Start_DMA                            build/stm32f0xx_hal_tim.o
HAL_TIM_Base_Start_IT                             build/stm32f0xx_hal_tim.o
HAL_TIM_Base_Stop                                 build/stm32f0xx_hal_tim.o
HAL_TIM_Base_Stop_DMA                             build/stm32f0xx_hal_tim.o
HAL_TIM_Base_Stop_IT                              build/stm32f0xx_hal_tim.o
HAL_TIM_ConfigClockSource                         build/stm32f0xx_hal_tim.o
HAL_TIM_ConfigOCrefClear                          build/stm32f0xx_hal_tim_ex.o
                                                  build/stm32f0xx_hal_tim.o
HAL_TIM_ConfigTI1Input                            build/stm32f0xx_hal_tim.o
HAL_TIM_DMABurst_MultiReadStart                   build/stm32f0xx_hal_tim.o
HAL_TIM_DMABurst_MultiWriteStart                  build/stm32f0xx_hal_tim.o
HAL_TIM_DMABurst_ReadStart                        build/stm32f0xx_hal_tim.o
HAL_TIM_DMABurst_ReadStop                         build/stm32f0xx_hal_tim.o
HAL_TIM_DMABurst_WriteStart                       build/stm32f0xx_hal_tim.o
HAL_TIM_DMABurst_WriteStop                        build/stm32f0xx_hal_tim.o
HAL_TIM_Encoder_DeInit                            build/stm32f0xx_hal_tim.o
HAL_TIM_Encoder_GetState                          build/stm32f0xx_hal_tim.o
HAL_TIM_Encoder_Init                              build/stm32f0xx_hal_tim.o
HAL_TIM_Encoder_MspDeInit                         build/stm32f0xx_hal_tim.o
HAL_TIM_Encoder_MspInit                           build/stm32f0xx_hal_tim.o
HAL_TIM_Encoder_Start                             build/stm32f0xx_hal_tim.o
HAL_TIM_Encoder_Start_DMA                         build/stm32f0xx_hal_tim.o
HAL_TIM_Encoder_Start_IT                          build/stm32f0xx_hal_tim.o
HAL_TIM_Encoder_Stop                              build/stm32f0xx_hal_tim.o
HAL_TIM_Encoder_Stop_DMA                          build/stm32f0xx_hal_tim.o
HAL_TIM_Encoder_Stop_IT                           build/stm32f0xx_hal_tim.o
HAL_TIM_ErrorCallback                             build/stm32f0xx_hal_tim.o
HAL_TIM_GenerateEvent                             build/stm32f0xx_hal_tim.o
HAL_TIM_IC_CaptureCallback                        build/stm32f0xx_hal_tim.o
HAL_TIM_IC_ConfigChannel                          build/stm32f0xx_hal_tim.o
HAL_TIM_IC_DeInit                                 build/stm32f0xx_hal_tim.o
HAL_TIM_IC_GetState                               build/stm32f0xx_hal_tim.o
HAL_TIM_IC_Init                                   build/stm32f0xx_hal_tim.o
HAL_TIM_IC_MspDeInit                              build/stm32f0xx_hal_tim.o
HAL_TIM_IC_MspInit                                build/stm32f0xx_hal_tim.o
HAL_TIM_IC_Start                                  build/stm32f0xx_hal_tim.o
HAL_TIM_IC_Start_DMA                              build/stm32f0xx_hal_tim.o
HAL_TIM_IC_Start_IT                               build/stm32f0xx_hal_tim.o
HAL_TIM_IC_Stop                                   build/stm32f0xx_hal_tim.o
HAL_TIM_IC_Stop_DMA                               build/stm32f0xx_hal_tim.o
HAL_TIM_IC_Stop_IT                                build/stm32f0xx_hal_tim.o
HAL_TIM_IRQHandler                                build/stm32f0xx_hal_tim.o
HAL_TIM_MspPostInit                               build/tim.o
HAL_TIM_OC_ConfigChannel                          build/stm32f0xx_hal_tim.o
HAL_TIM_OC_DeInit                                 build/stm32f0xx_hal_tim.o
HAL_TIM_OC_DelayElapsedCallback                   build/stm32f0xx_hal_tim.o
HAL_TIM_OC_GetState                               build/stm32f0xx_hal_tim.o
HAL_TIM_OC_Init                                   build/stm32f0xx_hal_tim.o
HAL_TIM_OC_MspDeInit                              build/stm32f0xx_hal_tim.o
HAL_TIM_OC_MspInit                                build/stm32f0xx_hal_tim.o
HAL_TIM_OC_Start                                  build/stm32f0xx_hal_tim.o
HAL_TIM_OC_Start_DMA                              build/stm32f0xx_hal_tim.o
HAL_TIM_OC_Start_IT                               build/stm32f0xx_hal_tim.o
HAL_TIM_OC_Stop                                   build/stm32f0xx_hal_tim.o
HAL_TIM_OC_Stop_DMA                               build/stm32f0xx_hal_tim.o
HAL_TIM_OC_Stop_IT                                build/stm32f0xx_hal_tim.o
HAL_TIM_OnePulse_ConfigChannel                    build/stm32f0xx_hal_tim.o
HAL_TIM_OnePulse_DeInit                           build/stm32f0xx_hal_tim.o
HAL_TIM_OnePulse_GetState                         build/stm32f0xx_hal_tim.o
HAL_TIM_OnePulse_Init                             build/stm32f0xx_hal_tim.o
HAL_TIM_OnePulse_MspDeInit                        build/stm32f0xx_hal_tim.o
HAL_TIM_OnePulse_MspInit                          build/stm32f0xx_hal_tim.o
HAL_TIM_OnePulse_Start                            build/stm32f0xx_hal_tim.o
HAL_TIM_OnePulse_Start_IT                         build/stm32f0xx_hal_tim.o
HAL_TIM_OnePulse_Stop                             build/stm32f0xx_hal_tim.o
HAL_TIM_OnePulse_Stop_IT                          build/stm32f0xx_hal_tim.o
HAL_TIM_PWM_ConfigChannel                         build/stm32f0xx_hal_tim.o
                                                  build/tim.o
HAL_TIM_PWM_DeInit                                build/stm32f0xx_hal_tim.o
HAL_TIM_PWM_GetState                              build/stm32f0xx_hal_tim.o
HAL_TIM_PWM_Init                                  build/stm32f0xx_hal_tim.o
                                                  build/tim.o
HAL_TIM_PWM_MspDeInit                             build/tim.o
HAL_TIM_PWM_MspInit                               build/tim.o
HAL_TIM_PWM_PulseFinishedCallback                 build/stm32f0xx_hal_tim.o
HAL_TIM_PWM_Start                                 build/stm32f0xx_hal_tim.o
                                                  build/fans.o
HAL_TIM_PWM_Start_DMA                             build/stm32f0xx_hal_tim.o
HAL_TIM_PWM_Start_IT                              build/stm32f0xx_hal_tim.o
HAL_TIM_PWM_Stop                                  build/stm32f0xx_hal_tim.o
HAL_TIM_PWM_Stop_DMA                              build/stm32f0xx_hal_tim.o
HAL_TIM_PWM_Stop_IT                               build/stm32f0xx_hal_tim.o
HAL_TIM_PeriodElapsedCallback                     build/stm32f0xx_hal_tim.o
HAL_TIM_ReadCapturedValue                         build/stm32f0xx_hal_tim.o
HAL_TIM_SlaveConfigSynchronization                build/stm32f0xx_hal_tim.o
HAL_TIM_SlaveConfigSynchronization_IT             build/stm32f0xx_hal_tim.o
HAL_TIM_TriggerCallback                           build/stm32f0xx_hal_tim.o
HardFault_Handler                                 build/stm32f0xx_it.o
I2C1_IRQHandler                                   build/startup_stm32f072xb.o
I2C2_IRQHandler                                   build/startup_stm32f072xb.o
MX_ADC_Init                                       build/adc.o
                                                  build/sensors.o
MX_DMA_Init                                       build/dma.o
                                                  build/sensors.o
MX_GPIO_Init                                      build/gpio.o
                                                  build/mcu.o
MX_TIM1_Init                                      build/tim.o
                                                  build/fans.o
NMI_Handler                                       build/stm32f0xx_it.o
PVD_VDDIO2_IRQHandler                             build/startup_stm32f072xb.o
PendSV_Handler                                    build/stm32f0xx_it.o
RCC_CRS_IRQHandler                                build/startup_stm32f072xb.o
RTC_IRQHandler                                    build/startup_stm32f072xb.o
Reset_Handler                                     build/startup_stm32f072xb.o
SPI1_IRQHandler                                   build/startup_stm32f072xb.o
SPI2_IRQHandler                                   build/startup_stm32f072xb.o
SVC_Handler                                       build/stm32f0xx_it.o
SysTick_Handler                                   build/stm32f0xx_it.o
SystemCoreClock                                   build/system_stm32f0xx.o
                                                  build/stm32f0xx_hal_rcc.o
                                                  build/stm32f0xx_hal_adc.o
SystemCoreClockUpdate                             build/system_stm32f0xx.o
SystemInit                                        build/system_stm32f0xx.o
                                                  build/startup_stm32f072xb.o
TIM14_IRQHandler                                  build/startup_stm32f072xb.o
TIM15_IRQHandler                                  build/startup_stm32f072xb.o
TIM16_IRQHandler                                  build/startup_stm32f072xb.o
TIM17_IRQHandler                                  build/startup_stm32f072xb.o
TIM1_BRK_UP_TRG_COM_IRQHandler                    build/startup_stm32f072xb.o
TIM1_CC_IRQHandler                                build/startup_stm32f072xb.o
TIM2_IRQHandler                                   build/startup_stm32f072xb.o
TIM3_IRQHandler                                   build/startup_stm32f072xb.o
TIM6_DAC_IRQHandler                               build/startup_stm32f072xb.o
TIM7_IRQHandler                                   build/startup_stm32f072xb.o
TIMEx_DMACommutationCplt                          build/stm32f0xx_hal_tim_ex.o
                                                  build/stm32f0xx_hal_tim.o
TIM_Base_SetConfig                                build/stm32f0xx_hal_tim.o
                                                  build/stm32f0xx_hal_tim_ex.o
TIM_CCxChannelCmd                                 build/stm32f0xx_hal_tim.o
                                                  build/stm32f0xx_hal_tim_ex.o
TIM_DMACaptureCplt                                build/stm32f0xx_hal_tim.o
                                                  build/stm32f0xx_hal_tim_ex.o
TIM_DMADelayPulseCplt                             build/stm32f0xx_hal_tim.o
                                                  build/stm32f0xx_hal_tim_ex.o
TIM_DMAError                                      build/stm32f0xx_hal_tim.o
                                                  build/stm32f0xx_hal_tim_ex.o
TIM_ETR_SetConfig                                 build/stm32f0xx_hal_tim.o
                                                  build/stm32f0xx_hal_tim_ex.o
TIM_OC2_SetConfig                                 build/stm32f0xx_hal_tim.o
                                                  build/stm32f0xx_hal_tim_ex.o
TIM_TI1_SetConfig                                 build/stm32f0xx_hal_tim.o
                                                  build/stm32f0xx_hal_tim_ex.o
TSC_IRQHandler                                    build/startup_stm32f072xb.o
USART1_IRQHandler                                 build/startup_stm32f072xb.o
USART2_IRQHandler                                 build/startup_stm32f072xb.o
USART3_4_IRQHandler                               build/startup_stm32f072xb.o
USB_IRQHandler                                    build/startup_stm32f072xb.o
WWDG_IRQHandler                                   build/startup_stm32f072xb.o
_Error_Handler                                    build/mcu.o
                                                  build/adc.o
                                                  build/tim.o
__aeabi_idiv0                                     /home/lhaug/Applications/gcc-arm-none-eabi-7-2018-q2-update/bin/../lib/gcc/arm-none-eabi/7.3.1/thumb/v6-m/libgcc.a(_dvmd_tls.o)
                                                  /home/lhaug/Applications/gcc-arm-none-eabi-7-2018-q2-update/bin/../lib/gcc/arm-none-eabi/7.3.1/thumb/v6-m/libgcc.a(_udivsi3.o)
__aeabi_ldiv0                                     /home/lhaug/Applications/gcc-arm-none-eabi-7-2018-q2-update/bin/../lib/gcc/arm-none-eabi/7.3.1/thumb/v6-m/libgcc.a(_dvmd_tls.o)
__aeabi_uidiv                                     /home/lhaug/Applications/gcc-arm-none-eabi-7-2018-q2-update/bin/../lib/gcc/arm-none-eabi/7.3.1/thumb/v6-m/libgcc.a(_udivsi3.o)
                                                  build/stm32f0xx_hal_rcc.o
                                                  build/stm32f0xx_hal_dma.o
                                                  build/stm32f0xx_hal_adc.o
                                                  build/stm32f0xx_hal.o
                                                  build/stm32f0xx_hal_rcc_ex.o
                                                  build/system_stm32f0xx.o
                                                  build/mcu.o
__aeabi_uidivmod                                  /home/lhaug/Applications/gcc-arm-none-eabi-7-2018-q2-update/bin/../lib/gcc/arm-none-eabi/7.3.1/thumb/v6-m/libgcc.a(_udivsi3.o)
__bss_end__                                       /home/lhaug/Applications/gcc-arm-none-eabi-7-2018-q2-update/bin/../lib/gcc/arm-none-eabi/7.3.1/../../../../arm-none-eabi/lib/thumb/v6-m/crt0.o
__bss_start__                                     /home/lhaug/Applications/gcc-arm-none-eabi-7-2018-q2-update/bin/../lib/gcc/arm-none-eabi/7.3.1/../../../../arm-none-eabi/lib/thumb/v6-m/crt0.o
__call_exitprocs                                  /home/lhaug/Applications/gcc-arm-none-eabi-7-2018-q2-update/bin/../lib/gcc/arm-none-eabi/7.3.1/../../../../arm-none-eabi/lib/thumb/v6-m/libc_nano.a(lib_a-exit.o)
__deregister_frame_info                           /home/lhaug/Applications/gcc-arm-none-eabi-7-2018-q2-update/bin/../lib/gcc/arm-none-eabi/7.3.1/thumb/v6-m/crtbegin.o
__dso_handle                                      /home/lhaug/Applications/gcc-arm-none-eabi-7-2018-q2-update/bin/../lib/gcc/arm-none-eabi/7.3.1/thumb/v6-m/crtbegin.o
__init_array_end                                  /home/lhaug/Applications/gcc-arm-none-eabi-7-2018-q2-update/bin/../lib/gcc/arm-none-eabi/7.3.1/../../../../arm-none-eabi/lib/thumb/v6-m/libc_nano.a(lib_a-init.o)
__init_array_start                                /home/lhaug/Applications/gcc-arm-none-eabi-7-2018-q2-update/bin/../lib/gcc/arm-none-eabi/7.3.1/../../../../arm-none-eabi/lib/thumb/v6-m/libc_nano.a(lib_a-init.o)
__libc_fini_array                                 /home/lhaug/Applications/gcc-arm-none-eabi-7-2018-q2-update/bin/../lib/gcc/arm-none-eabi/7.3.1/../../../../arm-none-eabi/lib/thumb/v6-m/crt0.o
__libc_init_array                                 /home/lhaug/Applications/gcc-arm-none-eabi-7-2018-q2-update/bin/../lib/gcc/arm-none-eabi/7.3.1/../../../../arm-none-eabi/lib/thumb/v6-m/libc_nano.a(lib_a-init.o)
                                                  build/startup_stm32f072xb.o
                                                  /home/lhaug/Applications/gcc-arm-none-eabi-7-2018-q2-update/bin/../lib/gcc/arm-none-eabi/7.3.1/../../../../arm-none-eabi/lib/thumb/v6-m/crt0.o
__preinit_array_end                               /home/lhaug/Applications/gcc-arm-none-eabi-7-2018-q2-update/bin/../lib/gcc/arm-none-eabi/7.3.1/../../../../arm-none-eabi/lib/thumb/v6-m/libc_nano.a(lib_a-init.o)
__preinit_array_start                             /home/lhaug/Applications/gcc-arm-none-eabi-7-2018-q2-update/bin/../lib/gcc/arm-none-eabi/7.3.1/../../../../arm-none-eabi/lib/thumb/v6-m/libc_nano.a(lib_a-init.o)
__register_frame_info                             /home/lhaug/Applications/gcc-arm-none-eabi-7-2018-q2-update/bin/../lib/gcc/arm-none-eabi/7.3.1/thumb/v6-m/crtbegin.o
__sf_fake_stderr                                  /home/lhaug/Applications/gcc-arm-none-eabi-7-2018-q2-update/bin/../lib/gcc/arm-none-eabi/7.3.1/../../../../arm-none-eabi/lib/thumb/v6-m/libc_nano.a(lib_a-impure.o)
__sf_fake_stdin                                   /home/lhaug/Applications/gcc-arm-none-eabi-7-2018-q2-update/bin/../lib/gcc/arm-none-eabi/7.3.1/../../../../arm-none-eabi/lib/thumb/v6-m/libc_nano.a(lib_a-impure.o)
__sf_fake_stdout                                  /home/lhaug/Applications/gcc-arm-none-eabi-7-2018-q2-update/bin/../lib/gcc/arm-none-eabi/7.3.1/../../../../arm-none-eabi/lib/thumb/v6-m/libc_nano.a(lib_a-impure.o)
__stack                                           /home/lhaug/Applications/gcc-arm-none-eabi-7-2018-q2-update/bin/../lib/gcc/arm-none-eabi/7.3.1/../../../../arm-none-eabi/lib/thumb/v6-m/crt0.o
__udivsi3                                         /home/lhaug/Applications/gcc-arm-none-eabi-7-2018-q2-update/bin/../lib/gcc/arm-none-eabi/7.3.1/thumb/v6-m/libgcc.a(_udivsi3.o)
_ebss                                             build/startup_stm32f072xb.o
_edata                                            build/startup_stm32f072xb.o
_estack                                           build/startup_stm32f072xb.o
_exit                                             /home/lhaug/Applications/gcc-arm-none-eabi-7-2018-q2-update/bin/../lib/gcc/arm-none-eabi/7.3.1/../../../../arm-none-eabi/lib/thumb/v6-m/libnosys.a(_exit.o)
                                                  /home/lhaug/Applications/gcc-arm-none-eabi-7-2018-q2-update/bin/../lib/gcc/arm-none-eabi/7.3.1/../../../../arm-none-eabi/lib/thumb/v6-m/libc_nano.a(lib_a-exit.o)
_fini                                             /home/lhaug/Applications/gcc-arm-none-eabi-7-2018-q2-update/bin/../lib/gcc/arm-none-eabi/7.3.1/thumb/v6-m/crti.o
_global_impure_ptr                                /home/lhaug/Applications/gcc-arm-none-eabi-7-2018-q2-update/bin/../lib/gcc/arm-none-eabi/7.3.1/../../../../arm-none-eabi/lib/thumb/v6-m/libc_nano.a(lib_a-impure.o)
                                                  /home/lhaug/Applications/gcc-arm-none-eabi-7-2018-q2-update/bin/../lib/gcc/arm-none-eabi/7.3.1/../../../../arm-none-eabi/lib/thumb/v6-m/libc_nano.a(lib_a-exit.o)
_impure_ptr                                       /home/lhaug/Applications/gcc-arm-none-eabi-7-2018-q2-update/bin/../lib/gcc/arm-none-eabi/7.3.1/../../../../arm-none-eabi/lib/thumb/v6-m/libc_nano.a(lib_a-impure.o)
_init                                             /home/lhaug/Applications/gcc-arm-none-eabi-7-2018-q2-update/bin/../lib/gcc/arm-none-eabi/7.3.1/thumb/v6-m/crti.o
                                                  /home/lhaug/Applications/gcc-arm-none-eabi-7-2018-q2-update/bin/../lib/gcc/arm-none-eabi/7.3.1/../../../../arm-none-eabi/lib/thumb/v6-m/libc_nano.a(lib_a-init.o)
_mainCRTStartup                                   /home/lhaug/Applications/gcc-arm-none-eabi-7-2018-q2-update/bin/../lib/gcc/arm-none-eabi/7.3.1/../../../../arm-none-eabi/lib/thumb/v6-m/crt0.o
_sbss                                             build/startup_stm32f072xb.o
_sdata                                            build/startup_stm32f072xb.o
_sidata                                           build/startup_stm32f072xb.o
_start                                            /home/lhaug/Applications/gcc-arm-none-eabi-7-2018-q2-update/bin/../lib/gcc/arm-none-eabi/7.3.1/../../../../arm-none-eabi/lib/thumb/v6-m/crt0.o
adc_buffer                                        build/sensors.o
atexit                                            /home/lhaug/Applications/gcc-arm-none-eabi-7-2018-q2-update/bin/../lib/gcc/arm-none-eabi/7.3.1/../../../../arm-none-eabi/lib/thumb/v6-m/crt0.o
exit                                              /home/lhaug/Applications/gcc-arm-none-eabi-7-2018-q2-update/bin/../lib/gcc/arm-none-eabi/7.3.1/../../../../arm-none-eabi/lib/thumb/v6-m/libc_nano.a(lib_a-exit.o)
                                                  /home/lhaug/Applications/gcc-arm-none-eabi-7-2018-q2-update/bin/../lib/gcc/arm-none-eabi/7.3.1/../../../../arm-none-eabi/lib/thumb/v6-m/crt0.o
fan_on                                            build/fans.o
fan_speed                                         build/fans.o
fans_init                                         build/fans.o
                                                  build/mcu.o
g_pfnVectors                                      build/startup_stm32f072xb.o
hadc                                              build/adc.o
                                                  build/stm32f0xx_it.o
                                                  build/sensors.o
hardware_init_hook                                /home/lhaug/Applications/gcc-arm-none-eabi-7-2018-q2-update/bin/../lib/gcc/arm-none-eabi/7.3.1/../../../../arm-none-eabi/lib/thumb/v6-m/crt0.o
hdma_adc                                          build/adc.o
                                                  build/stm32f0xx_it.o
htim1                                             build/tim.o
                                                  build/fans.o
led_toggle                                        build/leds.o
                                                  build/main.o
main                                              build/main.o
                                                  build/startup_stm32f072xb.o
                                                  /home/lhaug/Applications/gcc-arm-none-eabi-7-2018-q2-update/bin/../lib/gcc/arm-none-eabi/7.3.1/../../../../arm-none-eabi/lib/thumb/v6-m/crt0.o
mcu_init                                          build/mcu.o
                                                  build/main.o
mcu_sleep                                         build/mcu.o
                                                  build/main.o
memset                                            /home/lhaug/Applications/gcc-arm-none-eabi-7-2018-q2-update/bin/../lib/gcc/arm-none-eabi/7.3.1/../../../../arm-none-eabi/lib/thumb/v6-m/libc_nano.a(lib_a-memset.o)
                                                  build/sensors.o
                                                  /home/lhaug/Applications/gcc-arm-none-eabi-7-2018-q2-update/bin/../lib/gcc/arm-none-eabi/7.3.1/../../../../arm-none-eabi/lib/thumb/v6-m/crt0.o
pFlash                                            build/stm32f0xx_hal_flash.o
                                                  build/stm32f0xx_hal_flash_ex.o
sensors_init                                      build/sensors.o
                                                  build/mcu.o
software_init_hook                                /home/lhaug/Applications/gcc-arm-none-eabi-7-2018-q2-update/bin/../lib/gcc/arm-none-eabi/7.3.1/../../../../arm-none-eabi/lib/thumb/v6-m/crt0.o
temperature                                       build/sensors.o
uwTick                                            build/stm32f0xx_hal.o